Microchip MPLAB XC8 Compiler V1.45 ()

Linker command line:

-W-3 --edf=/opt/microchip/xc8/v1.45/dat/en_msgs.txt -cs \
  -h+dist/default/production/ImmortalOS.X.production.sym \
  --cmf=dist/default/production/ImmortalOS.X.production.cmf -z -Q18F4520 \
  -o/tmp/xcXPnss8f -Mdist/default/production/ImmortalOS.X.production.map \
  -E1 -ver=XC8 -ASTACK=0494h-05ffh -pstack=STACK -ACODE=00h-07FFFh \
  -ACONST=00h-07FFFh -ASMALLCONST=0600h-06FFhx122 \
  -AMEDIUMCONST=0600h-07FFFh -ACOMRAM=01h-07Fh -AABS1=00h-05FFh \
  -ABIGRAM=01h-05FFh -ARAM=080h-0FFh,0100h-01FFhx5 -ABANK0=080h-0FFh \
  -ABANK1=0100h-01FFh -ABANK2=0200h-02FFh -ABANK3=0300h-03FFh \
  -ABANK4=0400h-04FFh -ABANK5=0500h-05FFh -ASFR=0F80h-0FFFh \
  -preset_vec=00h,intcode=08h,intcodelo,powerup,init -pramtop=0600h \
  -psmallconst=SMALLCONST -pmediumconst=MEDIUMCONST -pconst=CONST \
  -AFARRAM=00h-00h -ACONFIG=0300000h-030000Dh -pconfig=CONFIG \
  -AIDLOC=0200000h-0200007h -pidloc=IDLOC -AEEDATA=0F00000h-0F000FFh \
  -peeprom_data=EEDATA \
  -prdata=COMRAM,nvrram=COMRAM,nvbit=COMRAM,rbss=COMRAM,rbit=COMRAM \
  -pfarbss=FARRAM,fardata=FARRAM,nvFARRAM=FARRAM \
  -pintsave_regs=BIGRAM,bigbss=BIGRAM,bigdata=BIGRAM -pbss=RAM \
  -pidata=CODE,irdata=CODE,ibigdata=CODE,ifardata=CODE -prparam=COMRAM \
  /tmp/xcX1rFEUB.obj dist/default/production/ImmortalOS.X.production.obj 

Object code version is 3.11

Machine type is 18F4520

Call graph: (short form)




                Name                               Link     Load   Length Selector   Space Scale
/tmp/xcX1rFEUB.obj
                init                                  E        E        4        4       0
                reset_vec                             0        0        4        0       0
                idloc                            200000   200000        8   200000       0
                config                           300000   300000        E   300000       0
dist/default/production/ImmortalOS.X.production.obj
                intcode                               8        8        6        4       0
                temp                                 41       41        1        1       1
                text20                             10C4     10C4       42        4       0
                text19                             1272     1272       26        4       0
                text18                              F0C      F0C       60        4       0
                text17                              62E      62E      5D0        4       0
                intcode_body                        BFE      BFE      192        4       0
                text15                             1298     1298       22        4       0
                text14                             11BA     11BA       32        4       0
                text13                             11EC     11EC       30        4       0
                text12                             1074     1074       50        4       0
                text11                             121C     121C       2E        4       0
                text10                              E42      E42       66        4       0
                text9                                12       12      61C        4       0
                text8                              1146     1146       40        4       0
                text7                              1106     1106       40        4       0
                text6                               D90      D90       B2        4       0
                text5                              1022     1022       52        4       0
                text4                              124A     124A       28        4       0
                text3                               F6C      F6C       5E        4       0
                text2                              1186     1186       34        4       0
                text1                              12BA     12BA        4        4       0
                text0                               EA8      EA8       64        4       0
                cstackCOMRAM                          1        1       26        1       1
                cstackBANK0                          80       80       1D       80       1
                cstackBANK1                         100      100       6E      100       1
                cstackBANK2                         200      200       6E      200       1
                bssBIGRAM                           26E      26E      226      26E       1
                bssBANK1                            16E      16E        4      100       1
                bssBANK0                             9D       9D       10       80       1
                dataCOMRAM                           3F       3F        2        1       1
                bssCOMRAM                            27       27       18        1       1
                cinit                               FCA      FCA       58        4       0
                idataCOMRAM                        12BE     12BE        2        4       0

TOTAL           Name                               Link     Load   Length     Space
        CLASS   STACK          

        CLASS   CODE           
                intcode                               8        8        6         0
                init                                  E        E        4         0
                reset_vec                             0        0        4         0
                text20                             10C4     10C4       42         0
                text19                             1272     1272       26         0
                text18                              F0C      F0C       60         0
                text17                              62E      62E      5D0         0
                intcode_body                        BFE      BFE      192         0
                text15                             1298     1298       22         0
                text14                             11BA     11BA       32         0
                text13                             11EC     11EC       30         0
                text12                             1074     1074       50         0
                text11                             121C     121C       2E         0
                text10                              E42      E42       66         0
                text9                                12       12      61C         0
                text8                              1146     1146       40         0
                text7                              1106     1106       40         0
                text6                               D90      D90       B2         0
                text5                              1022     1022       52         0
                text4                              124A     124A       28         0
                text3                               F6C      F6C       5E         0
                text2                              1186     1186       34         0
                text1                              12BA     12BA        4         0
                text0                               EA8      EA8       64         0
                cinit                               FCA      FCA       58         0
                idataCOMRAM                        12BE     12BE        2         0

        CLASS   CONST          

        CLASS   SMALLCONST     

        CLASS   MEDIUMCONST    

        CLASS   COMRAM         
                temp                                 41       41        1         1
                cstackCOMRAM                          1        1       26         1
                dataCOMRAM                           3F       3F        2         1
                bssCOMRAM                            27       27       18         1

        CLASS   ABS1           

        CLASS   BIGRAM         
                bssBIGRAM                           26E      26E      226         1

        CLASS   RAM            

        CLASS   BANK0          
                cstackBANK0                          80       80       1D         1
                bssBANK0                             9D       9D       10         1

        CLASS   BANK1          
                cstackBANK1                         100      100       6E         1
                bssBANK1                            16E      16E        4         1

        CLASS   BANK2          
                cstackBANK2                         200      200       6E         1

        CLASS   BANK3          

        CLASS   BANK4          

        CLASS   BANK5          

        CLASS   SFR            

        CLASS   FARRAM         

        CLASS   CONFIG         
                config                           300000   300000        E         0

        CLASS   IDLOC          
                idloc                            200000   200000        8         0

        CLASS   EEDATA         



SEGMENTS        Name                           Load    Length   Top    Selector   Space  Class

                reset_vec                      000000  000004  000004         0       0  CODE    
                cstackCOMRAM                   000001  000041  000042         1       1  COMRAM  
                intcode                        000008  0012B8  0012C0         4       0  CODE    
                cstackBANK0                    000080  00002D  0000AD        80       1  BANK0   
                cstackBANK1                    000100  000072  000172       100       1  BANK1   
                cstackBANK2                    000200  00006E  00026E       200       1  BANK2   
                bssBIGRAM                      00026E  000226  000494       26E       1  BIGRAM  
                idloc                          200000  000008  200008    200000       0  IDLOC   
                config                         300000  00000E  30000E    300000       0  CONFIG  


UNUSED ADDRESS RANGES

        Name                Unused          Largest block    Delta
        BANK0            0000AD-0000FF               53
        BANK1            000172-0001FF               8E
        BANK4            000494-0004FF               6C
        BANK5            000500-0005FF              100
        BIGRAM           000042-00007F               3E
                         0000AD-0000FF               53
                         000172-0001FF               8E
                         000494-0005FF              16C
        CODE             000004-000007                4
                         0012C0-007FFF             6D40
        COMRAM           000042-00007F               3E
        CONST            000004-000007                4
                         0012C0-007FFF             6D40
        EEDATA           F00000-F000FF              100
        MEDIUMCONST      0012C0-007FFF             6D40
        RAM              0000AD-0000FF               53
                         000172-0001FF               8E
                         000494-0005FF               6C
        SFR              000F80-000FFF               80
        SMALLCONST       0012C0-007FFF              100
        STACK            000494-0005FF              16C

                                  Symbol Table

?___lwmod                       cstackBANK1  000151
?___wmul                        cstackBANK1  000162
?_rr_scheduler                  cstackBANK1  000155
?i1___wmul                      cstackBANK1  000151
?i2___lwmod                     cstackCOMRAM 000001
?i2___wmul                      cstackCOMRAM 000001
?i2_rr_scheduler                cstackCOMRAM 000007
_BSR                            (abs)        000FE0
_F_APTOS                        bssBIGRAM    00026E
_INTCONbits                     (abs)        000FF2
_PORTDbits                      (abs)        000F83
_STATUS                         (abs)        000FD8
_STKPTR                         (abs)        000FFC
_T0CONbits                      (abs)        000FD5
_TMR0L                          (abs)        000FD6
_TOS                            (abs)        000FFD
_TOSH                           (abs)        000FFE
_TOSL                           (abs)        000FFD
_TOSU                           (abs)        000FFF
_TRISDbits                      (abs)        000F95
_WREG                           (abs)        000FE8
__HRAM                          (abs)        000000
__Habs1                         abs1         000000
__Hbank0                        bank0        000000
__Hbank1                        bank1        000000
__Hbank2                        bank2        000000
__Hbank3                        bank3        000000
__Hbank4                        bank4        000000
__Hbank5                        bank5        000000
__Hbigbss                       bigbss       000000
__Hbigdata                      bigdata      000000
__Hbigram                       bigram       000000
__Hbss                          bss          000000
__HbssBANK0                     bssBANK0     000000
__HbssBANK1                     bssBANK1     000000
__HbssBIGRAM                    bssBIGRAM    000000
__HbssCOMRAM                    bssCOMRAM    000000
__Hcinit                        cinit        000000
__Hclrtext                      clrtext      000000
__Hcomram                       comram       000000
__Hconfig                       config       30000E
__Hconst                        const        000000
__HcstackBANK0                  cstackBANK0  000000
__HcstackBANK1                  cstackBANK1  000000
__HcstackBANK2                  cstackBANK2  000000
__HcstackCOMRAM                 cstackCOMRAM 000000
__Hdata                         data         000000
__HdataCOMRAM                   dataCOMRAM   000000
__Heeprom_data                  eeprom_data  000000
__Hfarbss                       farbss       000000
__Hfardata                      fardata      000000
__Hibigdata                     ibigdata     000000
__Hidata                        idata        000000
__HidataCOMRAM                  idataCOMRAM  000000
__Hidloc                        idloc        200008
__Hifardata                     ifardata     000000
__Hinit                         init         000012
__Hintcode                      intcode      00000E
__Hintcode_body                 intcode_body 000000
__Hintcodelo                    intcodelo    00000E
__Hintentry                     intentry     000000
__Hintret                       intret       000000
__Hintsave_regs                 intsave_regs 000000
__Hirdata                       irdata       000000
__Hmediumconst                  mediumconst  000000
__HnvFARRAM                     nvFARRAM     000000
__Hnvbit                        nvbit        000000
__Hnvrram                       nvrram       000000
__Hparam                        rparam       000000
__Hpowerup                      powerup      00000E
__Hram                          ram          000000
__Hramtop                       ramtop       000600
__Hrbit                         rbit         000000
__Hrbss                         rbss         000000
__Hrdata                        rdata        000000
__Hreset_vec                    reset_vec    000004
__Hrparam                       rparam       000000
__Hsfr                          sfr          000000
__Hsmallconst                   smallconst   000000
__Hspace_0                      (abs)        30000E
__Hspace_1                      (abs)        000494
__Hspace_2                      (abs)        000000
__Hstack                        stack        000000
__Hstruct                       struct       000000
__Htemp                         temp         000042
__Htext                         text         000000
__Htext0                        text0        000000
__Htext1                        text1        000000
__Htext10                       text10       000000
__Htext11                       text11       000000
__Htext12                       text12       000000
__Htext13                       text13       000000
__Htext14                       text14       000000
__Htext15                       text15       000000
__Htext17                       text17       000000
__Htext18                       text18       000000
__Htext19                       text19       000000
__Htext2                        text2        000000
__Htext20                       text20       000000
__Htext21                       text21       000000
__Htext3                        text3        000000
__Htext4                        text4        000000
__Htext5                        text5        000000
__Htext6                        text6        000000
__Htext7                        text7        000000
__Htext8                        text8        000000
__Htext9                        text9        000000
__LRAM                          (abs)        000001
__Labs1                         abs1         000000
__Lbank0                        bank0        000000
__Lbank1                        bank1        000000
__Lbank2                        bank2        000000
__Lbank3                        bank3        000000
__Lbank4                        bank4        000000
__Lbank5                        bank5        000000
__Lbigbss                       bigbss       000000
__Lbigdata                      bigdata      000000
__Lbigram                       bigram       000000
__Lbss                          bss          000000
__LbssBANK0                     bssBANK0     000000
__LbssBANK1                     bssBANK1     000000
__LbssBIGRAM                    bssBIGRAM    000000
__LbssCOMRAM                    bssCOMRAM    000000
__Lcinit                        cinit        000000
__Lclrtext                      clrtext      000000
__Lcomram                       comram       000000
__Lconfig                       config       300000
__Lconst                        const        000000
__LcstackBANK0                  cstackBANK0  000000
__LcstackBANK1                  cstackBANK1  000000
__LcstackBANK2                  cstackBANK2  000000
__LcstackCOMRAM                 cstackCOMRAM 000000
__Ldata                         data         000000
__LdataCOMRAM                   dataCOMRAM   000000
__Leeprom_data                  eeprom_data  000000
__Lfarbss                       farbss       000000
__Lfardata                      fardata      000000
__Libigdata                     ibigdata     000000
__Lidata                        idata        000000
__LidataCOMRAM                  idataCOMRAM  000000
__Lidloc                        idloc        200000
__Lifardata                     ifardata     000000
__Linit                         init         00000E
__Lintcode                      intcode      000008
__Lintcode_body                 intcode_body 000000
__Lintcodelo                    intcodelo    00000E
__Lintentry                     intentry     000000
__Lintret                       intret       000000
__Lintsave_regs                 intsave_regs 000000
__Lirdata                       irdata       000000
__Lmediumconst                  mediumconst  000000
__LnvFARRAM                     nvFARRAM     000000
__Lnvbit                        nvbit        000000
__Lnvrram                       nvrram       000000
__Lparam                        rparam       000000
__Lpowerup                      powerup      00000E
__Lram                          ram          000000
__Lramtop                       ramtop       000600
__Lrbit                         rbit         000000
__Lrbss                         rbss         000000
__Lrdata                        rdata        000000
__Lreset_vec                    reset_vec    000000
__Lrparam                       rparam       000000
__Lsfr                          sfr          000000
__Lsmallconst                   smallconst   000000
__Lspace_0                      (abs)        000000
__Lspace_1                      (abs)        000000
__Lspace_2                      (abs)        000000
__Lstack                        stack        000000
__Lstruct                       struct       000000
__Ltemp                         temp         000041
__Ltext                         text         000000
__Ltext0                        text0        000000
__Ltext1                        text1        000000
__Ltext10                       text10       000000
__Ltext11                       text11       000000
__Ltext12                       text12       000000
__Ltext13                       text13       000000
__Ltext14                       text14       000000
__Ltext15                       text15       000000
__Ltext17                       text17       000000
__Ltext18                       text18       000000
__Ltext19                       text19       000000
__Ltext2                        text2        000000
__Ltext20                       text20       000000
__Ltext21                       text21       000000
__Ltext3                        text3        000000
__Ltext4                        text4        000000
__Ltext5                        text5        000000
__Ltext6                        text6        000000
__Ltext7                        text7        000000
__Ltext8                        text8        000000
__Ltext9                        text9        000000
__S0                            (abs)        30000E
__S1                            (abs)        000494
__S2                            (abs)        000000
___inthi_sp                     stack        000000
___intlo_sp                     stack        000000
___lwmod                        text12       001074
___lwmod@counter                cstackBANK0  00009B
___lwmod@dividend               cstackBANK1  000151
___lwmod@divisor                cstackBANK1  000153
___param_bank                   (abs)        000000
___rparam_used                  (abs)        000001
___sp                           stack        000000
___wmul                         text4        00124A
___wmul@multiplicand            cstackBANK1  000164
___wmul@multiplier              cstackBANK1  000162
___wmul@product                 cstackBANK1  000166
__accesstop                     (abs)        000080
__activetblptr                  (abs)        000000
__end_of___lwmod                text12       0010C4
__end_of___wmul                 text4        001272
__end_of__initialization        cinit        001018
__end_of_create_task            text3        000FCA
__end_of_delay                  text8        001186
__end_of_dispatcher             text9        00062E
__end_of_int_high               intcode_body 000D90
__end_of_main                   text0        000F0C
__end_of_rr_scheduler           text10       000EA8
__end_of_sem_init               text7        001146
__end_of_sem_wait               text6        000E42
__end_of_setupOS                text2        0011BA
__end_of_start_os               text1        0012BE
__end_of_task_idle              text15       0012BA
__end_of_task_one               text5        001074
__end_of_task_thre              text14       0011EC
__end_of_task_two               text13       00121C
__end_ofi1___wmul               text11       00124A
__end_ofi2___lwmod              text20       001106
__end_ofi2___wmul               text19       001298
__end_ofi2_dispatcher           text17       000BFE
__end_ofi2_rr_scheduler         text18       000F6C
__initialization                cinit        000FCA
__mediumconst                   mediumconst  000000
__pbssBANK0                     bssBANK0     00009D
__pbssBANK1                     bssBANK1     00016E
__pbssBIGRAM                    bssBIGRAM    00026E
__pbssCOMRAM                    bssCOMRAM    000027
__pcinit                        cinit        000FCA
__pcstackBANK0                  cstackBANK0  000080
__pcstackBANK1                  cstackBANK1  000100
__pcstackBANK2                  cstackBANK2  000200
__pcstackCOMRAM                 cstackCOMRAM 000001
__pdataCOMRAM                   dataCOMRAM   00003F
__pidataCOMRAM                  idataCOMRAM  0012BE
__pintcode                      intcode      000008
__pintcode_body                 intcode_body 000BFE
__ptext0                        text0        000EA8
__ptext1                        text1        0012BA
__ptext10                       text10       000E42
__ptext11                       text11       00121C
__ptext12                       text12       001074
__ptext13                       text13       0011EC
__ptext14                       text14       0011BA
__ptext15                       text15       001298
__ptext17                       text17       00062E
__ptext18                       text18       000F0C
__ptext19                       text19       001272
__ptext2                        text2        001186
__ptext20                       text20       0010C4
__ptext21                       text21       000000
__ptext3                        text3        000F6C
__ptext4                        text4        00124A
__ptext5                        text5        001022
__ptext6                        text6        000D90
__ptext7                        text7        001106
__ptext8                        text8        001146
__ptext9                        text9        000012
__ramtop                        ramtop       000600
__size_of___lwmod               (abs)        000000
__size_of___wmul                (abs)        000000
__size_of_create_task           (abs)        000000
__size_of_delay                 (abs)        000000
__size_of_dispatcher            (abs)        000000
__size_of_int_high              (abs)        000000
__size_of_main                  (abs)        000000
__size_of_rr_scheduler          (abs)        000000
__size_of_sem_init              (abs)        000000
__size_of_sem_wait              (abs)        000000
__size_of_setupOS               (abs)        000000
__size_of_start_os              (abs)        000000
__size_of_task_idle             (abs)        000000
__size_of_task_one              (abs)        000000
__size_of_task_thre             (abs)        000000
__size_of_task_two              (abs)        000000
__size_ofi1___wmul              (abs)        000000
__size_ofi2___lwmod             (abs)        000000
__size_ofi2___wmul              (abs)        000000
__size_ofi2_dispatcher          (abs)        000000
__size_ofi2_rr_scheduler        (abs)        000000
__smallconst                    smallconst   000000
_create_task                    text3        000F6C
_delay                          text8        001146
_dispatcher                     text9        000012
_dispatcher$1301                cstackBANK1  00015D
_int_high                       intcode      000008
_main                           text0        000EA8
_msg                            bssCOMRAM    000027
_quantum                        dataCOMRAM   00003F
_rr_scheduler                   text10       000E42
_s                              bssBANK0     00009D
_sem_init                       text7        001106
_sem_wait                       text6        000D90
_setupOS                        text2        001186
_start_os                       text1        0012BA
_task_idle                      text15       001298
_task_one                       text5        001022
_task_running                   bssBANK1     00016E
_task_thre                      text14       0011BA
_task_two                       text13       0011EC
_tasks_installed                bssBANK1     000170
btemp                           temp         000041
create_task@id                  cstackBANK1  000168
create_task@prior               cstackBANK1  00016A
create_task@task                cstackBANK2  000200
create_task@task_f              cstackBANK1  00016C
delay@time_ms                   cstackBANK1  00015F
dispatcher@state                cstackBANK1  00015C
end_of_initialization           cinit        001018
i1___wmul                       text11       00121C
i1___wmul@multiplicand          cstackBANK1  000153
i1___wmul@multiplier            cstackBANK1  000151
i1___wmul@product               cstackBANK0  00009B
i2___lwmod                      text20       0010C4
i2___lwmod@counter              cstackCOMRAM 000005
i2___lwmod@dividend             cstackCOMRAM 000001
i2___lwmod@divisor              cstackCOMRAM 000003
i2___wmul                       text19       001272
i2___wmul@multiplicand          cstackCOMRAM 000003
i2___wmul@multiplier            cstackCOMRAM 000001
i2___wmul@product               cstackCOMRAM 000005
i2_dispatcher                   text17       00062E
i2_dispatcher$1302              cstackCOMRAM 00000F
i2_rr_scheduler                 text18       000F0C
i2dispatcher@state              cstackCOMRAM 00000E
i2rr_scheduler@next_task_to_run cstackCOMRAM 00000A
int$flags                       temp         000041
int_func                        intcode_body 000BFE
int_high@i                      cstackCOMRAM 000025
intlevel0                       text         000000
intlevel1                       text         000000
intlevel2                       text         000000
intlevel3                       text         000000
rr_scheduler@next_task_to_run   cstackBANK1  000158
sem_init@s                      cstackBANK0  00008F
sem_init@value                  cstackBANK0  000091
sem_wait@s                      cstackBANK0  000091
stackhi                         (abs)        0005FF
stacklo                         (abs)        000494
start                           init         00000E
start_initialization            cinit        000FCA
wtemp6                          temp         000042


FUNCTION INFORMATION:

 *************** function _main *****************
 Defined at:
		line 12 in file "main.c"
 Parameters:    Size  Location     Type
		None
 Auto vars:     Size  Location     Type
		None
 Return value:  Size  Location     Type
                  1    wreg      void 
 Registers used:
		wreg, fsr1l, fsr1h, fsr2l, fsr2h, status,2, status,0, prodl, prodh, cstack
 Tracked objects:
		On entry : 
		On exit  : 
		Unchanged: 
 Data sizes:     COMRAM   BANK0   BANK1   BANK2   BANK3   BANK4   BANK5
      Params:         0       0       0       0       0       0       0
      Locals:         0       0       0       0       0       0       0
      Temps:          0       0       0       0       0       0       0
      Totals:         0       0       0       0       0       0       0
Total ram usage:        0 bytes
 Hardware stack levels required when called:   12
 This function calls:
		_create_task
		_setupOS
		_start_os
 This function is called by:
		Startup code after reset
 This function uses a non-reentrant model


 *************** function _start_os *****************
 Defined at:
		line 119 in file "kernel.c"
 Parameters:    Size  Location     Type
		None
 Auto vars:     Size  Location     Type
		None
 Return value:  Size  Location     Type
                  1    wreg      void 
 Registers used:
		None
 Tracked objects:
		On entry : 
		On exit  : 
		Unchanged: 
 Data sizes:     COMRAM   BANK0   BANK1   BANK2   BANK3   BANK4   BANK5
      Params:         0       0       0       0       0       0       0
      Locals:         0       0       0       0       0       0       0
      Temps:          0       0       0       0       0       0       0
      Totals:         0       0       0       0       0       0       0
Total ram usage:        0 bytes
 Hardware stack levels used:    1
 Hardware stack levels required when called:    9
 This function calls:
		Nothing
 This function is called by:
		_main
 This function uses a non-reentrant model


 *************** function _setupOS *****************
 Defined at:
		line 73 in file "kernel.c"
 Parameters:    Size  Location     Type
		None
 Auto vars:     Size  Location     Type
		None
 Return value:  Size  Location     Type
                  1    wreg      void 
 Registers used:
		wreg, fsr1l, fsr1h, fsr2l, fsr2h, status,2, status,0, prodl, prodh, cstack
 Tracked objects:
		On entry : 
		On exit  : 
		Unchanged: 
 Data sizes:     COMRAM   BANK0   BANK1   BANK2   BANK3   BANK4   BANK5
      Params:         0       0       0       0       0       0       0
      Locals:         0       0       0       0       0       0       0
      Temps:          0       0       0       0       0       0       0
      Totals:         0       0       0       0       0       0       0
Total ram usage:        0 bytes
 Hardware stack levels used:    1
 Hardware stack levels required when called:   11
 This function calls:
		_create_task
 This function is called by:
		_main
 This function uses a non-reentrant model


 *************** function _create_task *****************
 Defined at:
		line 17 in file "kernel.c"
 Parameters:    Size  Location     Type
  id              2  104[BANK1 ] unsigned int 
  prior           2  106[BANK1 ] unsigned int 
  task_f          2  108[BANK1 ] PTR FTN()void 
		 -> task_idle(1), task_thre(1), task_two(1), task_one(1), 
 Auto vars:     Size  Location     Type
  task          110    0[BANK2 ] struct tcb
 Return value:  Size  Location     Type
                  1    wreg      void 
 Registers used:
		wreg, fsr1l, fsr1h, fsr2l, fsr2h, status,2, status,0, prodl, prodh, cstack
 Tracked objects:
		On entry : 
		On exit  : 
		Unchanged: 
 Data sizes:     COMRAM   BANK0   BANK1   BANK2   BANK3   BANK4   BANK5
      Params:         0       0       6       0       0       0       0
      Locals:         0       0       0     110       0       0       0
      Temps:          0       0       0       0       0       0       0
      Totals:         0       0       6     110       0       0       0
Total ram usage:      116 bytes
 Hardware stack levels used:    1
 Hardware stack levels required when called:   10
 This function calls:
		___wmul
 This function is called by:
		_main
		_setupOS
 This function uses a non-reentrant model


 *************** function ___wmul *****************
 Defined at:
		line 15 in file "/opt/microchip/xc8/v1.45/sources/common/Umul16.c"
 Parameters:    Size  Location     Type
  multiplier      2   98[BANK1 ] unsigned int 
  multiplicand    2  100[BANK1 ] unsigned int 
 Auto vars:     Size  Location     Type
  product         2  102[BANK1 ] unsigned int 
 Return value:  Size  Location     Type
                  2   98[BANK1 ] unsigned int 
 Registers used:
		wreg, status,2, status,0, prodl, prodh
 Tracked objects:
		On entry : 
		On exit  : 
		Unchanged: 
 Data sizes:     COMRAM   BANK0   BANK1   BANK2   BANK3   BANK4   BANK5
      Params:         0       0       4       0       0       0       0
      Locals:         0       0       2       0       0       0       0
      Temps:          0       0       0       0       0       0       0
      Totals:         0       0       6       0       0       0       0
Total ram usage:        6 bytes
 Hardware stack levels used:    1
 Hardware stack levels required when called:    9
 This function calls:
		Nothing
 This function is called by:
		_create_task
		_get_id
		_prior_scheduler
		_sem_post
		_write_pipe
		_read_pipe
 This function uses a non-reentrant model


 *************** function _task_one *****************
 Defined at:
		line 15 in file "tasks.c"
 Parameters:    Size  Location     Type
		None
 Auto vars:     Size  Location     Type
		None
 Return value:  Size  Location     Type
                  1    wreg      void 
 Registers used:
		wreg, fsr2l, fsr2h, status,2, status,0, prodl, prodh, cstack
 Tracked objects:
		On entry : 
		On exit  : 
		Unchanged: 
 Data sizes:     COMRAM   BANK0   BANK1   BANK2   BANK3   BANK4   BANK5
      Params:         0       0       0       0       0       0       0
      Locals:         0       0       0       0       0       0       0
      Temps:          0       1       0       0       0       0       0
      Totals:         0       1       0       0       0       0       0
Total ram usage:        1 bytes
 Hardware stack levels used:    1
 Hardware stack levels required when called:    8
 This function calls:
		_delay
		_sem_init
		_sem_wait
 This function is called by:
		_main
 This function uses a non-reentrant model


 *************** function _sem_wait *****************
 Defined at:
		line 17 in file "semaphore.c"
 Parameters:    Size  Location     Type
  s               2   17[BANK0 ] PTR struct sem
		 -> s(16), 
 Auto vars:     Size  Location     Type
		None
 Return value:  Size  Location     Type
                  1    wreg      void 
 Registers used:
		wreg, fsr2l, fsr2h, status,2, status,0, prodl, prodh, cstack
 Tracked objects:
		On entry : 
		On exit  : 
		Unchanged: 
 Data sizes:     COMRAM   BANK0   BANK1   BANK2   BANK3   BANK4   BANK5
      Params:         0       2       0       0       0       0       0
      Locals:         0       0       0       0       0       0       0
      Temps:          0       4       0       0       0       0       0
      Totals:         0       6       0       0       0       0       0
Total ram usage:        6 bytes
 Hardware stack levels used:    1
 Hardware stack levels required when called:    7
 This function calls:
		___lwmod
		_dispatcher
 This function is called by:
		_task_one
 This function uses a non-reentrant model


 *************** function _sem_init *****************
 Defined at:
		line 6 in file "semaphore.c"
 Parameters:    Size  Location     Type
  s               2   15[BANK0 ] PTR struct sem
		 -> s(16), 
  value           2   17[BANK0 ] int 
 Auto vars:     Size  Location     Type
		None
 Return value:  Size  Location     Type
                  1    wreg      void 
 Registers used:
		wreg, fsr2l, fsr2h, status,2, status,0
 Tracked objects:
		On entry : 
		On exit  : 
		Unchanged: 
 Data sizes:     COMRAM   BANK0   BANK1   BANK2   BANK3   BANK4   BANK5
      Params:         0       4       0       0       0       0       0
      Locals:         0       0       0       0       0       0       0
      Temps:          0       0       0       0       0       0       0
      Totals:         0       4       0       0       0       0       0
Total ram usage:        4 bytes
 Hardware stack levels used:    1
 Hardware stack levels required when called:    4
 This function calls:
		Nothing
 This function is called by:
		_task_one
 This function uses a non-reentrant model


 *************** function _delay *****************
 Defined at:
		line 52 in file "kernel.c"
 Parameters:    Size  Location     Type
  time_ms         2   95[BANK1 ] unsigned int 
 Auto vars:     Size  Location     Type
		None
 Return value:  Size  Location     Type
                  1    wreg      void 
 Registers used:
		wreg, fsr2l, fsr2h, status,2, status,0, prodl, prodh, cstack
 Tracked objects:
		On entry : 
		On exit  : 
		Unchanged: 
 Data sizes:     COMRAM   BANK0   BANK1   BANK2   BANK3   BANK4   BANK5
      Params:         0       0       2       0       0       0       0
      Locals:         0       0       0       0       0       0       0
      Temps:          0       0       0       0       0       0       0
      Totals:         0       0       2       0       0       0       0
Total ram usage:        2 bytes
 Hardware stack levels used:    1
 Hardware stack levels required when called:    7
 This function calls:
		_dispatcher
		i1___wmul
 This function is called by:
		_task_one
		_task_two
		_task_thre
 This function uses a non-reentrant model


 *************** function _dispatcher *****************
 Defined at:
		line 31 in file "kernel.c"
 Parameters:    Size  Location     Type
  state           1    wreg     enum E3007
 Auto vars:     Size  Location     Type
  state           1   92[BANK1 ] enum E3007
 Return value:  Size  Location     Type
                  1    wreg      void 
 Registers used:
		wreg, fsr2l, fsr2h, status,2, status,0, prodl, prodh, cstack
 Tracked objects:
		On entry : 
		On exit  : 
		Unchanged: 
 Data sizes:     COMRAM   BANK0   BANK1   BANK2   BANK3   BANK4   BANK5
      Params:         0       0       0       0       0       0       0
      Locals:         0       0       3       0       0       0       0
      Temps:          0       0       2       0       0       0       0
      Totals:         0       0       5       0       0       0       0
Total ram usage:        5 bytes
 Hardware stack levels used:    1
 Hardware stack levels required when called:    6
 This function calls:
		_rr_scheduler
		i1___wmul
 This function is called by:
		_delay
		_sem_wait
		_sem_post
		_write_pipe
		_read_pipe
 This function uses a non-reentrant model


 *************** function _rr_scheduler *****************
 Defined at:
		line 12 in file "scheduler.c"
 Parameters:    Size  Location     Type
		None
 Auto vars:     Size  Location     Type
  next_task_to    2   88[BANK1 ] unsigned int 
 Return value:  Size  Location     Type
                  2   85[BANK1 ] unsigned int 
 Registers used:
		wreg, fsr2l, fsr2h, status,2, status,0, prodl, prodh, cstack
 Tracked objects:
		On entry : 
		On exit  : 
		Unchanged: 
 Data sizes:     COMRAM   BANK0   BANK1   BANK2   BANK3   BANK4   BANK5
      Params:         0       0       2       0       0       0       0
      Locals:         0       0       2       0       0       0       0
      Temps:          0       0       1       0       0       0       0
      Totals:         0       0       5       0       0       0       0
Total ram usage:        5 bytes
 Hardware stack levels used:    1
 Hardware stack levels required when called:    5
 This function calls:
		___lwmod
		i1___wmul
 This function is called by:
		_dispatcher
 This function uses a non-reentrant model


 *************** function i1___wmul *****************
 Defined at:
		line 15 in file "/opt/microchip/xc8/v1.45/sources/common/Umul16.c"
 Parameters:    Size  Location     Type
  multiplier      2   81[BANK1 ] unsigned int 
  multiplicand    2   83[BANK1 ] unsigned int 
 Auto vars:     Size  Location     Type
  __wmul          2   27[BANK0 ] unsigned int 
 Return value:  Size  Location     Type
                  2   81[BANK1 ] unsigned int 
 Registers used:
		wreg, status,2, status,0, prodl, prodh
 Tracked objects:
		On entry : 
		On exit  : 
		Unchanged: 
 Data sizes:     COMRAM   BANK0   BANK1   BANK2   BANK3   BANK4   BANK5
      Params:         0       0       4       0       0       0       0
      Locals:         0       2       0       0       0       0       0
      Temps:          0       0       0       0       0       0       0
      Totals:         0       2       4       0       0       0       0
Total ram usage:        6 bytes
 Hardware stack levels used:    1
 Hardware stack levels required when called:    4
 This function calls:
		Nothing
 This function is called by:
		_dispatcher
		_delay
		_rr_scheduler
 This function uses a non-reentrant model


 *************** function ___lwmod *****************
 Defined at:
		line 8 in file "/opt/microchip/xc8/v1.45/sources/common/lwmod.c"
 Parameters:    Size  Location     Type
  dividend        2   81[BANK1 ] unsigned int 
  divisor         2   83[BANK1 ] unsigned int 
 Auto vars:     Size  Location     Type
  counter         1   27[BANK0 ] unsigned char 
 Return value:  Size  Location     Type
                  2   81[BANK1 ] unsigned int 
 Registers used:
		wreg, status,2, status,0
 Tracked objects:
		On entry : 
		On exit  : 
		Unchanged: 
 Data sizes:     COMRAM   BANK0   BANK1   BANK2   BANK3   BANK4   BANK5
      Params:         0       0       4       0       0       0       0
      Locals:         0       1       0       0       0       0       0
      Temps:          0       0       0       0       0       0       0
      Totals:         0       1       4       0       0       0       0
Total ram usage:        5 bytes
 Hardware stack levels used:    1
 Hardware stack levels required when called:    4
 This function calls:
		Nothing
 This function is called by:
		_rr_scheduler
		_sem_wait
		_sem_post
		_write_pipe
		_read_pipe
 This function uses a non-reentrant model


 *************** function _task_two *****************
 Defined at:
		line 30 in file "tasks.c"
 Parameters:    Size  Location     Type
		None
 Auto vars:     Size  Location     Type
		None
 Return value:  Size  Location     Type
                  1    wreg      void 
 Registers used:
		wreg, fsr2l, fsr2h, status,2, status,0, prodl, prodh, cstack
 Tracked objects:
		On entry : 
		On exit  : 
		Unchanged: 
 Data sizes:     COMRAM   BANK0   BANK1   BANK2   BANK3   BANK4   BANK5
      Params:         0       0       0       0       0       0       0
      Locals:         0       0       0       0       0       0       0
      Temps:          0       1       0       0       0       0       0
      Totals:         0       1       0       0       0       0       0
Total ram usage:        1 bytes
 Hardware stack levels used:    1
 Hardware stack levels required when called:    8
 This function calls:
		_delay
 This function is called by:
		_main
 This function uses a non-reentrant model


 *************** function _task_thre *****************
 Defined at:
		line 43 in file "tasks.c"
 Parameters:    Size  Location     Type
		None
 Auto vars:     Size  Location     Type
		None
 Return value:  Size  Location     Type
                  1    wreg      void 
 Registers used:
		wreg, fsr2l, fsr2h, status,2, status,0, prodl, prodh, cstack
 Tracked objects:
		On entry : 
		On exit  : 
		Unchanged: 
 Data sizes:     COMRAM   BANK0   BANK1   BANK2   BANK3   BANK4   BANK5
      Params:         0       0       0       0       0       0       0
      Locals:         0       0       0       0       0       0       0
      Temps:          0       0       1       0       0       0       0
      Totals:         0       0       1       0       0       0       0
Total ram usage:        1 bytes
 Hardware stack levels used:    1
 Hardware stack levels required when called:    8
 This function calls:
		_delay
 This function is called by:
		_main
 This function uses a non-reentrant model


 *************** function _task_idle *****************
 Defined at:
		line 62 in file "kernel.c"
 Parameters:    Size  Location     Type
		None
 Auto vars:     Size  Location     Type
		None
 Return value:  Size  Location     Type
                  1    wreg      void 
 Registers used:
		wreg, status,2, status,0
 Tracked objects:
		On entry : 
		On exit  : 
		Unchanged: 
 Data sizes:     COMRAM   BANK0   BANK1   BANK2   BANK3   BANK4   BANK5
      Params:         0       0       0       0       0       0       0
      Locals:         0       0       0       0       0       0       0
      Temps:          0       1       0       0       0       0       0
      Totals:         0       1       0       0       0       0       0
Total ram usage:        1 bytes
 Hardware stack levels used:    1
 Hardware stack levels required when called:    4
 This function calls:
		Nothing
 This function is called by:
		_setupOS
 This function uses a non-reentrant model


 *************** function _int_high *****************
 Defined at:
		line 94 in file "kernel.c"
 Parameters:    Size  Location     Type
		None
 Auto vars:     Size  Location     Type
  i               2   36[COMRAM] unsigned int 
 Return value:  Size  Location     Type
                  1    wreg      void 
 Registers used:
		wreg, fsr2l, fsr2h, status,2, status,0, prodl, prodh, cstack
 Tracked objects:
		On entry : 
		On exit  : 
		Unchanged: 
 Data sizes:     COMRAM   BANK0   BANK1   BANK2   BANK3   BANK4   BANK5
      Params:         0       0       0       0       0       0       0
      Locals:         2       0       0       0       0       0       0
      Temps:         20       0       0       0       0       0       0
      Totals:        22       0       0       0       0       0       0
Total ram usage:       22 bytes
 Hardware stack levels used:    1
 Hardware stack levels required when called:    3
 This function calls:
		i2___wmul
		i2_dispatcher
 This function is called by:
		Interrupt level 2
 This function uses a non-reentrant model


 *************** function i2_dispatcher *****************
 Defined at:
		line 31 in file "kernel.c"
 Parameters:    Size  Location     Type
  state           1    wreg     enum E3007
 Auto vars:     Size  Location     Type
  state           1   13[COMRAM] enum E3007
 Return value:  Size  Location     Type
                  1    wreg      void 
 Registers used:
		wreg, fsr2l, fsr2h, status,2, status,0, prodl, prodh, cstack
 Tracked objects:
		On entry : 
		On exit  : 
		Unchanged: 
 Data sizes:     COMRAM   BANK0   BANK1   BANK2   BANK3   BANK4   BANK5
      Params:         0       0       0       0       0       0       0
      Locals:         3       0       0       0       0       0       0
      Temps:          2       0       0       0       0       0       0
      Totals:         5       0       0       0       0       0       0
Total ram usage:        5 bytes
 Hardware stack levels used:    1
 Hardware stack levels required when called:    2
 This function calls:
		i2___wmul
		i2_rr_scheduler
 This function is called by:
		_int_high
 This function uses a non-reentrant model


 *************** function i2_rr_scheduler *****************
 Defined at:
		line 12 in file "scheduler.c"
 Parameters:    Size  Location     Type
		None
 Auto vars:     Size  Location     Type
  rr_scheduler    2    9[COMRAM] unsigned int 
 Return value:  Size  Location     Type
                  2    6[COMRAM] unsigned int 
 Registers used:
		wreg, fsr2l, fsr2h, status,2, status,0, prodl, prodh, cstack
 Tracked objects:
		On entry : 
		On exit  : 
		Unchanged: 
 Data sizes:     COMRAM   BANK0   BANK1   BANK2   BANK3   BANK4   BANK5
      Params:         2       0       0       0       0       0       0
      Locals:         2       0       0       0       0       0       0
      Temps:          1       0       0       0       0       0       0
      Totals:         5       0       0       0       0       0       0
Total ram usage:        5 bytes
 Hardware stack levels used:    1
 Hardware stack levels required when called:    1
 This function calls:
		i2___lwmod
		i2___wmul
 This function is called by:
		i2_dispatcher
 This function uses a non-reentrant model


 *************** function i2___wmul *****************
 Defined at:
		line 15 in file "/opt/microchip/xc8/v1.45/sources/common/Umul16.c"
 Parameters:    Size  Location     Type
  multiplier      2    0[COMRAM] unsigned int 
  multiplicand    2    2[COMRAM] unsigned int 
 Auto vars:     Size  Location     Type
  __wmul          2    4[COMRAM] unsigned int 
 Return value:  Size  Location     Type
                  2    0[COMRAM] unsigned int 
 Registers used:
		wreg, status,2, status,0, prodl, prodh
 Tracked objects:
		On entry : 
		On exit  : 
		Unchanged: 
 Data sizes:     COMRAM   BANK0   BANK1   BANK2   BANK3   BANK4   BANK5
      Params:         4       0       0       0       0       0       0
      Locals:         2       0       0       0       0       0       0
      Temps:          0       0       0       0       0       0       0
      Totals:         6       0       0       0       0       0       0
Total ram usage:        6 bytes
 Hardware stack levels used:    1
 This function calls:
		Nothing
 This function is called by:
		_int_high
		i2_dispatcher
		i2_rr_scheduler
 This function uses a non-reentrant model


 *************** function i2___lwmod *****************
 Defined at:
		line 8 in file "/opt/microchip/xc8/v1.45/sources/common/lwmod.c"
 Parameters:    Size  Location     Type
  dividend        2    0[COMRAM] unsigned int 
  divisor         2    2[COMRAM] unsigned int 
 Auto vars:     Size  Location     Type
  __lwmod         1    4[COMRAM] unsigned char 
 Return value:  Size  Location     Type
                  2    0[COMRAM] unsigned int 
 Registers used:
		wreg, status,2, status,0
 Tracked objects:
		On entry : 
		On exit  : 
		Unchanged: 
 Data sizes:     COMRAM   BANK0   BANK1   BANK2   BANK3   BANK4   BANK5
      Params:         4       0       0       0       0       0       0
      Locals:         1       0       0       0       0       0       0
      Temps:          0       0       0       0       0       0       0
      Totals:         5       0       0       0       0       0       0
Total ram usage:        5 bytes
 Hardware stack levels used:    1
 This function calls:
		Nothing
 This function is called by:
		i2_rr_scheduler
 This function uses a non-reentrant model



MODULE INFORMATION

Module		Function		Class		Link	Load	Size
semaphore.c
		_sem_wait      		CODE           	0D90	0000	179
		_sem_init      		CODE           	1106	0000	65

semaphore.c estimated size: 244

/opt/microchip/xc8/v1.45/sources/common/lwmod.c
		___lwmod       		CODE           	1074	0000	81

/opt/microchip/xc8/v1.45/sources/common/lwmod.c estimated size: 81

tasks.c
		_task_thre     		CODE           	11BA	0000	51
		_task_two      		CODE           	11EC	0000	49
		_task_one      		CODE           	1022	0000	83

tasks.c estimated size: 183

kernel.c
		_setupOS       		CODE           	1186	0000	53
		_delay         		CODE           	1146	0000	65
		_create_task   		CODE           	0F6C	0000	95
		_int_high      		CODE           	0008	0000	409
		_dispatcher    		CODE           	0012	0000	1565
		_start_os      		CODE           	12BA	0000	5
		_task_idle     		CODE           	1298	0000	35

kernel.c estimated size: 2227

shared
		i2_dispatcher  		CODE           	062E	0000	1489
		i1___wmul      		CODE           	121C	0000	47
		i2___wmul      		CODE           	1272	0000	39
		i2___lwmod     		CODE           	10C4	0000	67
		__initialization		CODE           	0FCA	0000	79
		i2_rr_scheduler		CODE           	0F0C	0000	97

shared estimated size: 1818

scheduler.c
		_rr_scheduler  		CODE           	0E42	0000	103

scheduler.c estimated size: 103

main.c
		_main          		CODE           	0EA8	0000	101

main.c estimated size: 101

/opt/microchip/xc8/v1.45/sources/common/Umul16.c
		___wmul        		CODE           	124A	0000	41

/opt/microchip/xc8/v1.45/sources/common/Umul16.c estimated size: 41

