Microchip MPLAB XC8 Compiler V1.45 ()

Linker command line:

-W-3 --edf=/opt/microchip/xc8/v1.45/dat/en_msgs.txt -cs \
  -h+dist/default/production/Real-Time-Embedded-Systems-master.production.sym \
  --cmf=dist/default/production/Real-Time-Embedded-Systems-master.production.cmf \
  -z -Q18F4520 -o/tmp/xcXph7Veq \
  -Mdist/default/production/Real-Time-Embedded-Systems-master.production.map \
  -E1 -ver=XC8 -ASTACK=03AAh-05ffh -pstack=STACK -ACODE=00h-07FFFh \
  -ACONST=00h-07FFFh -ASMALLCONST=0600h-06FFhx122 \
  -AMEDIUMCONST=0600h-07FFFh -ACOMRAM=01h-07Fh -AABS1=00h-05FFh \
  -ABIGRAM=01h-05FFh -ARAM=080h-0FFh,0100h-01FFhx5 -ABANK0=080h-0FFh \
  -ABANK1=0100h-01FFh -ABANK2=0200h-02FFh -ABANK3=0300h-03FFh \
  -ABANK4=0400h-04FFh -ABANK5=0500h-05FFh -ASFR=0F80h-0FFFh \
  -preset_vec=00h,intcode=08h,intcodelo,powerup,init -pramtop=0600h \
  -psmallconst=SMALLCONST -pmediumconst=MEDIUMCONST -pconst=CONST \
  -AFARRAM=00h-00h -ACONFIG=0300000h-030000Dh -pconfig=CONFIG \
  -AIDLOC=0200000h-0200007h -pidloc=IDLOC -AEEDATA=0F00000h-0F000FFh \
  -peeprom_data=EEDATA \
  -prdata=COMRAM,nvrram=COMRAM,nvbit=COMRAM,rbss=COMRAM,rbit=COMRAM \
  -pfarbss=FARRAM,fardata=FARRAM,nvFARRAM=FARRAM \
  -pintsave_regs=BIGRAM,bigbss=BIGRAM,bigdata=BIGRAM -pbss=RAM \
  -pidata=CODE,irdata=CODE,ibigdata=CODE,ifardata=CODE -prparam=COMRAM \
  /tmp/xcXgpE1l2.obj \
  dist/default/production/Real-Time-Embedded-Systems-master.production.obj 

Object code version is 3.11

Machine type is 18F4520

Call graph: (short form)




                Name                               Link     Load   Length Selector   Space Scale
/tmp/xcXgpE1l2.obj
                stack                               3AA      3AA      256      3AA       2
                init                                  C        C        8        4       0
                reset_vec                             0        0        4        0       0
                idloc                            200000   200000        8   200000       0
                config                           300000   300000        E   300000       0
dist/default/production/Real-Time-Embedded-Systems-master.production.obj
                intcode                               8        8        4        4       0
                temp                                 61       61        C        1       1
                smallconst                          600      600        4      300       0
                intcode_body                        B44      B44      16C      302       0
                text26                              F48      F48      132      302       0
                text25                             1AAC     1AAC       58      302       0
                text24                             1664     1664       9A      302       0
                text23                              E04      E04      144      302       0
                text22                             1BBC     1BBC       1E      302       0
                text21                             1928     1928       7A      302       0
                text20                             1826     1826       86      302       0
                text19                              CB0      CB0      154      302       0
                text18                             107A     107A      10E      302       0
                text17                             1794     1794       92      302       0
                text16                             1448     1448       BC      302       0
                text15                             1504     1504       B8      302       0
                text14                             1288     1288       E2      302       0
                text13                              604      604      540      302       0
                text12                             1B56     1B56       48      302       0
                text11                             1BDA     1BDA       14      302       0
                text10                             1BEE     1BEE        6      302       0
                text9                              16FE     16FE       96      302       0
                text8                              1A54     1A54       58      302       0
                text7                              15BC     15BC       A8      302       0
                text6                              136A     136A       DE      302       0
                text5                              18AC     18AC       7C      302       0
                text4                              19FC     19FC       58      302       0
                text3                              19A2     19A2       5A      302       0
                text2                              1B9E     1B9E       1E      302       0
                text1                              1BF4     1BF4        4      302       0
                text0                              1188     1188      100      302       0
                cstackCOMRAM                         37       37       2A        1       1
                bssBIGRAM                           1AA      1AA      200      1AA       1
                bssBANK1                            100      100       AA      100       1
                dataCOMRAM                           6D       6D        2        1       1
                bssCOMRAM                             1        1       36        1       1
                cinit                              1B04     1B04       52      302       0
                idataCOMRAM                        1BF8     1BF8        2      302       0

TOTAL           Name                               Link     Load   Length     Space
        CLASS   STACK          
                stack                               3AA      3AA      256         2

        CLASS   CODE           
                intcode                               8        8        4         0
                init                                  C        C        8         0
                reset_vec                             0        0        4         0
                intcode_body                        B44      B44      16C         0
                text26                              F48      F48      132         0
                text25                             1AAC     1AAC       58         0
                text24                             1664     1664       9A         0
                text23                              E04      E04      144         0
                text22                             1BBC     1BBC       1E         0
                text21                             1928     1928       7A         0
                text20                             1826     1826       86         0
                text19                              CB0      CB0      154         0
                text18                             107A     107A      10E         0
                text17                             1794     1794       92         0
                text16                             1448     1448       BC         0
                text15                             1504     1504       B8         0
                text14                             1288     1288       E2         0
                text13                              604      604      540         0
                text12                             1B56     1B56       48         0
                text11                             1BDA     1BDA       14         0
                text10                             1BEE     1BEE        6         0
                text9                              16FE     16FE       96         0
                text8                              1A54     1A54       58         0
                text7                              15BC     15BC       A8         0
                text6                              136A     136A       DE         0
                text5                              18AC     18AC       7C         0
                text4                              19FC     19FC       58         0
                text3                              19A2     19A2       5A         0
                text2                              1B9E     1B9E       1E         0
                text1                              1BF4     1BF4        4         0
                text0                              1188     1188      100         0
                cinit                              1B04     1B04       52         0
                idataCOMRAM                        1BF8     1BF8        2         0

        CLASS   CONST          

        CLASS   SMALLCONST     
                smallconst                          600      600        4         0

        CLASS   MEDIUMCONST    

        CLASS   COMRAM         
                temp                                 61       61        C         1
                cstackCOMRAM                         37       37       2A         1
                dataCOMRAM                           6D       6D        2         1
                bssCOMRAM                             1        1       36         1

        CLASS   ABS1           

        CLASS   BIGRAM         
                bssBIGRAM                           1AA      1AA      200         1

        CLASS   RAM            

        CLASS   BANK0          

        CLASS   BANK1          
                bssBANK1                            100      100       AA         1

        CLASS   BANK2          

        CLASS   BANK3          

        CLASS   BANK4          

        CLASS   BANK5          

        CLASS   SFR            

        CLASS   FARRAM         

        CLASS   CONFIG         
                config                           300000   300000        E         0

        CLASS   IDLOC          
                idloc                            200000   200000        8         0

        CLASS   EEDATA         



SEGMENTS        Name                           Load    Length   Top    Selector   Space  Class

                reset_vec                      000000  000004  000004         0       0  CODE    
                bssCOMRAM                      000001  00006E  00006F         1       1  COMRAM  
                intcode                        000008  00000C  000014         4       0  CODE    
                bssBANK1                       000100  0000AA  0001AA       100       1  BANK1   
                bssBIGRAM                      0001AA  000200  0003AA       1AA       1  BIGRAM  
                stack                          0003AA  000256  000600       3AA       2  STACK   
                smallconst                     000600  000004  000604       300       0  SMALLCON
                text13                         000604  0015F6  001BFA       302       0  CODE    
                idloc                          200000  000008  200008    200000       0  IDLOC   
                config                         300000  00000E  30000E    300000       0  CONFIG  


UNUSED ADDRESS RANGES

        Name                Unused          Largest block    Delta
        BANK0            000080-0000FF               80
        BANK3            0003AA-0003FF               56
        BANK4            000400-0004FF              100
        BANK5            000500-0005FF              100
        BIGRAM           00006F-0000FF               91
                         0003AA-0005FF              256
        CODE             000004-000007                4
                         000014-0005FF              5EC
                         001BFA-007FFF             6406
        COMRAM           00006F-00007F               11
        CONST            000004-000007                4
                         000014-0005FF              5EC
                         001BFA-007FFF             6406
        EEDATA           F00000-F000FF              100
        MEDIUMCONST      001BFA-007FFF             6406
        RAM              000080-0000FF               80
                         0003AA-0005FF              100
        SFR              000F80-000FFF               80
        SMALLCONST       001BFA-007FFF              100

                                  Symbol Table

?_SRAMalloc                cstackCOMRAM 000050
SRAMInitHeap@count         cstackCOMRAM 000048
SRAMInitHeap@pHeap         cstackCOMRAM 00004A
SRAMalloc@nBytes           cstackCOMRAM 000058
SRAMalloc@pHeap            cstackCOMRAM 000059
SRAMalloc@segHeader        cstackCOMRAM 000055
SRAMalloc@segLen           cstackCOMRAM 000054
SRAMalloc@temp             cstackCOMRAM 000056
_BSR                       (abs)        000FE0
_F_APTOS                   bssBANK1     000100
_INTCONbits                (abs)        000FF2
_LATBbits                  (abs)        000F8A
_LATCbits                  (abs)        000F8B
_PORTBbits                 (abs)        000F81
_PORTCbits                 (abs)        000F82
_PORTDbits                 (abs)        000F83
_PORTEbits                 (abs)        000F84
_SRAMInitHeap              text3        0019A2
_SRAMalloc                 text6        00136A
_STATUS                    (abs)        000FD8
_STKPTR                    (abs)        000FFC
_T0CONbits                 (abs)        000FD5
_TMR0L                     (abs)        000FD6
_TOS                       (abs)        000FFD
_TOSH                      (abs)        000FFE
_TOSL                      (abs)        000FFD
_TOSU                      (abs)        000FFF
_TRISBbits                 (abs)        000F93
_TRISCbits                 (abs)        000F94
_TRISD                     (abs)        000F95
_WREG                      (abs)        000FE8
__HRAM                     (abs)        000000
__Habs1                    abs1         000000
__Hbank0                   bank0        000000
__Hbank1                   bank1        000000
__Hbank2                   bank2        000000
__Hbank3                   bank3        000000
__Hbank4                   bank4        000000
__Hbank5                   bank5        000000
__Hbigbss                  bigbss       000000
__Hbigdata                 bigdata      000000
__Hbigram                  bigram       000000
__Hbss                     bss          000000
__HbssBANK1                bssBANK1     000000
__HbssBIGRAM               bssBIGRAM    000000
__HbssCOMRAM               bssCOMRAM    000000
__Hcinit                   cinit        000000
__Hclrtext                 clrtext      000000
__Hcomram                  comram       000000
__Hconfig                  config       30000E
__Hconst                   const        000000
__HcstackCOMRAM            cstackCOMRAM 000000
__Hdata                    data         000000
__HdataCOMRAM              dataCOMRAM   000000
__Heeprom_data             eeprom_data  000000
__Hfarbss                  farbss       000000
__Hfardata                 fardata      000000
__Hibigdata                ibigdata     000000
__Hidata                   idata        000000
__HidataCOMRAM             idataCOMRAM  000000
__Hidloc                   idloc        200008
__Hifardata                ifardata     000000
__Hinit                    init         000014
__Hintcode                 intcode      00000C
__Hintcode_body            intcode_body 000000
__Hintcodelo               intcodelo    00000C
__Hintentry                intentry     000000
__Hintret                  intret       000000
__Hintsave_regs            intsave_regs 000000
__Hirdata                  irdata       000000
__Hmediumconst             mediumconst  000000
__HnvFARRAM                nvFARRAM     000000
__Hnvbit                   nvbit        000000
__Hnvrram                  nvrram       000000
__Hparam                   rparam       000000
__Hpowerup                 powerup      00000C
__Hram                     ram          000000
__Hramtop                  ramtop       000600
__Hrbit                    rbit         000000
__Hrbss                    rbss         000000
__Hrdata                   rdata        000000
__Hreset_vec               reset_vec    000004
__Hrparam                  rparam       000000
__Hsfr                     sfr          000000
__Hsmallconst              smallconst   000604
__Hspace_0                 (abs)        30000E
__Hspace_1                 (abs)        0003AA
__Hspace_2                 (abs)        000600
__Hstack                   stack        000600
__Hstruct                  struct       000000
__Htemp                    temp         00006D
__Htext                    text         000000
__Htext0                   text0        000000
__Htext1                   text1        000000
__Htext10                  text10       000000
__Htext11                  text11       000000
__Htext12                  text12       000000
__Htext13                  text13       000000
__Htext14                  text14       000000
__Htext15                  text15       000000
__Htext16                  text16       000000
__Htext17                  text17       000000
__Htext18                  text18       000000
__Htext19                  text19       000000
__Htext2                   text2        000000
__Htext20                  text20       000000
__Htext21                  text21       000000
__Htext22                  text22       000000
__Htext23                  text23       000000
__Htext24                  text24       000000
__Htext25                  text25       000000
__Htext26                  text26       000000
__Htext3                   text3        000000
__Htext4                   text4        000000
__Htext5                   text5        000000
__Htext6                   text6        000000
__Htext7                   text7        000000
__Htext8                   text8        000000
__Htext9                   text9        000000
__LRAM                     (abs)        000001
__Labs1                    abs1         000000
__Lbank0                   bank0        000000
__Lbank1                   bank1        000000
__Lbank2                   bank2        000000
__Lbank3                   bank3        000000
__Lbank4                   bank4        000000
__Lbank5                   bank5        000000
__Lbigbss                  bigbss       000000
__Lbigdata                 bigdata      000000
__Lbigram                  bigram       000000
__Lbss                     bss          000000
__LbssBANK1                bssBANK1     000000
__LbssBIGRAM               bssBIGRAM    000000
__LbssCOMRAM               bssCOMRAM    000000
__Lcinit                   cinit        000000
__Lclrtext                 clrtext      000000
__Lcomram                  comram       000000
__Lconfig                  config       300000
__Lconst                   const        000000
__LcstackCOMRAM            cstackCOMRAM 000000
__Ldata                    data         000000
__LdataCOMRAM              dataCOMRAM   000000
__Leeprom_data             eeprom_data  000000
__Lfarbss                  farbss       000000
__Lfardata                 fardata      000000
__Libigdata                ibigdata     000000
__Lidata                   idata        000000
__LidataCOMRAM             idataCOMRAM  000000
__Lidloc                   idloc        200000
__Lifardata                ifardata     000000
__Linit                    init         00000C
__Lintcode                 intcode      000008
__Lintcode_body            intcode_body 000000
__Lintcodelo               intcodelo    00000C
__Lintentry                intentry     000000
__Lintret                  intret       000000
__Lintsave_regs            intsave_regs 000000
__Lirdata                  irdata       000000
__Lmediumconst             mediumconst  000000
__LnvFARRAM                nvFARRAM     000000
__Lnvbit                   nvbit        000000
__Lnvrram                  nvrram       000000
__Lparam                   rparam       000000
__Lpowerup                 powerup      00000C
__Lram                     ram          000000
__Lramtop                  ramtop       000600
__Lrbit                    rbit         000000
__Lrbss                    rbss         000000
__Lrdata                   rdata        000000
__Lreset_vec               reset_vec    000000
__Lrparam                  rparam       000000
__Lsfr                     sfr          000000
__Lsmallconst              smallconst   000600
__Lspace_0                 (abs)        000000
__Lspace_1                 (abs)        000000
__Lspace_2                 (abs)        000000
__Lstack                   stack        0003AA
__Lstruct                  struct       000000
__Ltemp                    temp         000061
__Ltext                    text         000000
__Ltext0                   text0        000000
__Ltext1                   text1        000000
__Ltext10                  text10       000000
__Ltext11                  text11       000000
__Ltext12                  text12       000000
__Ltext13                  text13       000000
__Ltext14                  text14       000000
__Ltext15                  text15       000000
__Ltext16                  text16       000000
__Ltext17                  text17       000000
__Ltext18                  text18       000000
__Ltext19                  text19       000000
__Ltext2                   text2        000000
__Ltext20                  text20       000000
__Ltext21                  text21       000000
__Ltext22                  text22       000000
__Ltext23                  text23       000000
__Ltext24                  text24       000000
__Ltext25                  text25       000000
__Ltext26                  text26       000000
__Ltext3                   text3        000000
__Ltext4                   text4        000000
__Ltext5                   text5        000000
__Ltext6                   text6        000000
__Ltext7                   text7        000000
__Ltext8                   text8        000000
__Ltext9                   text9        000000
__S0                       (abs)        30000E
__S1                       (abs)        0003AA
__S2                       (abs)        000600
__SRAMmerge                text7        0015BC
__SRAMmerge@pSegA          cstackCOMRAM 000048
__SRAMmerge@pSegB          cstackCOMRAM 00004E
__SRAMmerge@uSegA          cstackCOMRAM 00004C
__SRAMmerge@uSegB          cstackCOMRAM 00004D
__SRAMmerge@uSum           cstackCOMRAM 00004B
___inthi_sp                stack        000472
___intlo_sp                stack        000539
___lwmod                   text16       001448
___param_bank              (abs)        000000
___rparam_used             (abs)        000001
___sp                      stack        0003AA
___wmul                    text9        0016FE
__accesstop                (abs)        000080
__activetblptr             (abs)        000001
__end_of_SRAMInitHeap      text3        0019FC
__end_of_SRAMalloc         text6        001448
__end_of_STACK_SIZE        smallconst   000603
__end_of__SRAMmerge        text7        001664
__end_of___lwmod           text16       001504
__end_of___wmul            text9        001794
__end_of__initialization   cinit        001B48
__end_of_acender           text25       001B04
__end_of_aviaoidle         text11       001BEE
__end_of_confi_port        text10       001BF4
__end_of_contagemR         text15       0015BC
__end_of_create_task       text8        001AAC
__end_of_delay             text12       001B9E
__end_of_dianoite          text22       001BDA
__end_of_dispatcher        text13       000B44
__end_of_int_high          intcode_body 000CB0
__end_of_led_1             text17       001826
__end_of_led_2             text20       0018AC
__end_of_led_3             text21       0019A2
__end_of_libera_processos  text24       0016FE
__end_of_main              text0        001288
__end_of_pipe_create       text5        001928
__end_of_pipe_read         text26       00107A
__end_of_pipe_write        text23       000F48
__end_of_rr_scheduler      text14       00136A
__end_of_sem_init          text4        001A54
__end_of_sem_post          text19       000E04
__end_of_sem_wait          text18       001188
__end_of_setupOS           text2        001BBC
__end_of_start_os          text1        001BF8
__initialization           cinit        001B04
__mediumconst              mediumconst  000000
__pbssBANK1                bssBANK1     000100
__pbssBIGRAM               bssBIGRAM    0001AA
__pbssCOMRAM               bssCOMRAM    000001
__pcinit                   cinit        001B04
__pcstackCOMRAM            cstackCOMRAM 000037
__pdataCOMRAM              dataCOMRAM   00006D
__pidataCOMRAM             idataCOMRAM  001BF8
__pintcode                 intcode      000008
__pintcode_body            intcode_body 000B44
__psmallconst              smallconst   000600
__ptext0                   text0        001188
__ptext1                   text1        001BF4
__ptext10                  text10       001BEE
__ptext11                  text11       001BDA
__ptext12                  text12       001B56
__ptext13                  text13       000604
__ptext14                  text14       001288
__ptext15                  text15       001504
__ptext16                  text16       001448
__ptext17                  text17       001794
__ptext18                  text18       00107A
__ptext19                  text19       000CB0
__ptext2                   text2        001B9E
__ptext20                  text20       001826
__ptext21                  text21       001928
__ptext22                  text22       001BBC
__ptext23                  text23       000E04
__ptext24                  text24       001664
__ptext25                  text25       001AAC
__ptext26                  text26       000F48
__ptext3                   text3        0019A2
__ptext4                   text4        0019FC
__ptext5                   text5        0018AC
__ptext6                   text6        00136A
__ptext7                   text7        0015BC
__ptext8                   text8        001A54
__ptext9                   text9        0016FE
__ramtop                   ramtop       000600
__size_of_SRAMInitHeap     (abs)        000000
__size_of_SRAMalloc        (abs)        000000
__size_of__SRAMmerge       (abs)        000000
__size_of___lwmod          (abs)        000000
__size_of___wmul           (abs)        000000
__size_of_acender          (abs)        000000
__size_of_aviaoidle        (abs)        000000
__size_of_confi_port       (abs)        000000
__size_of_contagemR        (abs)        000000
__size_of_create_task      (abs)        000000
__size_of_delay            (abs)        000000
__size_of_dianoite         (abs)        000000
__size_of_dispatcher       (abs)        000000
__size_of_int_high         (abs)        000000
__size_of_led_1            (abs)        000000
__size_of_led_2            (abs)        000000
__size_of_led_3            (abs)        000000
__size_of_libera_processos (abs)        000000
__size_of_main             (abs)        000000
__size_of_pipe_create      (abs)        000000
__size_of_pipe_read        (abs)        000000
__size_of_pipe_write       (abs)        000000
__size_of_rr_scheduler     (abs)        000000
__size_of_sem_init         (abs)        000000
__size_of_sem_post         (abs)        000000
__size_of_sem_wait         (abs)        000000
__size_of_setupOS          (abs)        000000
__size_of_start_os         (abs)        000000
__smallconst               smallconst   000600
__uDynamicHeap             bssBIGRAM    0001AA
_acender                   text25       001AAC
_aviaoidle                 text11       001BDA
_confi_port                text10       001BEE
_cont                      bssCOMRAM    000015
_contagemR                 text15       001504
_create_task               text8        001A54
_delay                     text12       001B56
_dianoite                  text22       001BBC
_dispatcher                text13       000604
_int_high                  intcode      000008
_led_1                     text17       001794
_led_2                     text20       001826
_led_3                     text21       001928
_libera_processos          text24       001664
_main                      text0        001188
_pipe_create               text5        0018AC
_pipe_read                 text26       000F48
_pipe_write                text23       000E04
_pipeluzes                 bssCOMRAM    000001
_quantum                   dataCOMRAM   00006D
_rr_scheduler              text14       001288
_sem_init                  text4        0019FC
_sem_post                  text19       000CB0
_sem_wait                  text18       00107A
_setupOS                   text2        001B9E
_spista                    bssCOMRAM    00002F
_start_os                  text1        001BF4
_t1                        bssCOMRAM    000027
_t2                        bssCOMRAM    00000D
_task_running              bssCOMRAM    000017
_tasks_installed           bssCOMRAM    000019
_testL                     bssCOMRAM    00001B
btemp                      temp         000061
create_task@id             cstackCOMRAM 000048
create_task@prior          cstackCOMRAM 00004A
create_task@task           cstackCOMRAM 00004E
create_task@task_f         cstackCOMRAM 00004C
end_of_initialization      cinit        001B48
int_func                   intcode_body 000B44
int_high@i                 cstackCOMRAM 000046
intlevel0                  text         000000
intlevel1                  text         000000
intlevel2                  text         000000
intlevel3                  text         000000
ltemp0                     temp         000061
ltemp1                     temp         000065
ltemp2                     temp         000069
pipe_create@id             cstackCOMRAM 00005D
pipe_create@pipe           cstackCOMRAM 00005B
pipe_create@size           cstackCOMRAM 00005F
sem_init@s                 cstackCOMRAM 00005B
sem_init@value             cstackCOMRAM 00005D
stackhi                    (abs)        0005FF
stacklo                    (abs)        0003AA
start                      init         00000C
start_initialization       cinit        001B04
ttemp0                     temp         000061
ttemp1                     temp         000064
ttemp2                     temp         000067
ttemp3                     temp         00006A
wtemp0                     temp         000061
wtemp1                     temp         000063
wtemp2                     temp         000065
wtemp3                     temp         000067
wtemp4                     temp         000069
wtemp5                     temp         00006B
wtemp6                     temp         000062


FUNCTION INFORMATION:

 *************** function _main *****************
 Defined at:
		line 18 in file "main.c"
 Parameters:    Size  Location     Type
		None
 Auto vars:     Size  Location     Type
		None
 Return value:  Size  Location     Type
                  1    wreg      void 
 Registers used:
		wreg, fsr0l, fsr0h, fsr1l, fsr1h, fsr2l, fsr2h, status,2, status,0, btemp, btemp+1, btemp+11, prodl, prodh, cstack
 Tracked objects:
		On entry : 
		On exit  : 
		Unchanged: 
 Data sizes:     COMRAM   BANK0   BANK1   BANK2   BANK3   BANK4   BANK5
      Params:         0       0       0       0       0       0       0
      Locals:         0       0       0       0       0       0       0
      Temps:          0       0       0       0       0       0       0
      Totals:         0       0       0       0       0       0       0
Total ram usage:        0 bytes
 Hardware stack levels required when called:   14
 This function calls:
		_SRAMInitHeap
		_confi_port
		_create_task
		_pipe_create
		_sem_init
		_setupOS
		_start_os
 This function is called by:
		Startup code after reset
 This function uses a non-reentrant model


 *************** function _start_os *****************
 Defined at:
		line 155 in file "kernel.c"
 Parameters:    Size  Location     Type
		None
 Auto vars:     Size  Location     Type
		None
 Return value:  Size  Location     Type
                  1    wreg      void 
 Registers used:
		None
 Tracked objects:
		On entry : 
		On exit  : 
		Unchanged: 
 Data sizes:     COMRAM   BANK0   BANK1   BANK2   BANK3   BANK4   BANK5
      Params:         0       0       0       0       0       0       0
      Locals:         0       0       0       0       0       0       0
      Temps:          0       0       0       0       0       0       0
      Totals:         0       0       0       0       0       0       0
Total ram usage:        0 bytes
 Hardware stack levels used:    1
 Hardware stack levels required when called:   11
 This function calls:
		Nothing
 This function is called by:
		_main
 This function uses a non-reentrant model


 *************** function _setupOS *****************
 Defined at:
		line 86 in file "kernel.c"
 Parameters:    Size  Location     Type
		None
 Auto vars:     Size  Location     Type
		None
 Return value:  Size  Location     Type
                  1    wreg      void 
 Registers used:
		wreg, fsr2l, fsr2h, status,2, status,0, cstack
 Tracked objects:
		On entry : 
		On exit  : 
		Unchanged: 
 Data sizes:     COMRAM   BANK0   BANK1   BANK2   BANK3   BANK4   BANK5
      Params:         0       0       0       0       0       0       0
      Locals:         0       0       0       0       0       0       0
      Temps:          0       0       0       0       0       0       0
      Totals:         0       0       0       0       0       0       0
Total ram usage:        0 bytes
 Hardware stack levels used:    1
 Hardware stack levels required when called:   12
 This function calls:
		_SRAMInitHeap
 This function is called by:
		_main
 This function uses a non-reentrant model


 *************** function _SRAMInitHeap *****************
 Defined at:
		line 303 in file "memory.c"
 Parameters:    Size  Location     Type
		None
 Auto vars:     Size  Location     Type
  count           2   17[COMRAM] unsigned int 
  pHeap           2   19[COMRAM] near PTR unsigned char 
		 -> _uDynamicHeap(512), 
 Return value:  Size  Location     Type
                  1    wreg      void 
 Registers used:
		wreg, fsr2l, fsr2h, status,2, status,0
 Tracked objects:
		On entry : 
		On exit  : 
		Unchanged: 
 Data sizes:     COMRAM   BANK0   BANK1   BANK2   BANK3   BANK4   BANK5
      Params:         0       0       0       0       0       0       0
      Locals:         4       0       0       0       0       0       0
      Temps:          0       0       0       0       0       0       0
      Totals:         4       0       0       0       0       0       0
Total ram usage:        4 bytes
 Hardware stack levels used:    1
 Hardware stack levels required when called:   11
 This function calls:
		Nothing
 This function is called by:
		_main
		_setupOS
 This function uses a non-reentrant model


 *************** function _sem_init *****************
 Defined at:
		line 8 in file "semaphore.c"
 Parameters:    Size  Location     Type
  s               2   36[COMRAM] PTR struct sem
		 -> t1(8), spista(8), 
  value           2   38[COMRAM] int 
 Auto vars:     Size  Location     Type
		None
 Return value:  Size  Location     Type
                  1    wreg      void 
 Registers used:
		wreg, fsr2l, fsr2h, status,2, status,0, prodl, prodh, cstack
 Tracked objects:
		On entry : 
		On exit  : 
		Unchanged: 
 Data sizes:     COMRAM   BANK0   BANK1   BANK2   BANK3   BANK4   BANK5
      Params:         4       0       0       0       0       0       0
      Locals:         0       0       0       0       0       0       0
      Temps:          0       0       0       0       0       0       0
      Totals:         4       0       0       0       0       0       0
Total ram usage:        4 bytes
 Hardware stack levels used:    1
 Hardware stack levels required when called:   13
 This function calls:
		_SRAMalloc
 This function is called by:
		_main
 This function uses a non-reentrant model


 *************** function _pipe_create *****************
 Defined at:
		line 91 in file "pipe.c"
 Parameters:    Size  Location     Type
  pipe            2   36[COMRAM] PTR struct pipe
		 -> testL(12), 
  id              2   38[COMRAM] unsigned int 
  size            2   40[COMRAM] unsigned int 
 Auto vars:     Size  Location     Type
		None
 Return value:  Size  Location     Type
                  1    wreg      void 
 Registers used:
		wreg, fsr2l, fsr2h, status,2, status,0, prodl, prodh, cstack
 Tracked objects:
		On entry : 
		On exit  : 
		Unchanged: 
 Data sizes:     COMRAM   BANK0   BANK1   BANK2   BANK3   BANK4   BANK5
      Params:         6       0       0       0       0       0       0
      Locals:         0       0       0       0       0       0       0
      Temps:          0       0       0       0       0       0       0
      Totals:         6       0       0       0       0       0       0
Total ram usage:        6 bytes
 Hardware stack levels used:    1
 Hardware stack levels required when called:   13
 This function calls:
		_SRAMalloc
 This function is called by:
		_main
 This function uses a non-reentrant model


 *************** function _SRAMalloc *****************
 Defined at:
		line 181 in file "memory.c"
 Parameters:    Size  Location     Type
  nBytes          1    wreg     near unsigned char 
 Auto vars:     Size  Location     Type
  nBytes          1   33[COMRAM] near unsigned char 
  pHeap           2   34[COMRAM] near PTR struct _SALLOC
		 -> _uDynamicHeap(512), 
  temp            2   31[COMRAM] near PTR struct _SALLOC
		 -> _uDynamicHeap(512), 
  segHeader       1   30[COMRAM] struct _SALLOC
  segLen          1   29[COMRAM] unsigned char 
 Return value:  Size  Location     Type
                  2   25[COMRAM] PTR unsigned char 
 Registers used:
		wreg, fsr2l, fsr2h, status,2, status,0, prodl, prodh, cstack
 Tracked objects:
		On entry : 
		On exit  : 
		Unchanged: 
 Data sizes:     COMRAM   BANK0   BANK1   BANK2   BANK3   BANK4   BANK5
      Params:         2       0       0       0       0       0       0
      Locals:         7       0       0       0       0       0       0
      Temps:          2       0       0       0       0       0       0
      Totals:        11       0       0       0       0       0       0
Total ram usage:       11 bytes
 Hardware stack levels used:    1
 Hardware stack levels required when called:   12
 This function calls:
		__SRAMmerge
 This function is called by:
		_sem_init
		_pipe_create
 This function uses a non-reentrant model


 *************** function __SRAMmerge *****************
 Defined at:
		line 349 in file "memory.c"
 Parameters:    Size  Location     Type
  pSegA           2   17[COMRAM] near PTR struct _SALLOC
		 -> _uDynamicHeap(512), 
 Auto vars:     Size  Location     Type
  pSegB           2   23[COMRAM] near PTR struct _SALLOC
		 -> _uDynamicHeap(512), 
  uSegB           1   22[COMRAM] struct _SALLOC
  uSegA           1   21[COMRAM] struct _SALLOC
  uSum            1   20[COMRAM] struct _SALLOC
 Return value:  Size  Location     Type
                  1    wreg      unsigned char 
 Registers used:
		wreg, fsr2l, fsr2h, status,2, status,0, prodl, prodh
 Tracked objects:
		On entry : 
		On exit  : 
		Unchanged: 
 Data sizes:     COMRAM   BANK0   BANK1   BANK2   BANK3   BANK4   BANK5
      Params:         2       0       0       0       0       0       0
      Locals:         5       0       0       0       0       0       0
      Temps:          1       0       0       0       0       0       0
      Totals:         8       0       0       0       0       0       0
Total ram usage:        8 bytes
 Hardware stack levels used:    1
 Hardware stack levels required when called:   11
 This function calls:
		Nothing
 This function is called by:
		_SRAMalloc
 This function uses a non-reentrant model


 *************** function _create_task *****************
 Defined at:
		line 21 in file "kernel.c"
 Parameters:    Size  Location     Type
  id              2   17[COMRAM] unsigned int 
  prior           2   19[COMRAM] unsigned int 
  task_f          2   21[COMRAM] PTR FTN()void 
		 -> acender(1), dianoite(1), led_3(1), led_2(1), 
		 -> led_1(1), aviaoidle(1), 
 Auto vars:     Size  Location     Type
  task           17   23[COMRAM] struct tcb
 Return value:  Size  Location     Type
                  1    wreg      void 
 Registers used:
		wreg, fsr0l, fsr0h, fsr1l, fsr1h, fsr2l, fsr2h, status,2, status,0, btemp, btemp+1, btemp+11, prodl, prodh
 Tracked objects:
		On entry : 
		On exit  : 
		Unchanged: 
 Data sizes:     COMRAM   BANK0   BANK1   BANK2   BANK3   BANK4   BANK5
      Params:         6       0       0       0       0       0       0
      Locals:        17       0       0       0       0       0       0
      Temps:          0       0       0       0       0       0       0
      Totals:        23       0       0       0       0       0       0
Total ram usage:       23 bytes
 Hardware stack levels used:    1
 Hardware stack levels required when called:   12
 This function calls:
		___wmul
 This function is called by:
		_main
 This function uses a non-reentrant model


 *************** function ___wmul *****************
 Defined at:
		line 15 in file "/opt/microchip/xc8/v1.45/sources/common/Umul16.c"
 Parameters:    Size  Location     Type
  multiplier      2  [STACK] unsigned int 
  multiplicand    2  [STACK] unsigned int 
 Auto vars:     Size  Location     Type
  product         2  [STACK] unsigned int 
 Return value:  Size  Location     Type
                  2  [STACK] unsigned int 
 Registers used:
		wreg, fsr1l, fsr1h, fsr2l, fsr2h, status,2, status,0, btemp, btemp+1, btemp+11, prodl, prodh
 Tracked objects:
		On entry : 
		On exit  : 
		Unchanged: 
 Data sizes:     COMRAM   BANK0   BANK1   BANK2   BANK3   BANK4   BANK5
      Params:         0       0       0       0       0       0       0
      Locals:         0       0       0       0       0       0       0
      Temps:          0       0       0       0       0       0       0
      Totals:         0       0       0       0       0       0       0
Total ram usage:        0 bytes
 Hardware stack levels used:    1
 Hardware stack levels required when called:   11
 This function calls:
		Nothing
 This function is called by:
		_create_task
		_dispatcher
		_delay
		_int_high
		_contagemR
		_rr_scheduler
		_sem_post
		_libera_processos
		_get_id
		_prior_scheduler
 This function uses a reentrant model


 *************** function _confi_port *****************
 Defined at:
		line 24 in file "tasks.c"
 Parameters:    Size  Location     Type
		None
 Auto vars:     Size  Location     Type
		None
 Return value:  Size  Location     Type
                  1    wreg      void 
 Registers used:
		wreg, status,2
 Tracked objects:
		On entry : 
		On exit  : 
		Unchanged: 
 Data sizes:     COMRAM   BANK0   BANK1   BANK2   BANK3   BANK4   BANK5
      Params:         0       0       0       0       0       0       0
      Locals:         0       0       0       0       0       0       0
      Temps:          0       0       0       0       0       0       0
      Totals:         0       0       0       0       0       0       0
Total ram usage:        0 bytes
 Hardware stack levels used:    1
 Hardware stack levels required when called:   11
 This function calls:
		Nothing
 This function is called by:
		_main
 This function uses a non-reentrant model


 *************** function _aviaoidle *****************
 Defined at:
		line 31 in file "tasks.c"
 Parameters:    Size  Location     Type
		None
 Auto vars:     Size  Location     Type
		None
 Return value:  Size  Location     Type
                  1  [STACK] void 
 Registers used:
		wreg, fsr0l, fsr0h, fsr1l, fsr1h, fsr2l, fsr2h, status,2, status,0, btemp, btemp+1, btemp+2, btemp+8, btemp+9, btemp+10, btemp+11, prodl, prodh
 Tracked objects:
		On entry : 
		On exit  : 
		Unchanged: 
 Data sizes:     COMRAM   BANK0   BANK1   BANK2   BANK3   BANK4   BANK5
      Params:         0       0       0       0       0       0       0
      Locals:         0       0       0       0       0       0       0
      Temps:          0       0       0       0       0       0       0
      Totals:         0       0       0       0       0       0       0
Total ram usage:        0 bytes
 Hardware stack levels used:    1
 Hardware stack levels required when called:   10
 This function calls:
		_delay
 This function is called by:
		_main
 This function uses a reentrant model


 *************** function _delay *****************
 Defined at:
		line 63 in file "kernel.c"
 Parameters:    Size  Location     Type
  time_ms         2  [STACK] unsigned int 
 Auto vars:     Size  Location     Type
		None
 Return value:  Size  Location     Type
                  1  [STACK] void 
 Registers used:
		wreg, fsr0l, fsr0h, fsr1l, fsr1h, fsr2l, fsr2h, status,2, status,0, btemp, btemp+1, btemp+2, btemp+8, btemp+9, btemp+10, btemp+11, prodl, prodh
 Tracked objects:
		On entry : 
		On exit  : 
		Unchanged: 
 Data sizes:     COMRAM   BANK0   BANK1   BANK2   BANK3   BANK4   BANK5
      Params:         0       0       0       0       0       0       0
      Locals:         0       0       0       0       0       0       0
      Temps:          0       0       0       0       0       0       0
      Totals:         0       0       0       0       0       0       0
Total ram usage:        0 bytes
 Hardware stack levels used:    1
 Hardware stack levels required when called:    9
 This function calls:
		___wmul
		_dispatcher
 This function is called by:
		_aviaoidle
		_led_1
		_led_2
		_led_3
		_dianoite
		_acender
		_Lcd_Write_Char
 This function uses a reentrant model


 *************** function _dispatcher *****************
 Defined at:
		line 37 in file "kernel.c"
 Parameters:    Size  Location     Type
  state           1  [STACK] enum E3008
 Auto vars:     Size  Location     Type
		None
 Return value:  Size  Location     Type
                  1  [STACK] void 
 Registers used:
		wreg, fsr1l, fsr1h, fsr2l, fsr2h, status,2, status,0, btemp, btemp+1, btemp+2, btemp+8, btemp+9, btemp+10, btemp+11, prodl, prodh
 Tracked objects:
		On entry : 
		On exit  : 
		Unchanged: 
 Data sizes:     COMRAM   BANK0   BANK1   BANK2   BANK3   BANK4   BANK5
      Params:         0       0       0       0       0       0       0
      Locals:         0       0       0       0       0       0       0
      Temps:          0       0       0       0       0       0       0
      Totals:         0       0       0       0       0       0       0
Total ram usage:        0 bytes
 Hardware stack levels used:    1
 Hardware stack levels required when called:    8
 This function calls:
		___wmul
		_rr_scheduler
 This function is called by:
		_delay
		_int_high
		_sem_wait
		_sem_post
		_pipe_read
		_pipe_write
 This function uses a reentrant model


 *************** function _rr_scheduler *****************
 Defined at:
		line 23 in file "scheduler.c"
 Parameters:    Size  Location     Type
		None
 Auto vars:     Size  Location     Type
  next_task_to    2  [STACK] unsigned int 
  j               2  [STACK] unsigned int 
  cont            2  [STACK] unsigned int 
 Return value:  Size  Location     Type
                  2  [STACK] unsigned int 
 Registers used:
		wreg, fsr1l, fsr1h, fsr2l, fsr2h, status,2, status,0, btemp, btemp+1, btemp+2, btemp+10, btemp+11, prodl, prodh
 Tracked objects:
		On entry : 
		On exit  : 
		Unchanged: 
 Data sizes:     COMRAM   BANK0   BANK1   BANK2   BANK3   BANK4   BANK5
      Params:         0       0       0       0       0       0       0
      Locals:         0       0       0       0       0       0       0
      Temps:          0       0       0       0       0       0       0
      Totals:         0       0       0       0       0       0       0
Total ram usage:        0 bytes
 Hardware stack levels used:    1
 Hardware stack levels required when called:    7
 This function calls:
		___lwmod
		___wmul
		_contagemR
 This function is called by:
		_dispatcher
 This function uses a reentrant model


 *************** function _contagemR *****************
 Defined at:
		line 13 in file "scheduler.c"
 Parameters:    Size  Location     Type
		None
 Auto vars:     Size  Location     Type
  i               2  [STACK] int 
  x               2  [STACK] unsigned int 
 Return value:  Size  Location     Type
                  2  [STACK] unsigned int 
 Registers used:
		wreg, fsr1l, fsr1h, fsr2l, fsr2h, status,2, status,0, btemp, btemp+1, btemp+2, btemp+11, prodl, prodh
 Tracked objects:
		On entry : 
		On exit  : 
		Unchanged: 
 Data sizes:     COMRAM   BANK0   BANK1   BANK2   BANK3   BANK4   BANK5
      Params:         0       0       0       0       0       0       0
      Locals:         0       0       0       0       0       0       0
      Temps:          0       0       0       0       0       0       0
      Totals:         0       0       0       0       0       0       0
Total ram usage:        0 bytes
 Hardware stack levels used:    1
 Hardware stack levels required when called:    6
 This function calls:
		___wmul
 This function is called by:
		_rr_scheduler
 This function uses a reentrant model


 *************** function ___lwmod *****************
 Defined at:
		line 8 in file "/opt/microchip/xc8/v1.45/sources/common/lwmod.c"
 Parameters:    Size  Location     Type
  dividend        2  [STACK] unsigned int 
  divisor         2  [STACK] unsigned int 
 Auto vars:     Size  Location     Type
  counter         1  [STACK] unsigned char 
 Return value:  Size  Location     Type
                  2  [STACK] unsigned int 
 Registers used:
		wreg, fsr1l, fsr1h, status,2, status,0, btemp, btemp+1, btemp+2, btemp+10, btemp+11, prodl
 Tracked objects:
		On entry : 
		On exit  : 
		Unchanged: 
 Data sizes:     COMRAM   BANK0   BANK1   BANK2   BANK3   BANK4   BANK5
      Params:         0       0       0       0       0       0       0
      Locals:         0       0       0       0       0       0       0
      Temps:          0       0       0       0       0       0       0
      Totals:         0       0       0       0       0       0       0
Total ram usage:        0 bytes
 Hardware stack levels used:    1
 Hardware stack levels required when called:    5
 This function calls:
		Nothing
 This function is called by:
		_rr_scheduler
		_sem_wait
		_sem_post
		_pipe_read
		_pipe_write
 This function uses a reentrant model


 *************** function _led_1 *****************
 Defined at:
		line 48 in file "tasks.c"
 Parameters:    Size  Location     Type
		None
 Auto vars:     Size  Location     Type
		None
 Return value:  Size  Location     Type
                  1  [STACK] void 
 Registers used:
		wreg, fsr0l, fsr0h, fsr1l, fsr1h, fsr2l, fsr2h, status,2, status,0, btemp, btemp+1, btemp+2, btemp+8, btemp+9, btemp+10, btemp+11, prodl, prodh
 Tracked objects:
		On entry : 
		On exit  : 
		Unchanged: 
 Data sizes:     COMRAM   BANK0   BANK1   BANK2   BANK3   BANK4   BANK5
      Params:         0       0       0       0       0       0       0
      Locals:         0       0       0       0       0       0       0
      Temps:          0       0       0       0       0       0       0
      Totals:         0       0       0       0       0       0       0
Total ram usage:        0 bytes
 Hardware stack levels used:    1
 Hardware stack levels required when called:   10
 This function calls:
		_delay
		_sem_post
		_sem_wait
 This function is called by:
		_main
 This function uses a reentrant model


 *************** function _sem_wait *****************
 Defined at:
		line 20 in file "semaphore.c"
 Parameters:    Size  Location     Type
  s               2  [STACK] PTR struct sem
		 -> spista(8), 
 Auto vars:     Size  Location     Type
  pos             2  [STACK] unsigned int 
  task_pos        2    0        unsigned int 
 Return value:  Size  Location     Type
                  1  [STACK] void 
 Registers used:
		wreg, fsr1l, fsr1h, fsr2l, fsr2h, status,2, status,0, btemp, btemp+1, btemp+2, btemp+8, btemp+9, btemp+10, btemp+11, prodl, prodh
 Tracked objects:
		On entry : 
		On exit  : 
		Unchanged: 
 Data sizes:     COMRAM   BANK0   BANK1   BANK2   BANK3   BANK4   BANK5
      Params:         0       0       0       0       0       0       0
      Locals:         0       0       0       0       0       0       0
      Temps:          0       0       0       0       0       0       0
      Totals:         0       0       0       0       0       0       0
Total ram usage:        0 bytes
 Hardware stack levels used:    1
 Hardware stack levels required when called:    9
 This function calls:
		___lwmod
		_dispatcher
 This function is called by:
		_led_1
		_led_2
		_led_3
 This function uses a reentrant model


 *************** function _sem_post *****************
 Defined at:
		line 38 in file "semaphore.c"
 Parameters:    Size  Location     Type
  s               2  [STACK] PTR struct sem
		 -> spista(8), 
 Auto vars:     Size  Location     Type
  value           2  [STACK] unsigned int 
 Return value:  Size  Location     Type
                  1  [STACK] void 
 Registers used:
		wreg, fsr1l, fsr1h, fsr2l, fsr2h, status,2, status,0, btemp, btemp+1, btemp+2, btemp+8, btemp+9, btemp+10, btemp+11, prodl, prodh
 Tracked objects:
		On entry : 
		On exit  : 
		Unchanged: 
 Data sizes:     COMRAM   BANK0   BANK1   BANK2   BANK3   BANK4   BANK5
      Params:         0       0       0       0       0       0       0
      Locals:         0       0       0       0       0       0       0
      Temps:          0       0       0       0       0       0       0
      Totals:         0       0       0       0       0       0       0
Total ram usage:        0 bytes
 Hardware stack levels used:    1
 Hardware stack levels required when called:    9
 This function calls:
		___lwmod
		___wmul
		_dispatcher
 This function is called by:
		_led_1
		_led_2
		_led_3
 This function uses a reentrant model


 *************** function _led_2 *****************
 Defined at:
		line 101 in file "tasks.c"
 Parameters:    Size  Location     Type
		None
 Auto vars:     Size  Location     Type
		None
 Return value:  Size  Location     Type
                  1  [STACK] void 
 Registers used:
		wreg, fsr0l, fsr0h, fsr1l, fsr1h, fsr2l, fsr2h, status,2, status,0, btemp, btemp+1, btemp+2, btemp+8, btemp+9, btemp+10, btemp+11, prodl, prodh
 Tracked objects:
		On entry : 
		On exit  : 
		Unchanged: 
 Data sizes:     COMRAM   BANK0   BANK1   BANK2   BANK3   BANK4   BANK5
      Params:         0       0       0       0       0       0       0
      Locals:         0       0       0       0       0       0       0
      Temps:          0       0       0       0       0       0       0
      Totals:         0       0       0       0       0       0       0
Total ram usage:        0 bytes
 Hardware stack levels used:    1
 Hardware stack levels required when called:   10
 This function calls:
		_delay
		_sem_post
		_sem_wait
 This function is called by:
		_main
 This function uses a reentrant model


 *************** function _led_3 *****************
 Defined at:
		line 151 in file "tasks.c"
 Parameters:    Size  Location     Type
		None
 Auto vars:     Size  Location     Type
		None
 Return value:  Size  Location     Type
                  1  [STACK] void 
 Registers used:
		wreg, fsr0l, fsr0h, fsr1l, fsr1h, fsr2l, fsr2h, status,2, status,0, btemp, btemp+1, btemp+2, btemp+8, btemp+9, btemp+10, btemp+11, prodl, prodh
 Tracked objects:
		On entry : 
		On exit  : 
		Unchanged: 
 Data sizes:     COMRAM   BANK0   BANK1   BANK2   BANK3   BANK4   BANK5
      Params:         0       0       0       0       0       0       0
      Locals:         0       0       0       0       0       0       0
      Temps:          0       0       0       0       0       0       0
      Totals:         0       0       0       0       0       0       0
Total ram usage:        0 bytes
 Hardware stack levels used:    1
 Hardware stack levels required when called:   10
 This function calls:
		_delay
		_sem_post
		_sem_wait
 This function is called by:
		_main
 This function uses a reentrant model


 *************** function _dianoite *****************
 Defined at:
		line 208 in file "tasks.c"
 Parameters:    Size  Location     Type
		None
 Auto vars:     Size  Location     Type
		None
 Return value:  Size  Location     Type
                  1  [STACK] void 
 Registers used:
		wreg, fsr0l, fsr0h, fsr1l, fsr1h, fsr2l, fsr2h, status,2, status,0, btemp, btemp+1, btemp+2, btemp+8, btemp+9, btemp+10, btemp+11, prodl, prodh
 Tracked objects:
		On entry : 
		On exit  : 
		Unchanged: 
 Data sizes:     COMRAM   BANK0   BANK1   BANK2   BANK3   BANK4   BANK5
      Params:         0       0       0       0       0       0       0
      Locals:         0       0       0       0       0       0       0
      Temps:          0       0       0       0       0       0       0
      Totals:         0       0       0       0       0       0       0
Total ram usage:        0 bytes
 Hardware stack levels used:    1
 Hardware stack levels required when called:   10
 This function calls:
		_delay
		_pipe_write
 This function is called by:
		_main
 This function uses a reentrant model


 *************** function _pipe_write *****************
 Defined at:
		line 121 in file "pipe.c"
 Parameters:    Size  Location     Type
  pipe            2  [STACK] PTR struct pipe
		 -> testL(12), 
  msg             1  [STACK] unsigned char 
 Auto vars:     Size  Location     Type
		None
 Return value:  Size  Location     Type
                  1  [STACK] void 
 Registers used:
		wreg, fsr0l, fsr0h, fsr1l, fsr1h, fsr2l, fsr2h, status,2, status,0, btemp, btemp+1, btemp+2, btemp+8, btemp+9, btemp+10, btemp+11, prodl, prodh
 Tracked objects:
		On entry : 
		On exit  : 
		Unchanged: 
 Data sizes:     COMRAM   BANK0   BANK1   BANK2   BANK3   BANK4   BANK5
      Params:         0       0       0       0       0       0       0
      Locals:         0       0       0       0       0       0       0
      Temps:          0       0       0       0       0       0       0
      Totals:         0       0       0       0       0       0       0
Total ram usage:        0 bytes
 Hardware stack levels used:    1
 Hardware stack levels required when called:    9
 This function calls:
		___lwmod
		_dispatcher
		_libera_processos
 This function is called by:
		_dianoite
 This function uses a reentrant model


 *************** function _libera_processos *****************
 Defined at:
		line 146 in file "pipe.c"
 Parameters:    Size  Location     Type
		None
 Auto vars:     Size  Location     Type
  i               2  [STACK] int 
 Return value:  Size  Location     Type
                  1  [STACK] void 
 Registers used:
		wreg, fsr1l, fsr1h, fsr2l, fsr2h, status,2, status,0, btemp, btemp+1, btemp+11, prodl, prodh
 Tracked objects:
		On entry : 
		On exit  : 
		Unchanged: 
 Data sizes:     COMRAM   BANK0   BANK1   BANK2   BANK3   BANK4   BANK5
      Params:         0       0       0       0       0       0       0
      Locals:         0       0       0       0       0       0       0
      Temps:          0       0       0       0       0       0       0
      Totals:         0       0       0       0       0       0       0
Total ram usage:        0 bytes
 Hardware stack levels used:    1
 Hardware stack levels required when called:    6
 This function calls:
		___wmul
 This function is called by:
		_pipe_read
		_pipe_write
 This function uses a reentrant model


 *************** function _acender *****************
 Defined at:
		line 219 in file "tasks.c"
 Parameters:    Size  Location     Type
		None
 Auto vars:     Size  Location     Type
  dado            1  [STACK] unsigned char 
 Return value:  Size  Location     Type
                  1  [STACK] void 
 Registers used:
		wreg, fsr0l, fsr0h, fsr1l, fsr1h, fsr2l, fsr2h, status,2, status,0, btemp, btemp+1, btemp+2, btemp+8, btemp+9, btemp+10, btemp+11, prodl, prodh
 Tracked objects:
		On entry : 
		On exit  : 
		Unchanged: 
 Data sizes:     COMRAM   BANK0   BANK1   BANK2   BANK3   BANK4   BANK5
      Params:         0       0       0       0       0       0       0
      Locals:         0       0       0       0       0       0       0
      Temps:          0       0       0       0       0       0       0
      Totals:         0       0       0       0       0       0       0
Total ram usage:        0 bytes
 Hardware stack levels used:    1
 Hardware stack levels required when called:   10
 This function calls:
		_delay
		_pipe_read
 This function is called by:
		_main
 This function uses a reentrant model


 *************** function _pipe_read *****************
 Defined at:
		line 101 in file "pipe.c"
 Parameters:    Size  Location     Type
  pipe            2  [STACK] PTR struct pipe
		 -> testL(12), 
  msg             2  [STACK] PTR unsigned char 
		 -> acender@dado(1), 
 Auto vars:     Size  Location     Type
		None
 Return value:  Size  Location     Type
                  1  [STACK] void 
 Registers used:
		wreg, fsr0l, fsr0h, fsr1l, fsr1h, fsr2l, fsr2h, status,2, status,0, btemp, btemp+1, btemp+2, btemp+8, btemp+9, btemp+10, btemp+11, prodl, prodh
 Tracked objects:
		On entry : 
		On exit  : 
		Unchanged: 
 Data sizes:     COMRAM   BANK0   BANK1   BANK2   BANK3   BANK4   BANK5
      Params:         0       0       0       0       0       0       0
      Locals:         0       0       0       0       0       0       0
      Temps:          0       0       0       0       0       0       0
      Totals:         0       0       0       0       0       0       0
Total ram usage:        0 bytes
 Hardware stack levels used:    1
 Hardware stack levels required when called:    9
 This function calls:
		___lwmod
		_dispatcher
		_libera_processos
 This function is called by:
		_acender
 This function uses a reentrant model


 *************** function _int_high *****************
 Defined at:
		line 129 in file "kernel.c"
 Parameters:    Size  Location     Type
		None
 Auto vars:     Size  Location     Type
  i               2   15[COMRAM] unsigned int 
 Return value:  Size  Location     Type
                  1    wreg      void 
 Registers used:
		wreg, fsr1l, fsr1h, fsr2l, fsr2h, status,2, status,0, btemp, btemp+1, btemp+2, btemp+8, btemp+9, btemp+10, btemp+11, prodl, prodh
 Tracked objects:
		On entry : 
		On exit  : 
		Unchanged: 
 Data sizes:     COMRAM   BANK0   BANK1   BANK2   BANK3   BANK4   BANK5
      Params:         0       0       0       0       0       0       0
      Locals:         2       0       0       0       0       0       0
      Temps:         15       0       0       0       0       0       0
      Totals:        17       0       0       0       0       0       0
Total ram usage:       17 bytes
 Hardware stack levels used:    1
 Hardware stack levels required when called:    4
 This function calls:
		___wmul
		_dispatcher
 This function is called by:
		Interrupt level 2
 This function uses a non-reentrant model



MODULE INFORMATION

Module		Function		Class		Link	Load	Size
semaphore.c
		_sem_wait      		CODE           	107A	0000	271
		_sem_init      		CODE           	19FC	0000	89
		_sem_post      		CODE           	0CB0	0000	341

semaphore.c estimated size: 701

/opt/microchip/xc8/v1.45/sources/common/lwmod.c
		___lwmod       		CODE           	1448	0000	189

/opt/microchip/xc8/v1.45/sources/common/lwmod.c estimated size: 189

tasks.c
		_dianoite      		CODE           	1BBC	0000	31
		_led_1         		CODE           	1794	0000	147
		_acender       		CODE           	1AAC	0000	89
		_led_2         		CODE           	1826	0000	135
		_aviaoidle     		CODE           	1BDA	0000	21
		_led_3         		CODE           	1928	0000	123
		_confi_port    		CODE           	1BEE	0000	7

tasks.c estimated size: 553

kernel.c
		_setupOS       		CODE           	1B9E	0000	31
		_delay         		CODE           	1B56	0000	73
		_create_task   		CODE           	1A54	0000	89
		_int_high      		CODE           	0008	0000	369
		_dispatcher    		CODE           	0604	0000	1345
		_start_os      		CODE           	1BF4	0000	5

kernel.c estimated size: 1912

shared
		_STACK_SIZE    		SMALLCONST     	0000	0000	0
		__initialization		CODE           	1B04	0000	69

shared estimated size: 69

pipe.c
		_pipe_read     		CODE           	0F48	0000	307
		_pipe_write    		CODE           	0E04	0000	325
		_pipe_create   		CODE           	18AC	0000	125
		_libera_processos		CODE           	1664	0000	155

pipe.c estimated size: 912

scheduler.c
		_rr_scheduler  		CODE           	1288	0000	227
		_contagemR     		CODE           	1504	0000	185

scheduler.c estimated size: 412

main.c
		_main          		CODE           	1188	0000	257

main.c estimated size: 257

memory.c
		__SRAMmerge    		CODE           	15BC	0000	169
		_SRAMalloc     		CODE           	136A	0000	223
		_SRAMInitHeap  		CODE           	19A2	0000	91

memory.c estimated size: 483

/opt/microchip/xc8/v1.45/sources/common/Umul16.c
		___wmul        		CODE           	16FE	0000	151

/opt/microchip/xc8/v1.45/sources/common/Umul16.c estimated size: 151

