Microchip MPLAB XC8 Compiler V1.45 ()

Linker command line:

-W-3 --edf=/opt/microchip/xc8/v1.45/dat/en_msgs.txt -cs \
  -h+dist/default/production/S.O-Embarcados.production.sym \
  --cmf=dist/default/production/S.O-Embarcados.production.cmf -z -Q18F4520 \
  -o/tmp/xcXmtKT88 -Mdist/default/production/S.O-Embarcados.production.map \
  -E1 -ver=XC8 -ASTACK=0514h-05ffh -pstack=STACK -ACODE=00h-07FFFh \
  -ACONST=00h-07FFFh -ASMALLCONST=0600h-06FFhx122 \
  -AMEDIUMCONST=0600h-07FFFh -ACOMRAM=01h-07Fh -AABS1=00h-05FFh \
  -ABIGRAM=01h-05FFh -ARAM=080h-0FFh,0100h-01FFhx5 -ABANK0=080h-0FFh \
  -ABANK1=0100h-01FFh -ABANK2=0200h-02FFh -ABANK3=0300h-03FFh \
  -ABANK4=0400h-04FFh -ABANK5=0500h-05FFh -ASFR=0F80h-0FFFh \
  -preset_vec=00h,intcode=08h,intcodelo,powerup,init -pramtop=0600h \
  -psmallconst=SMALLCONST -pmediumconst=MEDIUMCONST -pconst=CONST \
  -AFARRAM=00h-00h -ACONFIG=0300000h-030000Dh -pconfig=CONFIG \
  -AIDLOC=0200000h-0200007h -pidloc=IDLOC -AEEDATA=0F00000h-0F000FFh \
  -peeprom_data=EEDATA \
  -prdata=COMRAM,nvrram=COMRAM,nvbit=COMRAM,rbss=COMRAM,rbit=COMRAM \
  -pfarbss=FARRAM,fardata=FARRAM,nvFARRAM=FARRAM \
  -pintsave_regs=BIGRAM,bigbss=BIGRAM,bigdata=BIGRAM -pbss=RAM \
  -pidata=CODE,irdata=CODE,ibigdata=CODE,ifardata=CODE -prparam=COMRAM \
  /tmp/xcXybLrdB.obj dist/default/production/S.O-Embarcados.production.obj 

Object code version is 3.11

Machine type is 18F4520

Call graph: (short form)




                Name                               Link     Load   Length Selector   Space Scale
/tmp/xcXybLrdB.obj
                stack                               514      514       EC      514       2
                init                                  C        C        8        4       0
                reset_vec                             0        0        4        0       0
                idloc                            200000   200000        8   200000       0
                config                           300000   300000        E   300000       0
dist/default/production/S.O-Embarcados.production.obj
                intcode                               8        8        4        4       0
                temp                                 3B       3B        C        1       1
                intcode_body                        866      866      16C        4       0
                text20                             1290     1290       20        4       0
                text19                              554      554      18C        4       0
                text18                              9D2      9D2      12C        4       0
                text17                              BDC      BDC       DC        4       0
                text16                              F58      F58       94        4       0
                text15                             1190     1190       48        4       0
                text14                             126E     126E       22        4       0
                text13                              E1C      E1C       A6        4       0
                text12                              CB8      CB8       BC        4       0
                text11                              FEC      FEC       84        4       0
                text10                               14       14      540        4       0
                text9                               6E0      6E0      186        4       0
                text8                              124C     124C       22        4       0
                text7                               D74      D74       A8        4       0
                text6                               AFE      AFE       DE        4       0
                text5                              1136     1136       5A        4       0
                text4                               EC2      EC2       96        4       0
                text3                              10DC     10DC       5A        4       0
                text2                              1216     1216       36        4       0
                text1                              12B0     12B0        4        4       0
                text0                              1070     1070       6C        4       0
                cstackCOMRAM                          1        1       26        1       1
                cstackBANK0                          80       80       6E       80       1
                bssBIGRAM                            EE       EE      426       EE       1
                dataCOMRAM                           47       47        2        1       1
                bssCOMRAM                            27       27       14        1       1
                cinit                              11D8     11D8       3E        4       0
                idataCOMRAM                        12B4     12B4        2        4       0

TOTAL           Name                               Link     Load   Length     Space
        CLASS   STACK          
                stack                               514      514       EC         2

        CLASS   CODE           
                intcode                               8        8        4         0
                init                                  C        C        8         0
                reset_vec                             0        0        4         0
                intcode_body                        866      866      16C         0
                text20                             1290     1290       20         0
                text19                              554      554      18C         0
                text18                              9D2      9D2      12C         0
                text17                              BDC      BDC       DC         0
                text16                              F58      F58       94         0
                text15                             1190     1190       48         0
                text14                             126E     126E       22         0
                text13                              E1C      E1C       A6         0
                text12                              CB8      CB8       BC         0
                text11                              FEC      FEC       84         0
                text10                               14       14      540         0
                text9                               6E0      6E0      186         0
                text8                              124C     124C       22         0
                text7                               D74      D74       A8         0
                text6                               AFE      AFE       DE         0
                text5                              1136     1136       5A         0
                text4                               EC2      EC2       96         0
                text3                              10DC     10DC       5A         0
                text2                              1216     1216       36         0
                text1                              12B0     12B0        4         0
                text0                              1070     1070       6C         0
                cinit                              11D8     11D8       3E         0
                idataCOMRAM                        12B4     12B4        2         0

        CLASS   CONST          

        CLASS   SMALLCONST     

        CLASS   MEDIUMCONST    

        CLASS   COMRAM         
                temp                                 3B       3B        C         1
                cstackCOMRAM                          1        1       26         1
                dataCOMRAM                           47       47        2         1
                bssCOMRAM                            27       27       14         1

        CLASS   ABS1           

        CLASS   BIGRAM         
                bssBIGRAM                            EE       EE      426         1

        CLASS   RAM            

        CLASS   BANK0          
                cstackBANK0                          80       80       6E         1

        CLASS   BANK1          

        CLASS   BANK2          

        CLASS   BANK3          

        CLASS   BANK4          

        CLASS   BANK5          

        CLASS   SFR            

        CLASS   FARRAM         

        CLASS   CONFIG         
                config                           300000   300000        E         0

        CLASS   IDLOC          
                idloc                            200000   200000        8         0

        CLASS   EEDATA         



SEGMENTS        Name                           Load    Length   Top    Selector   Space  Class

                reset_vec                      000000  000004  000004         0       0  CODE    
                cstackCOMRAM                   000001  000048  000049         1       1  COMRAM  
                intcode                        000008  0012AE  0012B6         4       0  CODE    
                cstackBANK0                    000080  00006E  0000EE        80       1  BANK0   
                bssBIGRAM                      0000EE  000426  000514        EE       1  BIGRAM  
                stack                          000514  0000EC  000600       514       2  STACK   
                idloc                          200000  000008  200008    200000       0  IDLOC   
                config                         300000  00000E  30000E    300000       0  CONFIG  


UNUSED ADDRESS RANGES

        Name                Unused          Largest block    Delta
        BANK5            000514-0005FF               EC
        BIGRAM           000049-00007F               37
                         000514-0005FF               EC
        CODE             000004-000007                4
                         0012B6-007FFF             6D4A
        COMRAM           000049-00007F               37
        CONST            000004-000007                4
                         0012B6-007FFF             6D4A
        EEDATA           F00000-F000FF              100
        MEDIUMCONST      0012B6-007FFF             6D4A
        RAM              000514-0005FF               EC
        SFR              000F80-000FFF               80
        SMALLCONST       0012B6-007FFF              100

                                  Symbol Table

?_SRAMalloc              cstackCOMRAM 00001A
SRAMInitHeap@count       cstackCOMRAM 000012
SRAMInitHeap@pHeap       cstackCOMRAM 000014
SRAMalloc@nBytes         cstackCOMRAM 000022
SRAMalloc@pHeap          cstackCOMRAM 000023
SRAMalloc@segHeader      cstackCOMRAM 00001F
SRAMalloc@segLen         cstackCOMRAM 00001E
SRAMalloc@temp           cstackCOMRAM 000020
_BSR                     (abs)        000FE0
_F_APTOS                 bssBIGRAM    0000EE
_INTCONbits              (abs)        000FF2
_PORTDbits               (abs)        000F83
_SRAMInitHeap            text5        001136
_SRAMalloc               text6        000AFE
_STATUS                  (abs)        000FD8
_STKPTR                  (abs)        000FFC
_T0CONbits               (abs)        000FD5
_TMR0L                   (abs)        000FD6
_TOS                     (abs)        000FFD
_TOSH                    (abs)        000FFE
_TOSL                    (abs)        000FFD
_TOSU                    (abs)        000FFF
_TRISDbits               (abs)        000F95
_WREG                    (abs)        000FE8
__HRAM                   (abs)        000000
__Habs1                  abs1         000000
__Hbank0                 bank0        000000
__Hbank1                 bank1        000000
__Hbank2                 bank2        000000
__Hbank3                 bank3        000000
__Hbank4                 bank4        000000
__Hbank5                 bank5        000000
__Hbigbss                bigbss       000000
__Hbigdata               bigdata      000000
__Hbigram                bigram       000000
__Hbss                   bss          000000
__HbssBIGRAM             bssBIGRAM    000000
__HbssCOMRAM             bssCOMRAM    000000
__Hcinit                 cinit        000000
__Hclrtext               clrtext      000000
__Hcomram                comram       000000
__Hconfig                config       30000E
__Hconst                 const        000000
__HcstackBANK0           cstackBANK0  000000
__HcstackCOMRAM          cstackCOMRAM 000000
__Hdata                  data         000000
__HdataCOMRAM            dataCOMRAM   000000
__Heeprom_data           eeprom_data  000000
__Hfarbss                farbss       000000
__Hfardata               fardata      000000
__Hibigdata              ibigdata     000000
__Hidata                 idata        000000
__HidataCOMRAM           idataCOMRAM  000000
__Hidloc                 idloc        200008
__Hifardata              ifardata     000000
__Hinit                  init         000014
__Hintcode               intcode      00000C
__Hintcode_body          intcode_body 000000
__Hintcodelo             intcodelo    00000C
__Hintentry              intentry     000000
__Hintret                intret       000000
__Hintsave_regs          intsave_regs 000000
__Hirdata                irdata       000000
__Hmediumconst           mediumconst  000000
__HnvFARRAM              nvFARRAM     000000
__Hnvbit                 nvbit        000000
__Hnvrram                nvrram       000000
__Hparam                 rparam       000000
__Hpowerup               powerup      00000C
__Hram                   ram          000000
__Hramtop                ramtop       000600
__Hrbit                  rbit         000000
__Hrbss                  rbss         000000
__Hrdata                 rdata        000000
__Hreset_vec             reset_vec    000004
__Hrparam                rparam       000000
__Hsfr                   sfr          000000
__Hsmallconst            smallconst   000000
__Hspace_0               (abs)        30000E
__Hspace_1               (abs)        000514
__Hspace_2               (abs)        000600
__Hstack                 stack        000600
__Hstruct                struct       000000
__Htemp                  temp         000047
__Htext                  text         000000
__Htext0                 text0        000000
__Htext1                 text1        000000
__Htext10                text10       000000
__Htext11                text11       000000
__Htext12                text12       000000
__Htext13                text13       000000
__Htext14                text14       000000
__Htext15                text15       000000
__Htext16                text16       000000
__Htext17                text17       000000
__Htext18                text18       000000
__Htext19                text19       000000
__Htext2                 text2        000000
__Htext20                text20       000000
__Htext3                 text3        000000
__Htext4                 text4        000000
__Htext5                 text5        000000
__Htext6                 text6        000000
__Htext7                 text7        000000
__Htext8                 text8        000000
__Htext9                 text9        000000
__LRAM                   (abs)        000001
__Labs1                  abs1         000000
__Lbank0                 bank0        000000
__Lbank1                 bank1        000000
__Lbank2                 bank2        000000
__Lbank3                 bank3        000000
__Lbank4                 bank4        000000
__Lbank5                 bank5        000000
__Lbigbss                bigbss       000000
__Lbigdata               bigdata      000000
__Lbigram                bigram       000000
__Lbss                   bss          000000
__LbssBIGRAM             bssBIGRAM    000000
__LbssCOMRAM             bssCOMRAM    000000
__Lcinit                 cinit        000000
__Lclrtext               clrtext      000000
__Lcomram                comram       000000
__Lconfig                config       300000
__Lconst                 const        000000
__LcstackBANK0           cstackBANK0  000000
__LcstackCOMRAM          cstackCOMRAM 000000
__Ldata                  data         000000
__LdataCOMRAM            dataCOMRAM   000000
__Leeprom_data           eeprom_data  000000
__Lfarbss                farbss       000000
__Lfardata               fardata      000000
__Libigdata              ibigdata     000000
__Lidata                 idata        000000
__LidataCOMRAM           idataCOMRAM  000000
__Lidloc                 idloc        200000
__Lifardata              ifardata     000000
__Linit                  init         00000C
__Lintcode               intcode      000008
__Lintcode_body          intcode_body 000000
__Lintcodelo             intcodelo    00000C
__Lintentry              intentry     000000
__Lintret                intret       000000
__Lintsave_regs          intsave_regs 000000
__Lirdata                irdata       000000
__Lmediumconst           mediumconst  000000
__LnvFARRAM              nvFARRAM     000000
__Lnvbit                 nvbit        000000
__Lnvrram                nvrram       000000
__Lparam                 rparam       000000
__Lpowerup               powerup      00000C
__Lram                   ram          000000
__Lramtop                ramtop       000600
__Lrbit                  rbit         000000
__Lrbss                  rbss         000000
__Lrdata                 rdata        000000
__Lreset_vec             reset_vec    000000
__Lrparam                rparam       000000
__Lsfr                   sfr          000000
__Lsmallconst            smallconst   000000
__Lspace_0               (abs)        000000
__Lspace_1               (abs)        000000
__Lspace_2               (abs)        000000
__Lstack                 stack        000514
__Lstruct                struct       000000
__Ltemp                  temp         00003B
__Ltext                  text         000000
__Ltext0                 text0        000000
__Ltext1                 text1        000000
__Ltext10                text10       000000
__Ltext11                text11       000000
__Ltext12                text12       000000
__Ltext13                text13       000000
__Ltext14                text14       000000
__Ltext15                text15       000000
__Ltext16                text16       000000
__Ltext17                text17       000000
__Ltext18                text18       000000
__Ltext19                text19       000000
__Ltext2                 text2        000000
__Ltext20                text20       000000
__Ltext3                 text3        000000
__Ltext4                 text4        000000
__Ltext5                 text5        000000
__Ltext6                 text6        000000
__Ltext7                 text7        000000
__Ltext8                 text8        000000
__Ltext9                 text9        000000
__S0                     (abs)        30000E
__S1                     (abs)        000514
__S2                     (abs)        000600
__SRAMmerge              text7        000D74
__SRAMmerge@pSegA        cstackCOMRAM 000012
__SRAMmerge@pSegB        cstackCOMRAM 000018
__SRAMmerge@uSegA        cstackCOMRAM 000016
__SRAMmerge@uSegB        cstackCOMRAM 000017
__SRAMmerge@uSum         cstackCOMRAM 000015
___inthi_sp              stack        000564
___intlo_sp              stack        0005B2
___lwmod                 text12       000CB8
___param_bank            (abs)        000000
___rparam_used           (abs)        000001
___sp                    stack        000514
___wmul                  text4        000EC2
__accesstop              (abs)        000080
__activetblptr           (abs)        000000
__end_of_SRAMInitHeap    text5        001190
__end_of_SRAMalloc       text6        000BDC
__end_of__SRAMmerge      text7        000E1C
__end_of___lwmod         text12       000D74
__end_of___wmul          text4        000F58
__end_of__initialization cinit        001210
__end_of_aviao2          text8        00126E
__end_of_aviao3          text14       001290
__end_of_create_pipe     text13       000EC2
__end_of_create_task     text3        001136
__end_of_ctpista         text16       000FEC
__end_of_delay           text15       0011D8
__end_of_dispatcher      text10       000554
__end_of_int_high        intcode_body 0009D2
__end_of_main            text0        0010DC
__end_of_read_pipe       text19       0006E0
__end_of_rr_scheduler    text11       001070
__end_of_sem_post        text18       000AFE
__end_of_sem_wait        text17       000CB8
__end_of_setupOS         text2        00124C
__end_of_start_os        text1        0012B4
__end_of_task_idle       text20       0012B0
__end_of_write_pipe      text9        000866
__initialization         cinit        0011D8
__mediumconst            mediumconst  000000
__pbssBIGRAM             bssBIGRAM    0000EE
__pbssCOMRAM             bssCOMRAM    000027
__pcinit                 cinit        0011D8
__pcstackBANK0           cstackBANK0  000080
__pcstackCOMRAM          cstackCOMRAM 000001
__pdataCOMRAM            dataCOMRAM   000047
__pidataCOMRAM           idataCOMRAM  0012B4
__pintcode               intcode      000008
__pintcode_body          intcode_body 000866
__ptext0                 text0        001070
__ptext1                 text1        0012B0
__ptext10                text10       000014
__ptext11                text11       000FEC
__ptext12                text12       000CB8
__ptext13                text13       000E1C
__ptext14                text14       00126E
__ptext15                text15       001190
__ptext16                text16       000F58
__ptext17                text17       000BDC
__ptext18                text18       0009D2
__ptext19                text19       000554
__ptext2                 text2        001216
__ptext20                text20       001290
__ptext3                 text3        0010DC
__ptext4                 text4        000EC2
__ptext5                 text5        001136
__ptext6                 text6        000AFE
__ptext7                 text7        000D74
__ptext8                 text8        00124C
__ptext9                 text9        0006E0
__ramtop                 ramtop       000600
__size_of_SRAMInitHeap   (abs)        000000
__size_of_SRAMalloc      (abs)        000000
__size_of__SRAMmerge     (abs)        000000
__size_of___lwmod        (abs)        000000
__size_of___wmul         (abs)        000000
__size_of_aviao2         (abs)        000000
__size_of_aviao3         (abs)        000000
__size_of_create_pipe    (abs)        000000
__size_of_create_task    (abs)        000000
__size_of_ctpista        (abs)        000000
__size_of_delay          (abs)        000000
__size_of_dispatcher     (abs)        000000
__size_of_int_high       (abs)        000000
__size_of_main           (abs)        000000
__size_of_read_pipe      (abs)        000000
__size_of_rr_scheduler   (abs)        000000
__size_of_sem_post       (abs)        000000
__size_of_sem_wait       (abs)        000000
__size_of_setupOS        (abs)        000000
__size_of_start_os       (abs)        000000
__size_of_task_idle      (abs)        000000
__size_of_write_pipe     (abs)        000000
__smallconst             smallconst   000000
__uDynamicHeap           bssBIGRAM    000314
_aviao2                  text8        00124C
_aviao3                  text14       00126E
_create_pipe             text13       000E1C
_create_task             text3        0010DC
_ctpista                 text16       000F58
_delay                   text15       001190
_dispatcher              text10       000014
_int_high                intcode      000008
_main                    text0        001070
_pipe                    bssCOMRAM    00002B
_quantum                 dataCOMRAM   000047
_read_pipe               text19       000554
_rr_scheduler            text11       000FEC
_s                       bssCOMRAM    000039
_sem_post                text18       0009D2
_sem_wait                text17       000BDC
_setupOS                 text2        001216
_start_os                text1        0012B0
_task_idle               text20       001290
_task_running            bssCOMRAM    000027
_tasks_installed         bssCOMRAM    000029
_write_pipe              text9        0006E0
btemp                    temp         00003B
create_task@id           cstackCOMRAM 000012
create_task@prior        cstackCOMRAM 000014
create_task@task         cstackBANK0  000080
create_task@task_f       cstackCOMRAM 000016
end_of_initialization    cinit        001210
int_func                 intcode_body 000866
int_high@i               cstackCOMRAM 000010
intlevel0                text         000000
intlevel1                text         000000
intlevel2                text         000000
intlevel3                text         000000
ltemp0                   temp         00003B
ltemp1                   temp         00003F
ltemp2                   temp         000043
main@mem                 cstackCOMRAM 000025
stackhi                  (abs)        0005FF
stacklo                  (abs)        000514
start                    init         00000C
start_initialization     cinit        0011D8
ttemp0                   temp         00003B
ttemp1                   temp         00003E
ttemp2                   temp         000041
ttemp3                   temp         000044
wtemp0                   temp         00003B
wtemp1                   temp         00003D
wtemp2                   temp         00003F
wtemp3                   temp         000041
wtemp4                   temp         000043
wtemp5                   temp         000045
wtemp6                   temp         00003C


FUNCTION INFORMATION:

 *************** function _main *****************
 Defined at:
		line 13 in file "main.c"
 Parameters:    Size  Location     Type
		None
 Auto vars:     Size  Location     Type
  mem             2   36[COMRAM] PTR unsigned char 
		 -> _uDynamicHeap(512), NULL(0), 
 Return value:  Size  Location     Type
                  1    wreg      void 
 Registers used:
		wreg, fsr0l, fsr0h, fsr1l, fsr1h, fsr2l, fsr2h, status,2, status,0, btemp, btemp+1, btemp+11, prodl, prodh, cstack
 Tracked objects:
		On entry : 
		On exit  : 
		Unchanged: 
 Data sizes:     COMRAM   BANK0   BANK1   BANK2   BANK3   BANK4   BANK5
      Params:         0       0       0       0       0       0       0
      Locals:         2       0       0       0       0       0       0
      Temps:          0       0       0       0       0       0       0
      Totals:         2       0       0       0       0       0       0
Total ram usage:        2 bytes
 Hardware stack levels required when called:   12
 This function calls:
		_SRAMalloc
		_create_task
		_setupOS
		_start_os
 This function is called by:
		Startup code after reset
 This function uses a non-reentrant model


 *************** function _start_os *****************
 Defined at:
		line 127 in file "kernel.c"
 Parameters:    Size  Location     Type
		None
 Auto vars:     Size  Location     Type
		None
 Return value:  Size  Location     Type
                  1    wreg      void 
 Registers used:
		None
 Tracked objects:
		On entry : 
		On exit  : 
		Unchanged: 
 Data sizes:     COMRAM   BANK0   BANK1   BANK2   BANK3   BANK4   BANK5
      Params:         0       0       0       0       0       0       0
      Locals:         0       0       0       0       0       0       0
      Temps:          0       0       0       0       0       0       0
      Totals:         0       0       0       0       0       0       0
Total ram usage:        0 bytes
 Hardware stack levels used:    1
 Hardware stack levels required when called:    9
 This function calls:
		Nothing
 This function is called by:
		_main
 This function uses a non-reentrant model


 *************** function _setupOS *****************
 Defined at:
		line 79 in file "kernel.c"
 Parameters:    Size  Location     Type
		None
 Auto vars:     Size  Location     Type
		None
 Return value:  Size  Location     Type
                  1    wreg      void 
 Registers used:
		wreg, fsr0l, fsr0h, fsr1l, fsr1h, fsr2l, fsr2h, status,2, status,0, btemp, btemp+1, btemp+11, prodl, prodh, cstack
 Tracked objects:
		On entry : 
		On exit  : 
		Unchanged: 
 Data sizes:     COMRAM   BANK0   BANK1   BANK2   BANK3   BANK4   BANK5
      Params:         0       0       0       0       0       0       0
      Locals:         0       0       0       0       0       0       0
      Temps:          0       0       0       0       0       0       0
      Totals:         0       0       0       0       0       0       0
Total ram usage:        0 bytes
 Hardware stack levels used:    1
 Hardware stack levels required when called:   11
 This function calls:
		_SRAMInitHeap
		_create_task
 This function is called by:
		_main
 This function uses a non-reentrant model


 *************** function _create_task *****************
 Defined at:
		line 19 in file "kernel.c"
 Parameters:    Size  Location     Type
  id              2   17[COMRAM] unsigned int 
  prior           2   19[COMRAM] unsigned int 
  task_f          2   21[COMRAM] PTR FTN()void 
		 -> task_idle(1), aviao3(1), aviao2(1), ctpista(1), 
 Auto vars:     Size  Location     Type
  task          110    0[BANK0 ] struct tcb
 Return value:  Size  Location     Type
                  1    wreg      void 
 Registers used:
		wreg, fsr0l, fsr0h, fsr1l, fsr1h, fsr2l, fsr2h, status,2, status,0, btemp, btemp+1, btemp+11, prodl, prodh
 Tracked objects:
		On entry : 
		On exit  : 
		Unchanged: 
 Data sizes:     COMRAM   BANK0   BANK1   BANK2   BANK3   BANK4   BANK5
      Params:         6       0       0       0       0       0       0
      Locals:         0     110       0       0       0       0       0
      Temps:          0       0       0       0       0       0       0
      Totals:         6     110       0       0       0       0       0
Total ram usage:      116 bytes
 Hardware stack levels used:    1
 Hardware stack levels required when called:   10
 This function calls:
		___wmul
 This function is called by:
		_main
		_setupOS
 This function uses a non-reentrant model


 *************** function ___wmul *****************
 Defined at:
		line 15 in file "/opt/microchip/xc8/v1.45/sources/common/Umul16.c"
 Parameters:    Size  Location     Type
  multiplier      2  [STACK] unsigned int 
  multiplicand    2  [STACK] unsigned int 
 Auto vars:     Size  Location     Type
  product         2  [STACK] unsigned int 
 Return value:  Size  Location     Type
                  2  [STACK] unsigned int 
 Registers used:
		wreg, fsr1l, fsr1h, fsr2l, fsr2h, status,2, status,0, btemp, btemp+1, btemp+11, prodl, prodh
 Tracked objects:
		On entry : 
		On exit  : 
		Unchanged: 
 Data sizes:     COMRAM   BANK0   BANK1   BANK2   BANK3   BANK4   BANK5
      Params:         0       0       0       0       0       0       0
      Locals:         0       0       0       0       0       0       0
      Temps:          0       0       0       0       0       0       0
      Totals:         0       0       0       0       0       0       0
Total ram usage:        0 bytes
 Hardware stack levels used:    1
 Hardware stack levels required when called:    9
 This function calls:
		Nothing
 This function is called by:
		_create_task
		_dispatcher
		_delay
		_int_high
		_rr_scheduler
		_sem_post
		_write_pipe
		_read_pipe
		_get_id
		_prior_scheduler
 This function uses a reentrant model


 *************** function _SRAMInitHeap *****************
 Defined at:
		line 300 in file "memory.c"
 Parameters:    Size  Location     Type
		None
 Auto vars:     Size  Location     Type
  count           2   17[COMRAM] unsigned int 
  pHeap           2   19[COMRAM] near PTR unsigned char 
		 -> _uDynamicHeap(512), 
 Return value:  Size  Location     Type
                  1    wreg      void 
 Registers used:
		wreg, fsr2l, fsr2h, status,2, status,0
 Tracked objects:
		On entry : 
		On exit  : 
		Unchanged: 
 Data sizes:     COMRAM   BANK0   BANK1   BANK2   BANK3   BANK4   BANK5
      Params:         0       0       0       0       0       0       0
      Locals:         4       0       0       0       0       0       0
      Temps:          0       0       0       0       0       0       0
      Totals:         4       0       0       0       0       0       0
Total ram usage:        4 bytes
 Hardware stack levels used:    1
 Hardware stack levels required when called:    9
 This function calls:
		Nothing
 This function is called by:
		_setupOS
 This function uses a non-reentrant model


 *************** function _SRAMalloc *****************
 Defined at:
		line 178 in file "memory.c"
 Parameters:    Size  Location     Type
  nBytes          1    wreg     near unsigned char 
 Auto vars:     Size  Location     Type
  nBytes          1   33[COMRAM] near unsigned char 
  pHeap           2   34[COMRAM] near PTR struct _SALLOC
		 -> _uDynamicHeap(512), 
  temp            2   31[COMRAM] near PTR struct _SALLOC
		 -> _uDynamicHeap(512), 
  segHeader       1   30[COMRAM] struct _SALLOC
  segLen          1   29[COMRAM] unsigned char 
 Return value:  Size  Location     Type
                  2   25[COMRAM] PTR unsigned char 
 Registers used:
		wreg, fsr2l, fsr2h, status,2, status,0, prodl, prodh, cstack
 Tracked objects:
		On entry : 
		On exit  : 
		Unchanged: 
 Data sizes:     COMRAM   BANK0   BANK1   BANK2   BANK3   BANK4   BANK5
      Params:         2       0       0       0       0       0       0
      Locals:         7       0       0       0       0       0       0
      Temps:          2       0       0       0       0       0       0
      Totals:        11       0       0       0       0       0       0
Total ram usage:       11 bytes
 Hardware stack levels used:    1
 Hardware stack levels required when called:   10
 This function calls:
		__SRAMmerge
 This function is called by:
		_main
 This function uses a non-reentrant model


 *************** function __SRAMmerge *****************
 Defined at:
		line 346 in file "memory.c"
 Parameters:    Size  Location     Type
  pSegA           2   17[COMRAM] near PTR struct _SALLOC
		 -> _uDynamicHeap(512), 
 Auto vars:     Size  Location     Type
  pSegB           2   23[COMRAM] near PTR struct _SALLOC
		 -> _uDynamicHeap(512), 
  uSegB           1   22[COMRAM] struct _SALLOC
  uSegA           1   21[COMRAM] struct _SALLOC
  uSum            1   20[COMRAM] struct _SALLOC
 Return value:  Size  Location     Type
                  1    wreg      unsigned char 
 Registers used:
		wreg, fsr2l, fsr2h, status,2, status,0, prodl, prodh
 Tracked objects:
		On entry : 
		On exit  : 
		Unchanged: 
 Data sizes:     COMRAM   BANK0   BANK1   BANK2   BANK3   BANK4   BANK5
      Params:         2       0       0       0       0       0       0
      Locals:         5       0       0       0       0       0       0
      Temps:          1       0       0       0       0       0       0
      Totals:         8       0       0       0       0       0       0
Total ram usage:        8 bytes
 Hardware stack levels used:    1
 Hardware stack levels required when called:    9
 This function calls:
		Nothing
 This function is called by:
		_SRAMalloc
 This function uses a non-reentrant model


 *************** function _aviao2 *****************
 Defined at:
		line 17 in file "tasks.c"
 Parameters:    Size  Location     Type
		None
 Auto vars:     Size  Location     Type
  dado            1    0        unsigned char 
 Return value:  Size  Location     Type
                  1  [STACK] void 
 Registers used:
		wreg, fsr1l, fsr1h, fsr2l, fsr2h, status,2, status,0, btemp, btemp+1, btemp+2, btemp+8, btemp+9, btemp+10, btemp+11, prodl, prodh
 Tracked objects:
		On entry : 
		On exit  : 
		Unchanged: 
 Data sizes:     COMRAM   BANK0   BANK1   BANK2   BANK3   BANK4   BANK5
      Params:         0       0       0       0       0       0       0
      Locals:         0       0       0       0       0       0       0
      Temps:          0       0       0       0       0       0       0
      Totals:         0       0       0       0       0       0       0
Total ram usage:        0 bytes
 Hardware stack levels used:    1
 Hardware stack levels required when called:    8
 This function calls:
		_create_pipe
		_write_pipe
 This function is called by:
		_main
 This function uses a reentrant model


 *************** function _write_pipe *****************
 Defined at:
		line 21 in file "pipe.c"
 Parameters:    Size  Location     Type
  pipe            2  [STACK] PTR struct pipe
		 -> pipe(14), 
  data            1  [STACK] unsigned char 
 Auto vars:     Size  Location     Type
		None
 Return value:  Size  Location     Type
                  1  [STACK] void 
 Registers used:
		wreg, fsr1l, fsr1h, fsr2l, fsr2h, status,2, status,0, btemp, btemp+1, btemp+2, btemp+8, btemp+9, btemp+10, btemp+11, prodl, prodh
 Tracked objects:
		On entry : 
		On exit  : 
		Unchanged: 
 Data sizes:     COMRAM   BANK0   BANK1   BANK2   BANK3   BANK4   BANK5
      Params:         0       0       0       0       0       0       0
      Locals:         0       0       0       0       0       0       0
      Temps:          0       0       0       0       0       0       0
      Totals:         0       0       0       0       0       0       0
Total ram usage:        0 bytes
 Hardware stack levels used:    1
 Hardware stack levels required when called:    7
 This function calls:
		___wmul
		_dispatcher
 This function is called by:
		_aviao2
		_aviao3
 This function uses a reentrant model


 *************** function _dispatcher *****************
 Defined at:
		line 33 in file "kernel.c"
 Parameters:    Size  Location     Type
  state           1  [STACK] enum E3007
 Auto vars:     Size  Location     Type
		None
 Return value:  Size  Location     Type
                  1  [STACK] void 
 Registers used:
		wreg, fsr1l, fsr1h, fsr2l, fsr2h, status,2, status,0, btemp, btemp+1, btemp+2, btemp+8, btemp+9, btemp+10, btemp+11, prodl, prodh
 Tracked objects:
		On entry : 
		On exit  : 
		Unchanged: 
 Data sizes:     COMRAM   BANK0   BANK1   BANK2   BANK3   BANK4   BANK5
      Params:         0       0       0       0       0       0       0
      Locals:         0       0       0       0       0       0       0
      Temps:          0       0       0       0       0       0       0
      Totals:         0       0       0       0       0       0       0
Total ram usage:        0 bytes
 Hardware stack levels used:    1
 Hardware stack levels required when called:    6
 This function calls:
		___wmul
		_rr_scheduler
 This function is called by:
		_delay
		_int_high
		_sem_wait
		_sem_post
		_write_pipe
		_read_pipe
 This function uses a reentrant model


 *************** function _rr_scheduler *****************
 Defined at:
		line 12 in file "scheduler.c"
 Parameters:    Size  Location     Type
		None
 Auto vars:     Size  Location     Type
  next_task_to    2  [STACK] unsigned int 
 Return value:  Size  Location     Type
                  2  [STACK] unsigned int 
 Registers used:
		wreg, fsr1l, fsr1h, fsr2l, fsr2h, status,2, status,0, btemp, btemp+1, btemp+2, btemp+10, btemp+11, prodl, prodh
 Tracked objects:
		On entry : 
		On exit  : 
		Unchanged: 
 Data sizes:     COMRAM   BANK0   BANK1   BANK2   BANK3   BANK4   BANK5
      Params:         0       0       0       0       0       0       0
      Locals:         0       0       0       0       0       0       0
      Temps:          0       0       0       0       0       0       0
      Totals:         0       0       0       0       0       0       0
Total ram usage:        0 bytes
 Hardware stack levels used:    1
 Hardware stack levels required when called:    5
 This function calls:
		___lwmod
		___wmul
 This function is called by:
		_dispatcher
 This function uses a reentrant model


 *************** function ___lwmod *****************
 Defined at:
		line 8 in file "/opt/microchip/xc8/v1.45/sources/common/lwmod.c"
 Parameters:    Size  Location     Type
  dividend        2  [STACK] unsigned int 
  divisor         2  [STACK] unsigned int 
 Auto vars:     Size  Location     Type
  counter         1  [STACK] unsigned char 
 Return value:  Size  Location     Type
                  2  [STACK] unsigned int 
 Registers used:
		wreg, fsr1l, fsr1h, status,2, status,0, btemp, btemp+1, btemp+2, btemp+10, btemp+11, prodl
 Tracked objects:
		On entry : 
		On exit  : 
		Unchanged: 
 Data sizes:     COMRAM   BANK0   BANK1   BANK2   BANK3   BANK4   BANK5
      Params:         0       0       0       0       0       0       0
      Locals:         0       0       0       0       0       0       0
      Temps:          0       0       0       0       0       0       0
      Totals:         0       0       0       0       0       0       0
Total ram usage:        0 bytes
 Hardware stack levels used:    1
 Hardware stack levels required when called:    4
 This function calls:
		Nothing
 This function is called by:
		_rr_scheduler
		_sem_wait
		_sem_post
 This function uses a reentrant model


 *************** function _create_pipe *****************
 Defined at:
		line 10 in file "pipe.c"
 Parameters:    Size  Location     Type
  pipe            2  [STACK] PTR struct pipe
		 -> pipe(14), 
 Auto vars:     Size  Location     Type
		None
 Return value:  Size  Location     Type
                  1  [STACK] void 
 Registers used:
		wreg, fsr1l, fsr1h, fsr2l, fsr2h, status,2, status,0, btemp+1, btemp+2
 Tracked objects:
		On entry : 
		On exit  : 
		Unchanged: 
 Data sizes:     COMRAM   BANK0   BANK1   BANK2   BANK3   BANK4   BANK5
      Params:         0       0       0       0       0       0       0
      Locals:         0       0       0       0       0       0       0
      Temps:          0       0       0       0       0       0       0
      Totals:         0       0       0       0       0       0       0
Total ram usage:        0 bytes
 Hardware stack levels used:    1
 Hardware stack levels required when called:    4
 This function calls:
		Nothing
 This function is called by:
		_aviao2
 This function uses a reentrant model


 *************** function _aviao3 *****************
 Defined at:
		line 34 in file "tasks.c"
 Parameters:    Size  Location     Type
		None
 Auto vars:     Size  Location     Type
		None
 Return value:  Size  Location     Type
                  1  [STACK] void 
 Registers used:
		wreg, fsr0l, fsr0h, fsr1l, fsr1h, fsr2l, fsr2h, status,2, status,0, btemp, btemp+1, btemp+2, btemp+8, btemp+9, btemp+10, btemp+11, prodl, prodh
 Tracked objects:
		On entry : 
		On exit  : 
		Unchanged: 
 Data sizes:     COMRAM   BANK0   BANK1   BANK2   BANK3   BANK4   BANK5
      Params:         0       0       0       0       0       0       0
      Locals:         0       0       0       0       0       0       0
      Temps:          0       0       0       0       0       0       0
      Totals:         0       0       0       0       0       0       0
Total ram usage:        0 bytes
 Hardware stack levels used:    1
 Hardware stack levels required when called:    8
 This function calls:
		_delay
		_write_pipe
 This function is called by:
		_main
 This function uses a reentrant model


 *************** function _delay *****************
 Defined at:
		line 58 in file "kernel.c"
 Parameters:    Size  Location     Type
  time_ms         2  [STACK] unsigned int 
 Auto vars:     Size  Location     Type
		None
 Return value:  Size  Location     Type
                  1  [STACK] void 
 Registers used:
		wreg, fsr0l, fsr0h, fsr1l, fsr1h, fsr2l, fsr2h, status,2, status,0, btemp, btemp+1, btemp+2, btemp+8, btemp+9, btemp+10, btemp+11, prodl, prodh
 Tracked objects:
		On entry : 
		On exit  : 
		Unchanged: 
 Data sizes:     COMRAM   BANK0   BANK1   BANK2   BANK3   BANK4   BANK5
      Params:         0       0       0       0       0       0       0
      Locals:         0       0       0       0       0       0       0
      Temps:          0       0       0       0       0       0       0
      Totals:         0       0       0       0       0       0       0
Total ram usage:        0 bytes
 Hardware stack levels used:    1
 Hardware stack levels required when called:    7
 This function calls:
		___wmul
		_dispatcher
 This function is called by:
		_aviao3
 This function uses a reentrant model


 *************** function _ctpista *****************
 Defined at:
		line 47 in file "tasks.c"
 Parameters:    Size  Location     Type
		None
 Auto vars:     Size  Location     Type
  dado            2  [STACK] int 
 Return value:  Size  Location     Type
                  1  [STACK] void 
 Registers used:
		wreg, fsr1l, fsr1h, fsr2l, fsr2h, status,2, status,0, btemp, btemp+1, btemp+2, btemp+8, btemp+9, btemp+10, btemp+11, prodl, prodh
 Tracked objects:
		On entry : 
		On exit  : 
		Unchanged: 
 Data sizes:     COMRAM   BANK0   BANK1   BANK2   BANK3   BANK4   BANK5
      Params:         0       0       0       0       0       0       0
      Locals:         0       0       0       0       0       0       0
      Temps:          0       0       0       0       0       0       0
      Totals:         0       0       0       0       0       0       0
Total ram usage:        0 bytes
 Hardware stack levels used:    1
 Hardware stack levels required when called:    8
 This function calls:
		_read_pipe
		_sem_post
		_sem_wait
 This function is called by:
		_main
 This function uses a reentrant model


 *************** function _sem_wait *****************
 Defined at:
		line 17 in file "semaphore.c"
 Parameters:    Size  Location     Type
  s               2  [STACK] PTR struct sem
		 -> s(2), 
 Auto vars:     Size  Location     Type
		None
 Return value:  Size  Location     Type
                  1  [STACK] void 
 Registers used:
		wreg, fsr1l, fsr1h, fsr2l, fsr2h, status,2, status,0, btemp, btemp+1, btemp+2, btemp+8, btemp+9, btemp+10, btemp+11, prodl, prodh
 Tracked objects:
		On entry : 
		On exit  : 
		Unchanged: 
 Data sizes:     COMRAM   BANK0   BANK1   BANK2   BANK3   BANK4   BANK5
      Params:         0       0       0       0       0       0       0
      Locals:         0       0       0       0       0       0       0
      Temps:          0       0       0       0       0       0       0
      Totals:         0       0       0       0       0       0       0
Total ram usage:        0 bytes
 Hardware stack levels used:    1
 Hardware stack levels required when called:    7
 This function calls:
		___lwmod
		_dispatcher
 This function is called by:
		_ctpista
 This function uses a reentrant model


 *************** function _sem_post *****************
 Defined at:
		line 32 in file "semaphore.c"
 Parameters:    Size  Location     Type
  s               2  [STACK] PTR struct sem
		 -> s(2), 
 Auto vars:     Size  Location     Type
		None
 Return value:  Size  Location     Type
                  1  [STACK] void 
 Registers used:
		wreg, fsr1l, fsr1h, fsr2l, fsr2h, status,2, status,0, btemp, btemp+1, btemp+2, btemp+8, btemp+9, btemp+10, btemp+11, prodl, prodh
 Tracked objects:
		On entry : 
		On exit  : 
		Unchanged: 
 Data sizes:     COMRAM   BANK0   BANK1   BANK2   BANK3   BANK4   BANK5
      Params:         0       0       0       0       0       0       0
      Locals:         0       0       0       0       0       0       0
      Temps:          0       0       0       0       0       0       0
      Totals:         0       0       0       0       0       0       0
Total ram usage:        0 bytes
 Hardware stack levels used:    1
 Hardware stack levels required when called:    7
 This function calls:
		___lwmod
		___wmul
		_dispatcher
 This function is called by:
		_ctpista
 This function uses a reentrant model


 *************** function _read_pipe *****************
 Defined at:
		line 50 in file "pipe.c"
 Parameters:    Size  Location     Type
  pipe            2  [STACK] PTR struct pipe
		 -> pipe(14), 
 Auto vars:     Size  Location     Type
  dado            1  [STACK] unsigned char 
 Return value:  Size  Location     Type
                  1  [STACK] unsigned char 
 Registers used:
		wreg, fsr1l, fsr1h, fsr2l, fsr2h, status,2, status,0, btemp, btemp+1, btemp+2, btemp+8, btemp+9, btemp+10, btemp+11, prodl, prodh
 Tracked objects:
		On entry : 
		On exit  : 
		Unchanged: 
 Data sizes:     COMRAM   BANK0   BANK1   BANK2   BANK3   BANK4   BANK5
      Params:         0       0       0       0       0       0       0
      Locals:         0       0       0       0       0       0       0
      Temps:          0       0       0       0       0       0       0
      Totals:         0       0       0       0       0       0       0
Total ram usage:        0 bytes
 Hardware stack levels used:    1
 Hardware stack levels required when called:    7
 This function calls:
		___wmul
		_dispatcher
 This function is called by:
		_ctpista
 This function uses a reentrant model


 *************** function _task_idle *****************
 Defined at:
		line 68 in file "kernel.c"
 Parameters:    Size  Location     Type
		None
 Auto vars:     Size  Location     Type
		None
 Return value:  Size  Location     Type
                  1  [STACK] void 
 Registers used:
		wreg, status,2, status,0, btemp+11
 Tracked objects:
		On entry : 
		On exit  : 
		Unchanged: 
 Data sizes:     COMRAM   BANK0   BANK1   BANK2   BANK3   BANK4   BANK5
      Params:         0       0       0       0       0       0       0
      Locals:         0       0       0       0       0       0       0
      Temps:          0       0       0       0       0       0       0
      Totals:         0       0       0       0       0       0       0
Total ram usage:        0 bytes
 Hardware stack levels used:    1
 Hardware stack levels required when called:    4
 This function calls:
		Nothing
 This function is called by:
		_setupOS
 This function uses a reentrant model


 *************** function _int_high *****************
 Defined at:
		line 102 in file "kernel.c"
 Parameters:    Size  Location     Type
		None
 Auto vars:     Size  Location     Type
  i               2   15[COMRAM] unsigned int 
 Return value:  Size  Location     Type
                  1    wreg      void 
 Registers used:
		wreg, fsr1l, fsr1h, fsr2l, fsr2h, status,2, status,0, btemp, btemp+1, btemp+2, btemp+8, btemp+9, btemp+10, btemp+11, prodl, prodh
 Tracked objects:
		On entry : 
		On exit  : 
		Unchanged: 
 Data sizes:     COMRAM   BANK0   BANK1   BANK2   BANK3   BANK4   BANK5
      Params:         0       0       0       0       0       0       0
      Locals:         2       0       0       0       0       0       0
      Temps:         15       0       0       0       0       0       0
      Totals:        17       0       0       0       0       0       0
Total ram usage:       17 bytes
 Hardware stack levels used:    1
 Hardware stack levels required when called:    3
 This function calls:
		___wmul
		_dispatcher
 This function is called by:
		Interrupt level 2
 This function uses a non-reentrant model



MODULE INFORMATION

Module		Function		Class		Link	Load	Size
semaphore.c
		_sem_wait      		CODE           	0BDC	0000	221
		_sem_post      		CODE           	09D2	0000	301

semaphore.c estimated size: 522

/opt/microchip/xc8/v1.45/sources/common/lwmod.c
		___lwmod       		CODE           	0CB8	0000	189

/opt/microchip/xc8/v1.45/sources/common/lwmod.c estimated size: 189

tasks.c
		_aviao3        		CODE           	126E	0000	35
		_aviao2        		CODE           	124C	0000	35
		_ctpista       		CODE           	0F58	0000	149

tasks.c estimated size: 219

kernel.c
		_setupOS       		CODE           	1216	0000	55
		_delay         		CODE           	1190	0000	73
		_create_task   		CODE           	10DC	0000	91
		_int_high      		CODE           	0008	0000	369
		_dispatcher    		CODE           	0014	0000	1345
		_start_os      		CODE           	12B0	0000	5
		_task_idle     		CODE           	1290	0000	33

kernel.c estimated size: 1971

shared
		__initialization		CODE           	11D8	0000	57

shared estimated size: 57

pipe.c
		_read_pipe     		CODE           	0554	0000	397
		_create_pipe   		CODE           	0E1C	0000	167
		_write_pipe    		CODE           	06E0	0000	391

pipe.c estimated size: 955

scheduler.c
		_rr_scheduler  		CODE           	0FEC	0000	133

scheduler.c estimated size: 133

main.c
		_main          		CODE           	1070	0000	109

main.c estimated size: 109

/opt/microchip/xc8/v1.45/sources/common/Umul16.c
		___wmul        		CODE           	0EC2	0000	151

/opt/microchip/xc8/v1.45/sources/common/Umul16.c estimated size: 151

memory.c
		__SRAMmerge    		CODE           	0D74	0000	169
		_SRAMalloc     		CODE           	0AFE	0000	223
		_SRAMInitHeap  		CODE           	1136	0000	91

memory.c estimated size: 483

