Microchip MPLAB XC8 Compiler V1.45 ()

Linker command line:

-W-3 --edf=/opt/microchip/xc8/v1.45/dat/en_msgs.txt -cs \
  -h+dist/default/production/S.O-Embarcados-master.production.sym \
  --cmf=dist/default/production/S.O-Embarcados-master.production.cmf -z \
  -Q18F4520 -o/tmp/xcXaisFsR \
  -Mdist/default/production/S.O-Embarcados-master.production.map -E1 \
  -ver=XC8 -ASTACK=03AAh-05ffh -pstack=STACK -ACODE=00h-07FFFh \
  -ACONST=00h-07FFFh -ASMALLCONST=0600h-06FFhx122 \
  -AMEDIUMCONST=0600h-07FFFh -ACOMRAM=01h-07Fh -AABS1=00h-05FFh \
  -ABIGRAM=01h-05FFh -ARAM=080h-0FFh,0100h-01FFhx5 -ABANK0=080h-0FFh \
  -ABANK1=0100h-01FFh -ABANK2=0200h-02FFh -ABANK3=0300h-03FFh \
  -ABANK4=0400h-04FFh -ABANK5=0500h-05FFh -ASFR=0F80h-0FFFh \
  -preset_vec=00h,intcode=08h,intcodelo,powerup,init -pramtop=0600h \
  -psmallconst=SMALLCONST -pmediumconst=MEDIUMCONST -pconst=CONST \
  -AFARRAM=00h-00h -ACONFIG=0300000h-030000Dh -pconfig=CONFIG \
  -AIDLOC=0200000h-0200007h -pidloc=IDLOC -AEEDATA=0F00000h-0F000FFh \
  -peeprom_data=EEDATA \
  -prdata=COMRAM,nvrram=COMRAM,nvbit=COMRAM,rbss=COMRAM,rbit=COMRAM \
  -pfarbss=FARRAM,fardata=FARRAM,nvFARRAM=FARRAM \
  -pintsave_regs=BIGRAM,bigbss=BIGRAM,bigdata=BIGRAM -pbss=RAM \
  -pidata=CODE,irdata=CODE,ibigdata=CODE,ifardata=CODE -prparam=COMRAM \
  /tmp/xcXGnx5VK.obj \
  dist/default/production/S.O-Embarcados-master.production.obj 

Object code version is 3.11

Machine type is 18F4520

Call graph: (short form)




                Name                               Link     Load   Length Selector   Space Scale
/tmp/xcXGnx5VK.obj
                stack                               3AA      3AA      256      3AA       2
                init                                  C        C        8        4       0
                reset_vec                             0        0        4        0       0
                idloc                            200000   200000        8   200000       0
                config                           300000   300000        E   300000       0
dist/default/production/S.O-Embarcados-master.production.obj
                intcode                               8        8        4        4       0
                temp                                 5A       5A        C        1       1
                smallconst                          600      600        6      300       0
                intcode_body                        CE8      CE8      16C      303       0
                text25                             1DB4     1DB4        2      303       0
                text24                             123E     123E      132      303       0
                text23                             1B52     1B52       74      303       0
                text22                             147E     147E       E4      303       0
                text21                             190A     190A       9A      303       0
                text20                             10FA     10FA      144      303       0
                text19                             1864     1864       A6      303       0
                text18                             1ACC     1ACC       86      303       0
                text17                             1644     1644       BC      303       0
                text16                             1700     1700       B8      303       0
                text15                             1562     1562       E2      303       0
                text14                              606      606      540      303       0
                text13                             1D26     1D26       48      303       0
                text12                              E54      E54      154      303       0
                text11                             1370     1370      10E      303       0
                text10                             1A3A     1A3A       92      303       0
                text9                              1DA8     1DA8        6      303       0
                text8                               FA8      FA8      152      303       0
                text7                               B46      B46      1A2      303       0
                text6                              1C7A     1C7A       5A      303       0
                text5                              1C20     1C20       5A      303       0
                text4                              19A4     19A4       96      303       0
                text3                              1BC6     1BC6       5A      303       0
                text2                              1D6E     1D6E       3A      303       0
                text1                              1DAE     1DAE        4      303       0
                text0                              17B8     17B8       AC      303       0
                cstackCOMRAM                         43       43       17        1       1
                cstackBANK0                          80       80       11       80       1
                bssBIGRAM                           1AA      1AA      200      1AA       1
                bssBANK1                            100      100       AA      100       1
                dataCOMRAM                           66       66        2        1       1
                bssCOMRAM                             1        1       42        1       1
                cinit                              1CD4     1CD4       52      303       0
                idataCOMRAM                        1DB2     1DB2        2      303       0

TOTAL           Name                               Link     Load   Length     Space
        CLASS   STACK          
                stack                               3AA      3AA      256         2

        CLASS   CODE           
                intcode                               8        8        4         0
                init                                  C        C        8         0
                reset_vec                             0        0        4         0
                intcode_body                        CE8      CE8      16C         0
                text25                             1DB4     1DB4        2         0
                text24                             123E     123E      132         0
                text23                             1B52     1B52       74         0
                text22                             147E     147E       E4         0
                text21                             190A     190A       9A         0
                text20                             10FA     10FA      144         0
                text19                             1864     1864       A6         0
                text18                             1ACC     1ACC       86         0
                text17                             1644     1644       BC         0
                text16                             1700     1700       B8         0
                text15                             1562     1562       E2         0
                text14                              606      606      540         0
                text13                             1D26     1D26       48         0
                text12                              E54      E54      154         0
                text11                             1370     1370      10E         0
                text10                             1A3A     1A3A       92         0
                text9                              1DA8     1DA8        6         0
                text8                               FA8      FA8      152         0
                text7                               B46      B46      1A2         0
                text6                              1C7A     1C7A       5A         0
                text5                              1C20     1C20       5A         0
                text4                              19A4     19A4       96         0
                text3                              1BC6     1BC6       5A         0
                text2                              1D6E     1D6E       3A         0
                text1                              1DAE     1DAE        4         0
                text0                              17B8     17B8       AC         0
                cinit                              1CD4     1CD4       52         0
                idataCOMRAM                        1DB2     1DB2        2         0

        CLASS   CONST          

        CLASS   SMALLCONST     
                smallconst                          600      600        6         0

        CLASS   MEDIUMCONST    

        CLASS   COMRAM         
                temp                                 5A       5A        C         1
                cstackCOMRAM                         43       43       17         1
                dataCOMRAM                           66       66        2         1
                bssCOMRAM                             1        1       42         1

        CLASS   ABS1           

        CLASS   BIGRAM         
                bssBIGRAM                           1AA      1AA      200         1

        CLASS   RAM            

        CLASS   BANK0          
                cstackBANK0                          80       80       11         1

        CLASS   BANK1          
                bssBANK1                            100      100       AA         1

        CLASS   BANK2          

        CLASS   BANK3          

        CLASS   BANK4          

        CLASS   BANK5          

        CLASS   SFR            

        CLASS   FARRAM         

        CLASS   CONFIG         
                config                           300000   300000        E         0

        CLASS   IDLOC          
                idloc                            200000   200000        8         0

        CLASS   EEDATA         



SEGMENTS        Name                           Load    Length   Top    Selector   Space  Class

                reset_vec                      000000  000004  000004         0       0  CODE    
                bssCOMRAM                      000001  000067  000068         1       1  COMRAM  
                intcode                        000008  00000C  000014         4       0  CODE    
                cstackBANK0                    000080  000011  000091        80       1  BANK0   
                bssBANK1                       000100  0000AA  0001AA       100       1  BANK1   
                bssBIGRAM                      0001AA  000200  0003AA       1AA       1  BIGRAM  
                stack                          0003AA  000256  000600       3AA       2  STACK   
                smallconst                     000600  000006  000606       300       0  SMALLCON
                text14                         000606  0017B0  001DB6       303       0  CODE    
                idloc                          200000  000008  200008    200000       0  IDLOC   
                config                         300000  00000E  30000E    300000       0  CONFIG  


UNUSED ADDRESS RANGES

        Name                Unused          Largest block    Delta
        BANK0            000091-0000FF               6F
        BANK3            0003AA-0003FF               56
        BANK4            000400-0004FF              100
        BANK5            000500-0005FF              100
        BIGRAM           000068-00007F               18
                         000091-0000FF               6F
                         0003AA-0005FF              256
        CODE             000004-000007                4
                         000014-0005FF              5EC
                         001DB6-007FFF             624A
        COMRAM           000068-00007F               18
        CONST            000004-000007                4
                         000014-0005FF              5EC
                         001DB6-007FFF             624A
        EEDATA           F00000-F000FF              100
        MEDIUMCONST      001DB6-007FFF             624A
        RAM              000091-0000FF               6F
                         0003AA-0005FF              100
        SFR              000F80-000FFF               80
        SMALLCONST       001DB6-007FFF              100

                                  Symbol Table

SRAMInitHeap@count         cstackCOMRAM 000054
SRAMInitHeap@pHeap         cstackCOMRAM 000056
_BSR                       (abs)        000FE0
_F_APTOS                   bssBANK1     000100
_INTCONbits                (abs)        000FF2
_LATBbits                  (abs)        000F8A
_LATCbits                  (abs)        000F8B
_PORTB                     (abs)        000F81
_PORTBbits                 (abs)        000F81
_PORTCbits                 (abs)        000F82
_PORTDbits                 (abs)        000F83
_PORTEbits                 (abs)        000F84
_SRAMInitHeap              text5        001C20
_SRAMalloc                 text7        000B46
_STATUS                    (abs)        000FD8
_STKPTR                    (abs)        000FFC
_T0CONbits                 (abs)        000FD5
_TMR0L                     (abs)        000FD6
_TOS                       (abs)        000FFD
_TOSH                      (abs)        000FFE
_TOSL                      (abs)        000FFD
_TOSU                      (abs)        000FFF
_TRISB                     (abs)        000F93
_TRISBbits                 (abs)        000F93
_TRISCbits                 (abs)        000F94
_TRISD                     (abs)        000F95
_WREG                      (abs)        000FE8
__HRAM                     (abs)        000000
__Habs1                    abs1         000000
__Hbank0                   bank0        000000
__Hbank1                   bank1        000000
__Hbank2                   bank2        000000
__Hbank3                   bank3        000000
__Hbank4                   bank4        000000
__Hbank5                   bank5        000000
__Hbigbss                  bigbss       000000
__Hbigdata                 bigdata      000000
__Hbigram                  bigram       000000
__Hbss                     bss          000000
__HbssBANK1                bssBANK1     000000
__HbssBIGRAM               bssBIGRAM    000000
__HbssCOMRAM               bssCOMRAM    000000
__Hcinit                   cinit        000000
__Hclrtext                 clrtext      000000
__Hcomram                  comram       000000
__Hconfig                  config       30000E
__Hconst                   const        000000
__HcstackBANK0             cstackBANK0  000000
__HcstackCOMRAM            cstackCOMRAM 000000
__Hdata                    data         000000
__HdataCOMRAM              dataCOMRAM   000000
__Heeprom_data             eeprom_data  000000
__Hfarbss                  farbss       000000
__Hfardata                 fardata      000000
__Hibigdata                ibigdata     000000
__Hidata                   idata        000000
__HidataCOMRAM             idataCOMRAM  000000
__Hidloc                   idloc        200008
__Hifardata                ifardata     000000
__Hinit                    init         000014
__Hintcode                 intcode      00000C
__Hintcode_body            intcode_body 000000
__Hintcodelo               intcodelo    00000C
__Hintentry                intentry     000000
__Hintret                  intret       000000
__Hintsave_regs            intsave_regs 000000
__Hirdata                  irdata       000000
__Hmediumconst             mediumconst  000000
__HnvFARRAM                nvFARRAM     000000
__Hnvbit                   nvbit        000000
__Hnvrram                  nvrram       000000
__Hparam                   rparam       000000
__Hpowerup                 powerup      00000C
__Hram                     ram          000000
__Hramtop                  ramtop       000600
__Hrbit                    rbit         000000
__Hrbss                    rbss         000000
__Hrdata                   rdata        000000
__Hreset_vec               reset_vec    000004
__Hrparam                  rparam       000000
__Hsfr                     sfr          000000
__Hsmallconst              smallconst   000606
__Hspace_0                 (abs)        30000E
__Hspace_1                 (abs)        0003AA
__Hspace_2                 (abs)        000600
__Hstack                   stack        000600
__Hstruct                  struct       000000
__Htemp                    temp         000066
__Htext                    text         000000
__Htext0                   text0        000000
__Htext1                   text1        000000
__Htext10                  text10       000000
__Htext11                  text11       000000
__Htext12                  text12       000000
__Htext13                  text13       000000
__Htext14                  text14       000000
__Htext15                  text15       000000
__Htext16                  text16       000000
__Htext17                  text17       000000
__Htext18                  text18       000000
__Htext19                  text19       000000
__Htext2                   text2        000000
__Htext20                  text20       000000
__Htext21                  text21       000000
__Htext22                  text22       000000
__Htext23                  text23       000000
__Htext24                  text24       000000
__Htext25                  text25       000000
__Htext3                   text3        000000
__Htext4                   text4        000000
__Htext5                   text5        000000
__Htext6                   text6        000000
__Htext7                   text7        000000
__Htext8                   text8        000000
__Htext9                   text9        000000
__LRAM                     (abs)        000001
__Labs1                    abs1         000000
__Lbank0                   bank0        000000
__Lbank1                   bank1        000000
__Lbank2                   bank2        000000
__Lbank3                   bank3        000000
__Lbank4                   bank4        000000
__Lbank5                   bank5        000000
__Lbigbss                  bigbss       000000
__Lbigdata                 bigdata      000000
__Lbigram                  bigram       000000
__Lbss                     bss          000000
__LbssBANK1                bssBANK1     000000
__LbssBIGRAM               bssBIGRAM    000000
__LbssCOMRAM               bssCOMRAM    000000
__Lcinit                   cinit        000000
__Lclrtext                 clrtext      000000
__Lcomram                  comram       000000
__Lconfig                  config       300000
__Lconst                   const        000000
__LcstackBANK0             cstackBANK0  000000
__LcstackCOMRAM            cstackCOMRAM 000000
__Ldata                    data         000000
__LdataCOMRAM              dataCOMRAM   000000
__Leeprom_data             eeprom_data  000000
__Lfarbss                  farbss       000000
__Lfardata                 fardata      000000
__Libigdata                ibigdata     000000
__Lidata                   idata        000000
__LidataCOMRAM             idataCOMRAM  000000
__Lidloc                   idloc        200000
__Lifardata                ifardata     000000
__Linit                    init         00000C
__Lintcode                 intcode      000008
__Lintcode_body            intcode_body 000000
__Lintcodelo               intcodelo    00000C
__Lintentry                intentry     000000
__Lintret                  intret       000000
__Lintsave_regs            intsave_regs 000000
__Lirdata                  irdata       000000
__Lmediumconst             mediumconst  000000
__LnvFARRAM                nvFARRAM     000000
__Lnvbit                   nvbit        000000
__Lnvrram                  nvrram       000000
__Lparam                   rparam       000000
__Lpowerup                 powerup      00000C
__Lram                     ram          000000
__Lramtop                  ramtop       000600
__Lrbit                    rbit         000000
__Lrbss                    rbss         000000
__Lrdata                   rdata        000000
__Lreset_vec               reset_vec    000000
__Lrparam                  rparam       000000
__Lsfr                     sfr          000000
__Lsmallconst              smallconst   000600
__Lspace_0                 (abs)        000000
__Lspace_1                 (abs)        000000
__Lspace_2                 (abs)        000000
__Lstack                   stack        0003AA
__Lstruct                  struct       000000
__Ltemp                    temp         00005A
__Ltext                    text         000000
__Ltext0                   text0        000000
__Ltext1                   text1        000000
__Ltext10                  text10       000000
__Ltext11                  text11       000000
__Ltext12                  text12       000000
__Ltext13                  text13       000000
__Ltext14                  text14       000000
__Ltext15                  text15       000000
__Ltext16                  text16       000000
__Ltext17                  text17       000000
__Ltext18                  text18       000000
__Ltext19                  text19       000000
__Ltext2                   text2        000000
__Ltext20                  text20       000000
__Ltext21                  text21       000000
__Ltext22                  text22       000000
__Ltext23                  text23       000000
__Ltext24                  text24       000000
__Ltext25                  text25       000000
__Ltext3                   text3        000000
__Ltext4                   text4        000000
__Ltext5                   text5        000000
__Ltext6                   text6        000000
__Ltext7                   text7        000000
__Ltext8                   text8        000000
__Ltext9                   text9        000000
__S0                       (abs)        30000E
__S1                       (abs)        0003AA
__S2                       (abs)        000600
__SRAMmerge                text8        000FA8
___inthi_sp                stack        000472
___intlo_sp                stack        000539
___lwmod                   text17       001644
___param_bank              (abs)        000000
___rparam_used             (abs)        000001
___sp                      stack        0003AA
___wmul                    text4        0019A4
__accesstop                (abs)        000080
__activetblptr             (abs)        000001
__end_of_SRAMInitHeap      text5        001C7A
__end_of_SRAMalloc         text7        000CE8
__end_of_STACK_SIZE        smallconst   000603
__end_of__SRAMmerge        text8        0010FA
__end_of___lwmod           text17       001700
__end_of___wmul            text4        001A3A
__end_of__initialization   cinit        001D18
__end_of_acender           text23       001BC6
__end_of_confi_port        text9        001DAE
__end_of_contagemR         text16       0017B8
__end_of_create_task       text3        001C20
__end_of_delay             text13       001D6E
__end_of_dispatcher        text14       000B46
__end_of_int_high          intcode_body 000E54
__end_of_led_1             text10       001ACC
__end_of_led_2             text18       001B52
__end_of_led_3             text19       00190A
__end_of_libera_processos  text21       0019A4
__end_of_main              text0        001864
__end_of_pipe_create       text22       001562
__end_of_pipe_read         text24       001370
__end_of_pipe_write        text20       00123E
__end_of_rr_scheduler      text15       001644
__end_of_sem_init          text6        001CD4
__end_of_sem_post          text12       000FA8
__end_of_sem_wait          text11       00147E
__end_of_setupOS           text2        001DA8
__end_of_start_os          text1        001DB2
__end_of_task_idle         text25       001DB6
__initialization           cinit        001CD4
__mediumconst              mediumconst  000000
__pbssBANK1                bssBANK1     000100
__pbssBIGRAM               bssBIGRAM    0001AA
__pbssCOMRAM               bssCOMRAM    000001
__pcinit                   cinit        001CD4
__pcstackBANK0             cstackBANK0  000080
__pcstackCOMRAM            cstackCOMRAM 000043
__pdataCOMRAM              dataCOMRAM   000066
__pidataCOMRAM             idataCOMRAM  001DB2
__pintcode                 intcode      000008
__pintcode_body            intcode_body 000CE8
__psmallconst              smallconst   000600
__ptext0                   text0        0017B8
__ptext1                   text1        001DAE
__ptext10                  text10       001A3A
__ptext11                  text11       001370
__ptext12                  text12       000E54
__ptext13                  text13       001D26
__ptext14                  text14       000606
__ptext15                  text15       001562
__ptext16                  text16       001700
__ptext17                  text17       001644
__ptext18                  text18       001ACC
__ptext19                  text19       001864
__ptext2                   text2        001D6E
__ptext20                  text20       0010FA
__ptext21                  text21       00190A
__ptext22                  text22       00147E
__ptext23                  text23       001B52
__ptext24                  text24       00123E
__ptext25                  text25       001DB4
__ptext3                   text3        001BC6
__ptext4                   text4        0019A4
__ptext5                   text5        001C20
__ptext6                   text6        001C7A
__ptext7                   text7        000B46
__ptext8                   text8        000FA8
__ptext9                   text9        001DA8
__ramtop                   ramtop       000600
__size_of_SRAMInitHeap     (abs)        000000
__size_of_SRAMalloc        (abs)        000000
__size_of__SRAMmerge       (abs)        000000
__size_of___lwmod          (abs)        000000
__size_of___wmul           (abs)        000000
__size_of_acender          (abs)        000000
__size_of_confi_port       (abs)        000000
__size_of_contagemR        (abs)        000000
__size_of_create_task      (abs)        000000
__size_of_delay            (abs)        000000
__size_of_dispatcher       (abs)        000000
__size_of_int_high         (abs)        000000
__size_of_led_1            (abs)        000000
__size_of_led_2            (abs)        000000
__size_of_led_3            (abs)        000000
__size_of_libera_processos (abs)        000000
__size_of_main             (abs)        000000
__size_of_pipe_create      (abs)        000000
__size_of_pipe_read        (abs)        000000
__size_of_pipe_write       (abs)        000000
__size_of_rr_scheduler     (abs)        000000
__size_of_sem_init         (abs)        000000
__size_of_sem_post         (abs)        000000
__size_of_sem_wait         (abs)        000000
__size_of_setupOS          (abs)        000000
__size_of_start_os         (abs)        000000
__size_of_task_idle        (abs)        000000
__smallconst               smallconst   000600
__uDynamicHeap             bssBIGRAM    0001AA
_acender                   text23       001B52
_confi_port                text9        001DA8
_cont                      bssCOMRAM    000015
_contagemR                 text16       001700
_create_task               text3        001BC6
_delay                     text13       001D26
_dispatcher                text14       000606
_int_high                  intcode      000008
_led_1                     text10       001A3A
_led_2                     text18       001ACC
_led_3                     text19       001864
_libera_processos          text21       00190A
_main                      text0        0017B8
_mensagens                 bssCOMRAM    000001
_pipe_create               text22       00147E
_pipe_read                 text24       00123E
_pipe_write                text20       0010FA
_pipeluzes                 bssCOMRAM    000027
_quantum                   dataCOMRAM   000066
_rr_scheduler              text15       001562
_sem_init                  text6        001C7A
_sem_post                  text12       000E54
_sem_wait                  text11       001370
_setupOS                   text2        001D6E
_spista                    bssCOMRAM    00003B
_start_os                  text1        001DAE
_t1                        bssCOMRAM    000033
_t2                        bssCOMRAM    00000D
_task_idle                 text25       001DB4
_task_running              bssCOMRAM    000017
_tasks_installed           bssCOMRAM    000019
_testL                     bssCOMRAM    00001B
btemp                      temp         00005A
create_task@id             cstackCOMRAM 000054
create_task@prior          cstackCOMRAM 000056
create_task@task           cstackBANK0  000080
create_task@task_f         cstackCOMRAM 000058
end_of_initialization      cinit        001D18
int_func                   intcode_body 000CE8
int_high@i                 cstackCOMRAM 000052
intlevel0                  text         000000
intlevel1                  text         000000
intlevel2                  text         000000
intlevel3                  text         000000
ltemp0                     temp         00005A
ltemp1                     temp         00005E
ltemp2                     temp         000062
sem_init@s                 cstackCOMRAM 000054
sem_init@value             cstackCOMRAM 000056
stackhi                    (abs)        0005FF
stacklo                    (abs)        0003AA
start                      init         00000C
start_initialization       cinit        001CD4
ttemp0                     temp         00005A
ttemp1                     temp         00005D
ttemp2                     temp         000060
ttemp3                     temp         000063
wtemp0                     temp         00005A
wtemp1                     temp         00005C
wtemp2                     temp         00005E
wtemp3                     temp         000060
wtemp4                     temp         000062
wtemp5                     temp         000064
wtemp6                     temp         00005B


FUNCTION INFORMATION:

 *************** function _main *****************
 Defined at:
		line 18 in file "main.c"
 Parameters:    Size  Location     Type
		None
 Auto vars:     Size  Location     Type
		None
 Return value:  Size  Location     Type
                  1    wreg      void 
 Registers used:
		wreg, fsr0l, fsr0h, fsr1l, fsr1h, fsr2l, fsr2h, status,2, status,0, btemp, btemp+1, btemp+2, btemp+10, btemp+11, prodl, prodh, cstack
 Tracked objects:
		On entry : 
		On exit  : 
		Unchanged: 
 Data sizes:     COMRAM   BANK0   BANK1   BANK2   BANK3   BANK4   BANK5
      Params:         0       0       0       0       0       0       0
      Locals:         0       0       0       0       0       0       0
      Temps:          0       0       0       0       0       0       0
      Totals:         0       0       0       0       0       0       0
Total ram usage:        0 bytes
 Hardware stack levels required when called:   14
 This function calls:
		_SRAMInitHeap
		_confi_port
		_create_task
		_sem_init
		_setupOS
		_start_os
 This function is called by:
		Startup code after reset
 This function uses a non-reentrant model


 *************** function _start_os *****************
 Defined at:
		line 155 in file "kernel.c"
 Parameters:    Size  Location     Type
		None
 Auto vars:     Size  Location     Type
		None
 Return value:  Size  Location     Type
                  1    wreg      void 
 Registers used:
		None
 Tracked objects:
		On entry : 
		On exit  : 
		Unchanged: 
 Data sizes:     COMRAM   BANK0   BANK1   BANK2   BANK3   BANK4   BANK5
      Params:         0       0       0       0       0       0       0
      Locals:         0       0       0       0       0       0       0
      Temps:          0       0       0       0       0       0       0
      Totals:         0       0       0       0       0       0       0
Total ram usage:        0 bytes
 Hardware stack levels used:    1
 Hardware stack levels required when called:   11
 This function calls:
		Nothing
 This function is called by:
		_main
 This function uses a non-reentrant model


 *************** function _setupOS *****************
 Defined at:
		line 86 in file "kernel.c"
 Parameters:    Size  Location     Type
		None
 Auto vars:     Size  Location     Type
		None
 Return value:  Size  Location     Type
                  1    wreg      void 
 Registers used:
		wreg, fsr0l, fsr0h, fsr1l, fsr1h, fsr2l, fsr2h, status,2, status,0, btemp, btemp+1, btemp+11, prodl, prodh, cstack
 Tracked objects:
		On entry : 
		On exit  : 
		Unchanged: 
 Data sizes:     COMRAM   BANK0   BANK1   BANK2   BANK3   BANK4   BANK5
      Params:         0       0       0       0       0       0       0
      Locals:         0       0       0       0       0       0       0
      Temps:          0       0       0       0       0       0       0
      Totals:         0       0       0       0       0       0       0
Total ram usage:        0 bytes
 Hardware stack levels used:    1
 Hardware stack levels required when called:   13
 This function calls:
		_SRAMInitHeap
		_create_task
 This function is called by:
		_main
 This function uses a non-reentrant model


 *************** function _create_task *****************
 Defined at:
		line 21 in file "kernel.c"
 Parameters:    Size  Location     Type
  id              2   17[COMRAM] unsigned int 
  prior           2   19[COMRAM] unsigned int 
  task_f          2   21[COMRAM] PTR FTN()void 
		 -> task_idle(1), acender(1), led_3(1), led_2(1), 
		 -> led_1(1), 
 Auto vars:     Size  Location     Type
  task           17    0[BANK0 ] struct tcb
 Return value:  Size  Location     Type
                  1    wreg      void 
 Registers used:
		wreg, fsr0l, fsr0h, fsr1l, fsr1h, fsr2l, fsr2h, status,2, status,0, btemp, btemp+1, btemp+11, prodl, prodh
 Tracked objects:
		On entry : 
		On exit  : 
		Unchanged: 
 Data sizes:     COMRAM   BANK0   BANK1   BANK2   BANK3   BANK4   BANK5
      Params:         6       0       0       0       0       0       0
      Locals:         0      17       0       0       0       0       0
      Temps:          0       0       0       0       0       0       0
      Totals:         6      17       0       0       0       0       0
Total ram usage:       23 bytes
 Hardware stack levels used:    1
 Hardware stack levels required when called:   12
 This function calls:
		___wmul
 This function is called by:
		_main
		_setupOS
 This function uses a non-reentrant model


 *************** function ___wmul *****************
 Defined at:
		line 15 in file "/opt/microchip/xc8/v1.45/sources/common/Umul16.c"
 Parameters:    Size  Location     Type
  multiplier      2  [STACK] unsigned int 
  multiplicand    2  [STACK] unsigned int 
 Auto vars:     Size  Location     Type
  product         2  [STACK] unsigned int 
 Return value:  Size  Location     Type
                  2  [STACK] unsigned int 
 Registers used:
		wreg, fsr1l, fsr1h, fsr2l, fsr2h, status,2, status,0, btemp, btemp+1, btemp+11, prodl, prodh
 Tracked objects:
		On entry : 
		On exit  : 
		Unchanged: 
 Data sizes:     COMRAM   BANK0   BANK1   BANK2   BANK3   BANK4   BANK5
      Params:         0       0       0       0       0       0       0
      Locals:         0       0       0       0       0       0       0
      Temps:          0       0       0       0       0       0       0
      Totals:         0       0       0       0       0       0       0
Total ram usage:        0 bytes
 Hardware stack levels used:    1
 Hardware stack levels required when called:   11
 This function calls:
		Nothing
 This function is called by:
		_create_task
		_dispatcher
		_delay
		_int_high
		_contagemR
		_rr_scheduler
		_sem_post
		_libera_processos
		_get_id
		_prior_scheduler
 This function uses a reentrant model


 *************** function _SRAMInitHeap *****************
 Defined at:
		line 303 in file "memory.c"
 Parameters:    Size  Location     Type
		None
 Auto vars:     Size  Location     Type
  count           2   17[COMRAM] unsigned int 
  pHeap           2   19[COMRAM] near PTR unsigned char 
		 -> _uDynamicHeap(512), 
 Return value:  Size  Location     Type
                  1    wreg      void 
 Registers used:
		wreg, fsr2l, fsr2h, status,2, status,0
 Tracked objects:
		On entry : 
		On exit  : 
		Unchanged: 
 Data sizes:     COMRAM   BANK0   BANK1   BANK2   BANK3   BANK4   BANK5
      Params:         0       0       0       0       0       0       0
      Locals:         4       0       0       0       0       0       0
      Temps:          0       0       0       0       0       0       0
      Totals:         4       0       0       0       0       0       0
Total ram usage:        4 bytes
 Hardware stack levels used:    1
 Hardware stack levels required when called:   11
 This function calls:
		Nothing
 This function is called by:
		_main
		_setupOS
 This function uses a non-reentrant model


 *************** function _sem_init *****************
 Defined at:
		line 8 in file "semaphore.c"
 Parameters:    Size  Location     Type
  s               2   17[COMRAM] PTR struct sem
		 -> t1(8), spista(8), 
  value           2   19[COMRAM] int 
 Auto vars:     Size  Location     Type
		None
 Return value:  Size  Location     Type
                  1    wreg      void 
 Registers used:
		wreg, fsr1l, fsr1h, fsr2l, fsr2h, status,2, status,0, btemp, btemp+1, btemp+2, btemp+10, btemp+11, prodl, prodh
 Tracked objects:
		On entry : 
		On exit  : 
		Unchanged: 
 Data sizes:     COMRAM   BANK0   BANK1   BANK2   BANK3   BANK4   BANK5
      Params:         4       0       0       0       0       0       0
      Locals:         0       0       0       0       0       0       0
      Temps:          0       0       0       0       0       0       0
      Totals:         4       0       0       0       0       0       0
Total ram usage:        4 bytes
 Hardware stack levels used:    1
 Hardware stack levels required when called:   13
 This function calls:
		_SRAMalloc
 This function is called by:
		_main
 This function uses a non-reentrant model


 *************** function _SRAMalloc *****************
 Defined at:
		line 181 in file "memory.c"
 Parameters:    Size  Location     Type
  nBytes          1  [STACK] near unsigned char 
 Auto vars:     Size  Location     Type
  pHeap           2  [STACK] near PTR struct _SALLOC
		 -> _uDynamicHeap(512), 
  temp            2  [STACK] near PTR struct _SALLOC
		 -> _uDynamicHeap(512), 
  segHeader       1  [STACK] struct _SALLOC
  segLen          1  [STACK] unsigned char 
 Return value:  Size  Location     Type
                  2  [STACK] PTR unsigned char 
 Registers used:
		wreg, fsr1l, fsr1h, fsr2l, fsr2h, status,2, status,0, btemp, btemp+1, btemp+2, btemp+10, btemp+11, prodl, prodh
 Tracked objects:
		On entry : 
		On exit  : 
		Unchanged: 
 Data sizes:     COMRAM   BANK0   BANK1   BANK2   BANK3   BANK4   BANK5
      Params:         0       0       0       0       0       0       0
      Locals:         0       0       0       0       0       0       0
      Temps:          0       0       0       0       0       0       0
      Totals:         0       0       0       0       0       0       0
Total ram usage:        0 bytes
 Hardware stack levels used:    1
 Hardware stack levels required when called:   12
 This function calls:
		__SRAMmerge
 This function is called by:
		_sem_init
		_pipe_create
 This function uses a reentrant model


 *************** function __SRAMmerge *****************
 Defined at:
		line 349 in file "memory.c"
 Parameters:    Size  Location     Type
  pSegA           2  [STACK] near PTR struct _SALLOC
		 -> _uDynamicHeap(512), 
 Auto vars:     Size  Location     Type
  pSegB           2  [STACK] near PTR struct _SALLOC
		 -> _uDynamicHeap(512), 
  uSegB           1  [STACK] struct _SALLOC
  uSegA           1  [STACK] struct _SALLOC
  uSum            1  [STACK] struct _SALLOC
 Return value:  Size  Location     Type
                  1  [STACK] unsigned char 
 Registers used:
		wreg, fsr1l, fsr1h, fsr2l, fsr2h, status,2, status,0, btemp, btemp+1, btemp+2, btemp+10, btemp+11, prodl, prodh
 Tracked objects:
		On entry : 
		On exit  : 
		Unchanged: 
 Data sizes:     COMRAM   BANK0   BANK1   BANK2   BANK3   BANK4   BANK5
      Params:         0       0       0       0       0       0       0
      Locals:         0       0       0       0       0       0       0
      Temps:          0       0       0       0       0       0       0
      Totals:         0       0       0       0       0       0       0
Total ram usage:        0 bytes
 Hardware stack levels used:    1
 Hardware stack levels required when called:   11
 This function calls:
		Nothing
 This function is called by:
		_SRAMalloc
 This function uses a reentrant model


 *************** function _confi_port *****************
 Defined at:
		line 66 in file "tasks.c"
 Parameters:    Size  Location     Type
		None
 Auto vars:     Size  Location     Type
		None
 Return value:  Size  Location     Type
                  1    wreg      void 
 Registers used:
		wreg, status,2
 Tracked objects:
		On entry : 
		On exit  : 
		Unchanged: 
 Data sizes:     COMRAM   BANK0   BANK1   BANK2   BANK3   BANK4   BANK5
      Params:         0       0       0       0       0       0       0
      Locals:         0       0       0       0       0       0       0
      Temps:          0       0       0       0       0       0       0
      Totals:         0       0       0       0       0       0       0
Total ram usage:        0 bytes
 Hardware stack levels used:    1
 Hardware stack levels required when called:   11
 This function calls:
		Nothing
 This function is called by:
		_main
 This function uses a non-reentrant model


 *************** function _led_1 *****************
 Defined at:
		line 287 in file "tasks.c"
 Parameters:    Size  Location     Type
		None
 Auto vars:     Size  Location     Type
		None
 Return value:  Size  Location     Type
                  1  [STACK] void 
 Registers used:
		wreg, fsr0l, fsr0h, fsr1l, fsr1h, fsr2l, fsr2h, status,2, status,0, btemp, btemp+1, btemp+2, btemp+8, btemp+9, btemp+10, btemp+11, prodl, prodh
 Tracked objects:
		On entry : 
		On exit  : 
		Unchanged: 
 Data sizes:     COMRAM   BANK0   BANK1   BANK2   BANK3   BANK4   BANK5
      Params:         0       0       0       0       0       0       0
      Locals:         0       0       0       0       0       0       0
      Temps:          0       0       0       0       0       0       0
      Totals:         0       0       0       0       0       0       0
Total ram usage:        0 bytes
 Hardware stack levels used:    1
 Hardware stack levels required when called:   10
 This function calls:
		_delay
		_sem_post
		_sem_wait
 This function is called by:
		_main
 This function uses a reentrant model


 *************** function _sem_wait *****************
 Defined at:
		line 20 in file "semaphore.c"
 Parameters:    Size  Location     Type
  s               2  [STACK] PTR struct sem
		 -> spista(8), 
 Auto vars:     Size  Location     Type
  pos             2  [STACK] unsigned int 
  task_pos        2    0        unsigned int 
 Return value:  Size  Location     Type
                  1  [STACK] void 
 Registers used:
		wreg, fsr1l, fsr1h, fsr2l, fsr2h, status,2, status,0, btemp, btemp+1, btemp+2, btemp+8, btemp+9, btemp+10, btemp+11, prodl, prodh
 Tracked objects:
		On entry : 
		On exit  : 
		Unchanged: 
 Data sizes:     COMRAM   BANK0   BANK1   BANK2   BANK3   BANK4   BANK5
      Params:         0       0       0       0       0       0       0
      Locals:         0       0       0       0       0       0       0
      Temps:          0       0       0       0       0       0       0
      Totals:         0       0       0       0       0       0       0
Total ram usage:        0 bytes
 Hardware stack levels used:    1
 Hardware stack levels required when called:    9
 This function calls:
		___lwmod
		_dispatcher
 This function is called by:
		_led_1
		_led_2
		_led_3
 This function uses a reentrant model


 *************** function _sem_post *****************
 Defined at:
		line 38 in file "semaphore.c"
 Parameters:    Size  Location     Type
  s               2  [STACK] PTR struct sem
		 -> spista(8), 
 Auto vars:     Size  Location     Type
  value           2  [STACK] unsigned int 
 Return value:  Size  Location     Type
                  1  [STACK] void 
 Registers used:
		wreg, fsr1l, fsr1h, fsr2l, fsr2h, status,2, status,0, btemp, btemp+1, btemp+2, btemp+8, btemp+9, btemp+10, btemp+11, prodl, prodh
 Tracked objects:
		On entry : 
		On exit  : 
		Unchanged: 
 Data sizes:     COMRAM   BANK0   BANK1   BANK2   BANK3   BANK4   BANK5
      Params:         0       0       0       0       0       0       0
      Locals:         0       0       0       0       0       0       0
      Temps:          0       0       0       0       0       0       0
      Totals:         0       0       0       0       0       0       0
Total ram usage:        0 bytes
 Hardware stack levels used:    1
 Hardware stack levels required when called:    9
 This function calls:
		___lwmod
		___wmul
		_dispatcher
 This function is called by:
		_led_1
		_led_2
		_led_3
 This function uses a reentrant model


 *************** function _delay *****************
 Defined at:
		line 63 in file "kernel.c"
 Parameters:    Size  Location     Type
  time_ms         2  [STACK] unsigned int 
 Auto vars:     Size  Location     Type
		None
 Return value:  Size  Location     Type
                  1  [STACK] void 
 Registers used:
		wreg, fsr0l, fsr0h, fsr1l, fsr1h, fsr2l, fsr2h, status,2, status,0, btemp, btemp+1, btemp+2, btemp+8, btemp+9, btemp+10, btemp+11, prodl, prodh
 Tracked objects:
		On entry : 
		On exit  : 
		Unchanged: 
 Data sizes:     COMRAM   BANK0   BANK1   BANK2   BANK3   BANK4   BANK5
      Params:         0       0       0       0       0       0       0
      Locals:         0       0       0       0       0       0       0
      Temps:          0       0       0       0       0       0       0
      Totals:         0       0       0       0       0       0       0
Total ram usage:        0 bytes
 Hardware stack levels used:    1
 Hardware stack levels required when called:    9
 This function calls:
		___wmul
		_dispatcher
 This function is called by:
		_led_1
		_led_2
		_led_3
		_acender
		_numerodeaviosG
		_tluzes
		_Lcd_Write_Char
 This function uses a reentrant model


 *************** function _dispatcher *****************
 Defined at:
		line 37 in file "kernel.c"
 Parameters:    Size  Location     Type
  state           1  [STACK] enum E3008
 Auto vars:     Size  Location     Type
		None
 Return value:  Size  Location     Type
                  1  [STACK] void 
 Registers used:
		wreg, fsr1l, fsr1h, fsr2l, fsr2h, status,2, status,0, btemp, btemp+1, btemp+2, btemp+8, btemp+9, btemp+10, btemp+11, prodl, prodh
 Tracked objects:
		On entry : 
		On exit  : 
		Unchanged: 
 Data sizes:     COMRAM   BANK0   BANK1   BANK2   BANK3   BANK4   BANK5
      Params:         0       0       0       0       0       0       0
      Locals:         0       0       0       0       0       0       0
      Temps:          0       0       0       0       0       0       0
      Totals:         0       0       0       0       0       0       0
Total ram usage:        0 bytes
 Hardware stack levels used:    1
 Hardware stack levels required when called:    8
 This function calls:
		___wmul
		_rr_scheduler
 This function is called by:
		_delay
		_int_high
		_sem_wait
		_sem_post
		_pipe_read
		_pipe_write
 This function uses a reentrant model


 *************** function _rr_scheduler *****************
 Defined at:
		line 23 in file "scheduler.c"
 Parameters:    Size  Location     Type
		None
 Auto vars:     Size  Location     Type
  next_task_to    2  [STACK] unsigned int 
  j               2  [STACK] unsigned int 
  cont            2  [STACK] unsigned int 
 Return value:  Size  Location     Type
                  2  [STACK] unsigned int 
 Registers used:
		wreg, fsr1l, fsr1h, fsr2l, fsr2h, status,2, status,0, btemp, btemp+1, btemp+2, btemp+10, btemp+11, prodl, prodh
 Tracked objects:
		On entry : 
		On exit  : 
		Unchanged: 
 Data sizes:     COMRAM   BANK0   BANK1   BANK2   BANK3   BANK4   BANK5
      Params:         0       0       0       0       0       0       0
      Locals:         0       0       0       0       0       0       0
      Temps:          0       0       0       0       0       0       0
      Totals:         0       0       0       0       0       0       0
Total ram usage:        0 bytes
 Hardware stack levels used:    1
 Hardware stack levels required when called:    7
 This function calls:
		___lwmod
		___wmul
		_contagemR
 This function is called by:
		_dispatcher
 This function uses a reentrant model


 *************** function _contagemR *****************
 Defined at:
		line 13 in file "scheduler.c"
 Parameters:    Size  Location     Type
		None
 Auto vars:     Size  Location     Type
  i               2  [STACK] int 
  x               2  [STACK] unsigned int 
 Return value:  Size  Location     Type
                  2  [STACK] unsigned int 
 Registers used:
		wreg, fsr1l, fsr1h, fsr2l, fsr2h, status,2, status,0, btemp, btemp+1, btemp+2, btemp+11, prodl, prodh
 Tracked objects:
		On entry : 
		On exit  : 
		Unchanged: 
 Data sizes:     COMRAM   BANK0   BANK1   BANK2   BANK3   BANK4   BANK5
      Params:         0       0       0       0       0       0       0
      Locals:         0       0       0       0       0       0       0
      Temps:          0       0       0       0       0       0       0
      Totals:         0       0       0       0       0       0       0
Total ram usage:        0 bytes
 Hardware stack levels used:    1
 Hardware stack levels required when called:    6
 This function calls:
		___wmul
 This function is called by:
		_rr_scheduler
 This function uses a reentrant model


 *************** function ___lwmod *****************
 Defined at:
		line 8 in file "/opt/microchip/xc8/v1.45/sources/common/lwmod.c"
 Parameters:    Size  Location     Type
  dividend        2  [STACK] unsigned int 
  divisor         2  [STACK] unsigned int 
 Auto vars:     Size  Location     Type
  counter         1  [STACK] unsigned char 
 Return value:  Size  Location     Type
                  2  [STACK] unsigned int 
 Registers used:
		wreg, fsr1l, fsr1h, status,2, status,0, btemp, btemp+1, btemp+2, btemp+10, btemp+11, prodl
 Tracked objects:
		On entry : 
		On exit  : 
		Unchanged: 
 Data sizes:     COMRAM   BANK0   BANK1   BANK2   BANK3   BANK4   BANK5
      Params:         0       0       0       0       0       0       0
      Locals:         0       0       0       0       0       0       0
      Temps:          0       0       0       0       0       0       0
      Totals:         0       0       0       0       0       0       0
Total ram usage:        0 bytes
 Hardware stack levels used:    1
 Hardware stack levels required when called:    5
 This function calls:
		Nothing
 This function is called by:
		_rr_scheduler
		_sem_wait
		_sem_post
		_pipe_read
		_pipe_write
 This function uses a reentrant model


 *************** function _led_2 *****************
 Defined at:
		line 340 in file "tasks.c"
 Parameters:    Size  Location     Type
		None
 Auto vars:     Size  Location     Type
		None
 Return value:  Size  Location     Type
                  1  [STACK] void 
 Registers used:
		wreg, fsr0l, fsr0h, fsr1l, fsr1h, fsr2l, fsr2h, status,2, status,0, btemp, btemp+1, btemp+2, btemp+8, btemp+9, btemp+10, btemp+11, prodl, prodh
 Tracked objects:
		On entry : 
		On exit  : 
		Unchanged: 
 Data sizes:     COMRAM   BANK0   BANK1   BANK2   BANK3   BANK4   BANK5
      Params:         0       0       0       0       0       0       0
      Locals:         0       0       0       0       0       0       0
      Temps:          0       0       0       0       0       0       0
      Totals:         0       0       0       0       0       0       0
Total ram usage:        0 bytes
 Hardware stack levels used:    1
 Hardware stack levels required when called:   10
 This function calls:
		_delay
		_sem_post
		_sem_wait
 This function is called by:
		_main
 This function uses a reentrant model


 *************** function _led_3 *****************
 Defined at:
		line 390 in file "tasks.c"
 Parameters:    Size  Location     Type
		None
 Auto vars:     Size  Location     Type
		None
 Return value:  Size  Location     Type
                  1  [STACK] void 
 Registers used:
		wreg, fsr0l, fsr0h, fsr1l, fsr1h, fsr2l, fsr2h, status,2, status,0, btemp, btemp+1, btemp+2, btemp+8, btemp+9, btemp+10, btemp+11, prodl, prodh
 Tracked objects:
		On entry : 
		On exit  : 
		Unchanged: 
 Data sizes:     COMRAM   BANK0   BANK1   BANK2   BANK3   BANK4   BANK5
      Params:         0       0       0       0       0       0       0
      Locals:         0       0       0       0       0       0       0
      Temps:          0       0       0       0       0       0       0
      Totals:         0       0       0       0       0       0       0
Total ram usage:        0 bytes
 Hardware stack levels used:    1
 Hardware stack levels required when called:   10
 This function calls:
		_delay
		_pipe_create
		_pipe_write
		_sem_post
		_sem_wait
 This function is called by:
		_main
 This function uses a reentrant model


 *************** function _pipe_write *****************
 Defined at:
		line 122 in file "pipe.c"
 Parameters:    Size  Location     Type
  pipe_handler    2  [STACK] PTR struct pipe
		 -> testL(12), 
  msg             1  [STACK] unsigned char 
 Auto vars:     Size  Location     Type
		None
 Return value:  Size  Location     Type
                  1  [STACK] void 
 Registers used:
		wreg, fsr0l, fsr0h, fsr1l, fsr1h, fsr2l, fsr2h, status,2, status,0, btemp, btemp+1, btemp+2, btemp+8, btemp+9, btemp+10, btemp+11, prodl, prodh
 Tracked objects:
		On entry : 
		On exit  : 
		Unchanged: 
 Data sizes:     COMRAM   BANK0   BANK1   BANK2   BANK3   BANK4   BANK5
      Params:         0       0       0       0       0       0       0
      Locals:         0       0       0       0       0       0       0
      Temps:          0       0       0       0       0       0       0
      Totals:         0       0       0       0       0       0       0
Total ram usage:        0 bytes
 Hardware stack levels used:    1
 Hardware stack levels required when called:    9
 This function calls:
		___lwmod
		_dispatcher
		_libera_processos
 This function is called by:
		_led_3
 This function uses a reentrant model


 *************** function _libera_processos *****************
 Defined at:
		line 147 in file "pipe.c"
 Parameters:    Size  Location     Type
		None
 Auto vars:     Size  Location     Type
  i               2  [STACK] int 
 Return value:  Size  Location     Type
                  1  [STACK] void 
 Registers used:
		wreg, fsr1l, fsr1h, fsr2l, fsr2h, status,2, status,0, btemp, btemp+1, btemp+11, prodl, prodh
 Tracked objects:
		On entry : 
		On exit  : 
		Unchanged: 
 Data sizes:     COMRAM   BANK0   BANK1   BANK2   BANK3   BANK4   BANK5
      Params:         0       0       0       0       0       0       0
      Locals:         0       0       0       0       0       0       0
      Temps:          0       0       0       0       0       0       0
      Totals:         0       0       0       0       0       0       0
Total ram usage:        0 bytes
 Hardware stack levels used:    1
 Hardware stack levels required when called:    6
 This function calls:
		___wmul
 This function is called by:
		_pipe_read
		_pipe_write
 This function uses a reentrant model


 *************** function _pipe_create *****************
 Defined at:
		line 92 in file "pipe.c"
 Parameters:    Size  Location     Type
  pipe_handler    2  [STACK] PTR struct pipe
		 -> testL(12), 
  id              2  [STACK] unsigned int 
  size            2  [STACK] unsigned int 
 Auto vars:     Size  Location     Type
		None
 Return value:  Size  Location     Type
                  1  [STACK] void 
 Registers used:
		wreg, fsr0l, fsr0h, fsr1l, fsr1h, fsr2l, fsr2h, status,2, status,0, btemp, btemp+1, btemp+2, btemp+10, btemp+11, prodl, prodh
 Tracked objects:
		On entry : 
		On exit  : 
		Unchanged: 
 Data sizes:     COMRAM   BANK0   BANK1   BANK2   BANK3   BANK4   BANK5
      Params:         0       0       0       0       0       0       0
      Locals:         0       0       0       0       0       0       0
      Temps:          0       0       0       0       0       0       0
      Totals:         0       0       0       0       0       0       0
Total ram usage:        0 bytes
 Hardware stack levels used:    1
 Hardware stack levels required when called:    7
 This function calls:
		_SRAMalloc
 This function is called by:
		_led_3
 This function uses a reentrant model


 *************** function _acender *****************
 Defined at:
		line 450 in file "tasks.c"
 Parameters:    Size  Location     Type
		None
 Auto vars:     Size  Location     Type
  dado            1  [STACK] unsigned char 
 Return value:  Size  Location     Type
                  1  [STACK] void 
 Registers used:
		wreg, fsr0l, fsr0h, fsr1l, fsr1h, fsr2l, fsr2h, status,2, status,0, btemp, btemp+1, btemp+2, btemp+8, btemp+9, btemp+10, btemp+11, prodl, prodh
 Tracked objects:
		On entry : 
		On exit  : 
		Unchanged: 
 Data sizes:     COMRAM   BANK0   BANK1   BANK2   BANK3   BANK4   BANK5
      Params:         0       0       0       0       0       0       0
      Locals:         0       0       0       0       0       0       0
      Temps:          0       0       0       0       0       0       0
      Totals:         0       0       0       0       0       0       0
Total ram usage:        0 bytes
 Hardware stack levels used:    1
 Hardware stack levels required when called:   10
 This function calls:
		_delay
		_pipe_read
 This function is called by:
		_main
 This function uses a reentrant model


 *************** function _pipe_read *****************
 Defined at:
		line 102 in file "pipe.c"
 Parameters:    Size  Location     Type
  pipe_handler    2  [STACK] PTR struct pipe
		 -> testL(12), 
  msg             2  [STACK] PTR unsigned char 
		 -> acender@dado(1), 
 Auto vars:     Size  Location     Type
		None
 Return value:  Size  Location     Type
                  1  [STACK] void 
 Registers used:
		wreg, fsr0l, fsr0h, fsr1l, fsr1h, fsr2l, fsr2h, status,2, status,0, btemp, btemp+1, btemp+2, btemp+8, btemp+9, btemp+10, btemp+11, prodl, prodh
 Tracked objects:
		On entry : 
		On exit  : 
		Unchanged: 
 Data sizes:     COMRAM   BANK0   BANK1   BANK2   BANK3   BANK4   BANK5
      Params:         0       0       0       0       0       0       0
      Locals:         0       0       0       0       0       0       0
      Temps:          0       0       0       0       0       0       0
      Totals:         0       0       0       0       0       0       0
Total ram usage:        0 bytes
 Hardware stack levels used:    1
 Hardware stack levels required when called:    9
 This function calls:
		___lwmod
		_dispatcher
		_libera_processos
 This function is called by:
		_acender
 This function uses a reentrant model


 *************** function _task_idle *****************
 Defined at:
		line 73 in file "kernel.c"
 Parameters:    Size  Location     Type
		None
 Auto vars:     Size  Location     Type
		None
 Return value:  Size  Location     Type
                  1  [STACK] void 
 Registers used:
		None
 Tracked objects:
		On entry : 
		On exit  : 
		Unchanged: 
 Data sizes:     COMRAM   BANK0   BANK1   BANK2   BANK3   BANK4   BANK5
      Params:         0       0       0       0       0       0       0
      Locals:         0       0       0       0       0       0       0
      Temps:          0       0       0       0       0       0       0
      Totals:         0       0       0       0       0       0       0
Total ram usage:        0 bytes
 Hardware stack levels used:    1
 Hardware stack levels required when called:    5
 This function calls:
		Nothing
 This function is called by:
		_setupOS
 This function uses a reentrant model


 *************** function _int_high *****************
 Defined at:
		line 129 in file "kernel.c"
 Parameters:    Size  Location     Type
		None
 Auto vars:     Size  Location     Type
  i               2   15[COMRAM] unsigned int 
 Return value:  Size  Location     Type
                  1    wreg      void 
 Registers used:
		wreg, fsr1l, fsr1h, fsr2l, fsr2h, status,2, status,0, btemp, btemp+1, btemp+2, btemp+8, btemp+9, btemp+10, btemp+11, prodl, prodh
 Tracked objects:
		On entry : 
		On exit  : 
		Unchanged: 
 Data sizes:     COMRAM   BANK0   BANK1   BANK2   BANK3   BANK4   BANK5
      Params:         0       0       0       0       0       0       0
      Locals:         2       0       0       0       0       0       0
      Temps:         15       0       0       0       0       0       0
      Totals:        17       0       0       0       0       0       0
Total ram usage:       17 bytes
 Hardware stack levels used:    1
 Hardware stack levels required when called:    4
 This function calls:
		___wmul
		_dispatcher
 This function is called by:
		Interrupt level 2
 This function uses a non-reentrant model



MODULE INFORMATION

Module		Function		Class		Link	Load	Size
semaphore.c
		_sem_wait      		CODE           	1370	0000	271
		_sem_init      		CODE           	1C7A	0000	91
		_sem_post      		CODE           	0E54	0000	341

semaphore.c estimated size: 703

/opt/microchip/xc8/v1.45/sources/common/lwmod.c
		___lwmod       		CODE           	1644	0000	189

/opt/microchip/xc8/v1.45/sources/common/lwmod.c estimated size: 189

tasks.c
		_led_1         		CODE           	1A3A	0000	147
		_acender       		CODE           	1B52	0000	117
		_led_2         		CODE           	1ACC	0000	135
		_led_3         		CODE           	1864	0000	167
		_confi_port    		CODE           	1DA8	0000	7

tasks.c estimated size: 573

kernel.c
		_setupOS       		CODE           	1D6E	0000	59
		_delay         		CODE           	1D26	0000	73
		_create_task   		CODE           	1BC6	0000	91
		_int_high      		CODE           	0008	0000	369
		_dispatcher    		CODE           	0606	0000	1345
		_start_os      		CODE           	1DAE	0000	5
		_task_idle     		CODE           	1DB4	0000	3

kernel.c estimated size: 1945

shared
		_STACK_SIZE    		SMALLCONST     	0000	0000	0
		__initialization		CODE           	1CD4	0000	69

shared estimated size: 69

pipe.c
		_pipe_read     		CODE           	123E	0000	307
		_pipe_write    		CODE           	10FA	0000	325
		_pipe_create   		CODE           	147E	0000	229
		_libera_processos		CODE           	190A	0000	155

pipe.c estimated size: 1016

scheduler.c
		_rr_scheduler  		CODE           	1562	0000	227
		_contagemR     		CODE           	1700	0000	185

scheduler.c estimated size: 412

main.c
		_main          		CODE           	17B8	0000	173

main.c estimated size: 173

/opt/microchip/xc8/v1.45/sources/common/Umul16.c
		___wmul        		CODE           	19A4	0000	151

/opt/microchip/xc8/v1.45/sources/common/Umul16.c estimated size: 151

memory.c
		__SRAMmerge    		CODE           	0FA8	0000	339
		_SRAMalloc     		CODE           	0B46	0000	419
		_SRAMInitHeap  		CODE           	1C20	0000	91

memory.c estimated size: 849

