Microchip MPLAB XC8 Compiler V1.45 ()

Linker command line:

-W-3 --edf=/opt/microchip/xc8/v1.45/dat/en_msgs.txt -cs \
  -h+dist/default/production/Versao_Final_.production.sym \
  --cmf=dist/default/production/Versao_Final_.production.cmf -z -Q18F4520 \
  -o/tmp/xcXRgTvtv -Mdist/default/production/Versao_Final_.production.map \
  -E1 -ver=XC8 -ASTACK=03AAh-05ffh -pstack=STACK -ACODE=00h-07FFFh \
  -ACONST=00h-07FFFh -ASMALLCONST=0600h-06FFhx122 \
  -AMEDIUMCONST=0600h-07FFFh -ACOMRAM=01h-07Fh -AABS1=00h-05FFh \
  -ABIGRAM=01h-05FFh -ARAM=080h-0FFh,0100h-01FFhx5 -ABANK0=080h-0FFh \
  -ABANK1=0100h-01FFh -ABANK2=0200h-02FFh -ABANK3=0300h-03FFh \
  -ABANK4=0400h-04FFh -ABANK5=0500h-05FFh -ASFR=0F80h-0FFFh \
  -preset_vec=00h,intcode=08h,intcodelo,powerup,init -pramtop=0600h \
  -psmallconst=SMALLCONST -pmediumconst=MEDIUMCONST -pconst=CONST \
  -AFARRAM=00h-00h -ACONFIG=0300000h-030000Dh -pconfig=CONFIG \
  -AIDLOC=0200000h-0200007h -pidloc=IDLOC -AEEDATA=0F00000h-0F000FFh \
  -peeprom_data=EEDATA \
  -prdata=COMRAM,nvrram=COMRAM,nvbit=COMRAM,rbss=COMRAM,rbit=COMRAM \
  -pfarbss=FARRAM,fardata=FARRAM,nvFARRAM=FARRAM \
  -pintsave_regs=BIGRAM,bigbss=BIGRAM,bigdata=BIGRAM -pbss=RAM \
  -pidata=CODE,irdata=CODE,ibigdata=CODE,ifardata=CODE -prparam=COMRAM \
  /tmp/xcXZ8IkeU.obj dist/default/production/Versao_Final_.production.obj 

Object code version is 3.11

Machine type is 18F4520

Call graph: (short form)




                Name                               Link     Load   Length Selector   Space Scale
/tmp/xcXZ8IkeU.obj
                stack                               3AA      3AA      256      3AA       2
                init                                  C        C        8        4       0
                reset_vec                             0        0        4        0       0
                idloc                            200000   200000        8   200000       0
                config                           300000   300000        E   300000       0
dist/default/production/Versao_Final_.production.obj
                intcode                               8        8        4        4       0
                temp                                 54       54        C        1       1
                smallconst                          600      600        6      300       0
                intcode_body                        B46      B46      16C      303       0
                text22                             15AC     15AC       84      303       0
                text21                             1892     1892        4      303       0
                text20                              CB2      CB2      160      303       0
                text19                             1630     1630       78      303       0
                text18                             122A     122A       A6      303       0
                text17                              E12      E12      154      303       0
                text16                             186A     186A       1E      303       0
                text15                             1498     1498       90      303       0
                text14                             116E     116E       BC      303       0
                text13                             1528     1528       84      303       0
                text12                              606      606      540      303       0
                text11                             17AC     17AC       48      303       0
                text10                              F66      F66      12C      303       0
                text9                              1092     1092       DC      303       0
                text8                              12D0     12D0       9C      303       0
                text7                              1888     1888        6      303       0
                text6                              17F4     17F4       3E      303       0
                text5                              16A8     16A8       5A      303       0
                text4                              1402     1402       96      303       0
                text3                              1702     1702       58      303       0
                text2                              1832     1832       38      303       0
                text1                              188E     188E        4      303       0
                text0                              136C     136C       96      303       0
                cstackCOMRAM                         2C       2C       28        1       1
                bssBIGRAM                           1AA      1AA      200      1AA       1
                bssBANK1                            100      100       AA      100       1
                dataCOMRAM                           60       60        2        1       1
                bssCOMRAM                             1        1       2B        1       1
                cinit                              175A     175A       52      303       0
                idataCOMRAM                        1896     1896        2      303       0

TOTAL           Name                               Link     Load   Length     Space
        CLASS   STACK          
                stack                               3AA      3AA      256         2

        CLASS   CODE           
                intcode                               8        8        4         0
                init                                  C        C        8         0
                reset_vec                             0        0        4         0
                intcode_body                        B46      B46      16C         0
                text22                             15AC     15AC       84         0
                text21                             1892     1892        4         0
                text20                              CB2      CB2      160         0
                text19                             1630     1630       78         0
                text18                             122A     122A       A6         0
                text17                              E12      E12      154         0
                text16                             186A     186A       1E         0
                text15                             1498     1498       90         0
                text14                             116E     116E       BC         0
                text13                             1528     1528       84         0
                text12                              606      606      540         0
                text11                             17AC     17AC       48         0
                text10                              F66      F66      12C         0
                text9                              1092     1092       DC         0
                text8                              12D0     12D0       9C         0
                text7                              1888     1888        6         0
                text6                              17F4     17F4       3E         0
                text5                              16A8     16A8       5A         0
                text4                              1402     1402       96         0
                text3                              1702     1702       58         0
                text2                              1832     1832       38         0
                text1                              188E     188E        4         0
                text0                              136C     136C       96         0
                cinit                              175A     175A       52         0
                idataCOMRAM                        1896     1896        2         0

        CLASS   CONST          

        CLASS   SMALLCONST     
                smallconst                          600      600        6         0

        CLASS   MEDIUMCONST    

        CLASS   COMRAM         
                temp                                 54       54        C         1
                cstackCOMRAM                         2C       2C       28         1
                dataCOMRAM                           60       60        2         1
                bssCOMRAM                             1        1       2B         1

        CLASS   ABS1           

        CLASS   BIGRAM         
                bssBIGRAM                           1AA      1AA      200         1

        CLASS   RAM            

        CLASS   BANK0          

        CLASS   BANK1          
                bssBANK1                            100      100       AA         1

        CLASS   BANK2          

        CLASS   BANK3          

        CLASS   BANK4          

        CLASS   BANK5          

        CLASS   SFR            

        CLASS   FARRAM         

        CLASS   CONFIG         
                config                           300000   300000        E         0

        CLASS   IDLOC          
                idloc                            200000   200000        8         0

        CLASS   EEDATA         



SEGMENTS        Name                           Load    Length   Top    Selector   Space  Class

                reset_vec                      000000  000004  000004         0       0  CODE    
                bssCOMRAM                      000001  000061  000062         1       1  COMRAM  
                intcode                        000008  00000C  000014         4       0  CODE    
                bssBANK1                       000100  0000AA  0001AA       100       1  BANK1   
                bssBIGRAM                      0001AA  000200  0003AA       1AA       1  BIGRAM  
                stack                          0003AA  000256  000600       3AA       2  STACK   
                smallconst                     000600  000006  000606       300       0  SMALLCON
                text12                         000606  001292  001898       303       0  CODE    
                idloc                          200000  000008  200008    200000       0  IDLOC   
                config                         300000  00000E  30000E    300000       0  CONFIG  


UNUSED ADDRESS RANGES

        Name                Unused          Largest block    Delta
        BANK0            000080-0000FF               80
        BANK3            0003AA-0003FF               56
        BANK4            000400-0004FF              100
        BANK5            000500-0005FF              100
        BIGRAM           000062-0000FF               9E
                         0003AA-0005FF              256
        CODE             000004-000007                4
                         000014-0005FF              5EC
                         001898-007FFF             6768
        COMRAM           000062-00007F               1E
        CONST            000004-000007                4
                         000014-0005FF              5EC
                         001898-007FFF             6768
        EEDATA           F00000-F000FF              100
        MEDIUMCONST      001898-007FFF             6768
        RAM              000080-0000FF               80
                         0003AA-0005FF              100
        SFR              000F80-000FFF               80
        SMALLCONST       001898-007FFF              100

                                  Symbol Table

SRAMInitHeap@count       cstackCOMRAM 00003D
SRAMInitHeap@pHeap       cstackCOMRAM 00003F
_BSR                     (abs)        000FE0
_F_APTOS                 bssBANK1     000100
_INTCONbits              (abs)        000FF2
_PORTB                   (abs)        000F81
_PORTBbits               (abs)        000F81
_PORTCbits               (abs)        000F82
_PORTDbits               (abs)        000F83
_PORTEbits               (abs)        000F84
_SRAMInitHeap            text5        0016A8
_STATUS                  (abs)        000FD8
_STKPTR                  (abs)        000FFC
_T0CONbits               (abs)        000FD5
_TMR0L                   (abs)        000FD6
_TOS                     (abs)        000FFD
_TOSH                    (abs)        000FFE
_TOSL                    (abs)        000FFD
_TOSU                    (abs)        000FFF
_TRISB                   (abs)        000F93
_TRISCbits               (abs)        000F94
_TRISD                   (abs)        000F95
_WREG                    (abs)        000FE8
__HRAM                   (abs)        000000
__Habs1                  abs1         000000
__Hbank0                 bank0        000000
__Hbank1                 bank1        000000
__Hbank2                 bank2        000000
__Hbank3                 bank3        000000
__Hbank4                 bank4        000000
__Hbank5                 bank5        000000
__Hbigbss                bigbss       000000
__Hbigdata               bigdata      000000
__Hbigram                bigram       000000
__Hbss                   bss          000000
__HbssBANK1              bssBANK1     000000
__HbssBIGRAM             bssBIGRAM    000000
__HbssCOMRAM             bssCOMRAM    000000
__Hcinit                 cinit        000000
__Hclrtext               clrtext      000000
__Hcomram                comram       000000
__Hconfig                config       30000E
__Hconst                 const        000000
__HcstackCOMRAM          cstackCOMRAM 000000
__Hdata                  data         000000
__HdataCOMRAM            dataCOMRAM   000000
__Heeprom_data           eeprom_data  000000
__Hfarbss                farbss       000000
__Hfardata               fardata      000000
__Hibigdata              ibigdata     000000
__Hidata                 idata        000000
__HidataCOMRAM           idataCOMRAM  000000
__Hidloc                 idloc        200008
__Hifardata              ifardata     000000
__Hinit                  init         000014
__Hintcode               intcode      00000C
__Hintcode_body          intcode_body 000000
__Hintcodelo             intcodelo    00000C
__Hintentry              intentry     000000
__Hintret                intret       000000
__Hintsave_regs          intsave_regs 000000
__Hirdata                irdata       000000
__Hmediumconst           mediumconst  000000
__HnvFARRAM              nvFARRAM     000000
__Hnvbit                 nvbit        000000
__Hnvrram                nvrram       000000
__Hparam                 rparam       000000
__Hpowerup               powerup      00000C
__Hram                   ram          000000
__Hramtop                ramtop       000600
__Hrbit                  rbit         000000
__Hrbss                  rbss         000000
__Hrdata                 rdata        000000
__Hreset_vec             reset_vec    000004
__Hrparam                rparam       000000
__Hsfr                   sfr          000000
__Hsmallconst            smallconst   000606
__Hspace_0               (abs)        30000E
__Hspace_1               (abs)        0003AA
__Hspace_2               (abs)        000600
__Hstack                 stack        000600
__Hstruct                struct       000000
__Htemp                  temp         000060
__Htext                  text         000000
__Htext0                 text0        000000
__Htext1                 text1        000000
__Htext10                text10       000000
__Htext11                text11       000000
__Htext12                text12       000000
__Htext13                text13       000000
__Htext14                text14       000000
__Htext15                text15       000000
__Htext16                text16       000000
__Htext17                text17       000000
__Htext18                text18       000000
__Htext19                text19       000000
__Htext2                 text2        000000
__Htext20                text20       000000
__Htext21                text21       000000
__Htext22                text22       000000
__Htext3                 text3        000000
__Htext4                 text4        000000
__Htext5                 text5        000000
__Htext6                 text6        000000
__Htext7                 text7        000000
__Htext8                 text8        000000
__Htext9                 text9        000000
__LRAM                   (abs)        000001
__Labs1                  abs1         000000
__Lbank0                 bank0        000000
__Lbank1                 bank1        000000
__Lbank2                 bank2        000000
__Lbank3                 bank3        000000
__Lbank4                 bank4        000000
__Lbank5                 bank5        000000
__Lbigbss                bigbss       000000
__Lbigdata               bigdata      000000
__Lbigram                bigram       000000
__Lbss                   bss          000000
__LbssBANK1              bssBANK1     000000
__LbssBIGRAM             bssBIGRAM    000000
__LbssCOMRAM             bssCOMRAM    000000
__Lcinit                 cinit        000000
__Lclrtext               clrtext      000000
__Lcomram                comram       000000
__Lconfig                config       300000
__Lconst                 const        000000
__LcstackCOMRAM          cstackCOMRAM 000000
__Ldata                  data         000000
__LdataCOMRAM            dataCOMRAM   000000
__Leeprom_data           eeprom_data  000000
__Lfarbss                farbss       000000
__Lfardata               fardata      000000
__Libigdata              ibigdata     000000
__Lidata                 idata        000000
__LidataCOMRAM           idataCOMRAM  000000
__Lidloc                 idloc        200000
__Lifardata              ifardata     000000
__Linit                  init         00000C
__Lintcode               intcode      000008
__Lintcode_body          intcode_body 000000
__Lintcodelo             intcodelo    00000C
__Lintentry              intentry     000000
__Lintret                intret       000000
__Lintsave_regs          intsave_regs 000000
__Lirdata                irdata       000000
__Lmediumconst           mediumconst  000000
__LnvFARRAM              nvFARRAM     000000
__Lnvbit                 nvbit        000000
__Lnvrram                nvrram       000000
__Lparam                 rparam       000000
__Lpowerup               powerup      00000C
__Lram                   ram          000000
__Lramtop                ramtop       000600
__Lrbit                  rbit         000000
__Lrbss                  rbss         000000
__Lrdata                 rdata        000000
__Lreset_vec             reset_vec    000000
__Lrparam                rparam       000000
__Lsfr                   sfr          000000
__Lsmallconst            smallconst   000600
__Lspace_0               (abs)        000000
__Lspace_1               (abs)        000000
__Lspace_2               (abs)        000000
__Lstack                 stack        0003AA
__Lstruct                struct       000000
__Ltemp                  temp         000054
__Ltext                  text         000000
__Ltext0                 text0        000000
__Ltext1                 text1        000000
__Ltext10                text10       000000
__Ltext11                text11       000000
__Ltext12                text12       000000
__Ltext13                text13       000000
__Ltext14                text14       000000
__Ltext15                text15       000000
__Ltext16                text16       000000
__Ltext17                text17       000000
__Ltext18                text18       000000
__Ltext19                text19       000000
__Ltext2                 text2        000000
__Ltext20                text20       000000
__Ltext21                text21       000000
__Ltext22                text22       000000
__Ltext3                 text3        000000
__Ltext4                 text4        000000
__Ltext5                 text5        000000
__Ltext6                 text6        000000
__Ltext7                 text7        000000
__Ltext8                 text8        000000
__Ltext9                 text9        000000
__S0                     (abs)        30000E
__S1                     (abs)        0003AA
__S2                     (abs)        000600
___inthi_sp              stack        000472
___intlo_sp              stack        000539
___lwmod                 text14       00116E
___param_bank            (abs)        000000
___rparam_used           (abs)        000001
___sp                    stack        0003AA
___wmul                  text4        001402
__accesstop              (abs)        000080
__activetblptr           (abs)        000001
__end_of_SRAMInitHeap    text5        001702
__end_of_STACK_SIZE      smallconst   000603
__end_of___lwmod         text14       00122A
__end_of___wmul          text4        001498
__end_of__initialization cinit        00179E
__end_of_aviao1          text8        00136C
__end_of_aviao2          text15       001528
__end_of_aviao3          text22       001630
__end_of_confi_port      text7        00188E
__end_of_create_pipe     text18       0012D0
__end_of_create_task     text3        00175A
__end_of_delay           text11       0017F4
__end_of_dispatcher      text12       000B46
__end_of_int_high        intcode_body 000CB2
__end_of_main            text0        001402
__end_of_read_pipe       text20       000E12
__end_of_rr_scheduler    text13       0015AC
__end_of_sem_init        text6        001832
__end_of_sem_post        text10       001092
__end_of_sem_wait        text9        00116E
__end_of_setupOS         text2        00186A
__end_of_start_os        text1        001892
__end_of_task_idle       text21       001896
__end_of_tluzes          text19       0016A8
__end_of_tluzesescreve   text16       001888
__end_of_write_pipe      text17       000F66
__initialization         cinit        00175A
__mediumconst            mediumconst  000000
__pbssBANK1              bssBANK1     000100
__pbssBIGRAM             bssBIGRAM    0001AA
__pbssCOMRAM             bssCOMRAM    000001
__pcinit                 cinit        00175A
__pcstackCOMRAM          cstackCOMRAM 00002C
__pdataCOMRAM            dataCOMRAM   000060
__pidataCOMRAM           idataCOMRAM  001896
__pintcode               intcode      000008
__pintcode_body          intcode_body 000B46
__psmallconst            smallconst   000600
__ptext0                 text0        00136C
__ptext1                 text1        00188E
__ptext10                text10       000F66
__ptext11                text11       0017AC
__ptext12                text12       000606
__ptext13                text13       001528
__ptext14                text14       00116E
__ptext15                text15       001498
__ptext16                text16       00186A
__ptext17                text17       000E12
__ptext18                text18       00122A
__ptext19                text19       001630
__ptext2                 text2        001832
__ptext20                text20       000CB2
__ptext21                text21       001892
__ptext22                text22       0015AC
__ptext3                 text3        001702
__ptext4                 text4        001402
__ptext5                 text5        0016A8
__ptext6                 text6        0017F4
__ptext7                 text7        001888
__ptext8                 text8        0012D0
__ptext9                 text9        001092
__ramtop                 ramtop       000600
__size_of_SRAMInitHeap   (abs)        000000
__size_of___lwmod        (abs)        000000
__size_of___wmul         (abs)        000000
__size_of_aviao1         (abs)        000000
__size_of_aviao2         (abs)        000000
__size_of_aviao3         (abs)        000000
__size_of_confi_port     (abs)        000000
__size_of_create_pipe    (abs)        000000
__size_of_create_task    (abs)        000000
__size_of_delay          (abs)        000000
__size_of_dispatcher     (abs)        000000
__size_of_int_high       (abs)        000000
__size_of_main           (abs)        000000
__size_of_read_pipe      (abs)        000000
__size_of_rr_scheduler   (abs)        000000
__size_of_sem_init       (abs)        000000
__size_of_sem_post       (abs)        000000
__size_of_sem_wait       (abs)        000000
__size_of_setupOS        (abs)        000000
__size_of_start_os       (abs)        000000
__size_of_task_idle      (abs)        000000
__size_of_tluzes         (abs)        000000
__size_of_tluzesescreve  (abs)        000000
__size_of_write_pipe     (abs)        000000
__smallconst             smallconst   000600
__uDynamicHeap           bssBIGRAM    0001AA
_aviao1                  text8        0012D0
_aviao2                  text15       001498
_aviao3                  text22       0015AC
_confi_port              text7        001888
_cont                    bssCOMRAM    000001
_create_pipe             text18       00122A
_create_task             text3        001702
_delay                   text11       0017AC
_dispatcher              text12       000606
_int_high                intcode      000008
_main                    text0        00136C
_pipeluzes               bssCOMRAM    000021
_quantum                 dataCOMRAM   000060
_read_pipe               text20       000CB2
_rr_scheduler            text13       001528
_sem_init                text6        0017F4
_sem_post                text10       000F66
_sem_wait                text9        001092
_setupOS                 text2        001832
_spista                  bssCOMRAM    000007
_start_os                text1        00188E
_task_idle               text21       001892
_task_running            bssCOMRAM    000003
_tasks_installed         bssCOMRAM    000005
_tluzes                  text19       001630
_tluzesescreve           text16       00186A
_write_pipe              text17       000E12
btemp                    temp         000054
create_task@id           cstackCOMRAM 00003D
create_task@prior        cstackCOMRAM 00003F
create_task@task         cstackCOMRAM 000043
create_task@task_f       cstackCOMRAM 000041
end_of_initialization    cinit        00179E
int_func                 intcode_body 000B46
int_high@i               cstackCOMRAM 00003B
intlevel0                text         000000
intlevel1                text         000000
intlevel2                text         000000
intlevel3                text         000000
ltemp0                   temp         000054
ltemp1                   temp         000058
ltemp2                   temp         00005C
sem_init@s               cstackCOMRAM 00003D
sem_init@value           cstackCOMRAM 00003F
stackhi                  (abs)        0005FF
stacklo                  (abs)        0003AA
start                    init         00000C
start_initialization     cinit        00175A
ttemp0                   temp         000054
ttemp1                   temp         000057
ttemp2                   temp         00005A
ttemp3                   temp         00005D
wtemp0                   temp         000054
wtemp1                   temp         000056
wtemp2                   temp         000058
wtemp3                   temp         00005A
wtemp4                   temp         00005C
wtemp5                   temp         00005E
wtemp6                   temp         000055


FUNCTION INFORMATION:

 *************** function _main *****************
 Defined at:
		line 17 in file "main.c"
 Parameters:    Size  Location     Type
		None
 Auto vars:     Size  Location     Type
		None
 Return value:  Size  Location     Type
                  1    wreg      void 
 Registers used:
		wreg, fsr0l, fsr0h, fsr1l, fsr1h, fsr2l, fsr2h, status,2, status,0, btemp, btemp+1, btemp+11, prodl, prodh, cstack
 Tracked objects:
		On entry : 
		On exit  : 
		Unchanged: 
 Data sizes:     COMRAM   BANK0   BANK1   BANK2   BANK3   BANK4   BANK5
      Params:         0       0       0       0       0       0       0
      Locals:         0       0       0       0       0       0       0
      Temps:          0       0       0       0       0       0       0
      Totals:         0       0       0       0       0       0       0
Total ram usage:        0 bytes
 Hardware stack levels required when called:   12
 This function calls:
		_SRAMInitHeap
		_confi_port
		_create_task
		_sem_init
		_setupOS
		_start_os
 This function is called by:
		Startup code after reset
 This function uses a non-reentrant model


 *************** function _start_os *****************
 Defined at:
		line 153 in file "kernel.c"
 Parameters:    Size  Location     Type
		None
 Auto vars:     Size  Location     Type
		None
 Return value:  Size  Location     Type
                  1    wreg      void 
 Registers used:
		None
 Tracked objects:
		On entry : 
		On exit  : 
		Unchanged: 
 Data sizes:     COMRAM   BANK0   BANK1   BANK2   BANK3   BANK4   BANK5
      Params:         0       0       0       0       0       0       0
      Locals:         0       0       0       0       0       0       0
      Temps:          0       0       0       0       0       0       0
      Totals:         0       0       0       0       0       0       0
Total ram usage:        0 bytes
 Hardware stack levels used:    1
 Hardware stack levels required when called:    9
 This function calls:
		Nothing
 This function is called by:
		_main
 This function uses a non-reentrant model


 *************** function _setupOS *****************
 Defined at:
		line 85 in file "kernel.c"
 Parameters:    Size  Location     Type
		None
 Auto vars:     Size  Location     Type
		None
 Return value:  Size  Location     Type
                  1    wreg      void 
 Registers used:
		wreg, fsr0l, fsr0h, fsr1l, fsr1h, fsr2l, fsr2h, status,2, status,0, btemp, btemp+1, btemp+11, prodl, prodh, cstack
 Tracked objects:
		On entry : 
		On exit  : 
		Unchanged: 
 Data sizes:     COMRAM   BANK0   BANK1   BANK2   BANK3   BANK4   BANK5
      Params:         0       0       0       0       0       0       0
      Locals:         0       0       0       0       0       0       0
      Temps:          0       0       0       0       0       0       0
      Totals:         0       0       0       0       0       0       0
Total ram usage:        0 bytes
 Hardware stack levels used:    1
 Hardware stack levels required when called:   11
 This function calls:
		_SRAMInitHeap
		_create_task
 This function is called by:
		_main
 This function uses a non-reentrant model


 *************** function _create_task *****************
 Defined at:
		line 21 in file "kernel.c"
 Parameters:    Size  Location     Type
  id              2   17[COMRAM] unsigned int 
  prior           2   19[COMRAM] unsigned int 
  task_f          2   21[COMRAM] PTR FTN()void 
		 -> task_idle(1), tluzes(1), tluzesescreve(1), aviao2(1), 
		 -> aviao1(1), 
 Auto vars:     Size  Location     Type
  task           17   23[COMRAM] struct tcb
 Return value:  Size  Location     Type
                  1    wreg      void 
 Registers used:
		wreg, fsr0l, fsr0h, fsr1l, fsr1h, fsr2l, fsr2h, status,2, status,0, btemp, btemp+1, btemp+11, prodl, prodh
 Tracked objects:
		On entry : 
		On exit  : 
		Unchanged: 
 Data sizes:     COMRAM   BANK0   BANK1   BANK2   BANK3   BANK4   BANK5
      Params:         6       0       0       0       0       0       0
      Locals:        17       0       0       0       0       0       0
      Temps:          0       0       0       0       0       0       0
      Totals:        23       0       0       0       0       0       0
Total ram usage:       23 bytes
 Hardware stack levels used:    1
 Hardware stack levels required when called:   10
 This function calls:
		___wmul
 This function is called by:
		_main
		_setupOS
 This function uses a non-reentrant model


 *************** function ___wmul *****************
 Defined at:
		line 15 in file "/opt/microchip/xc8/v1.45/sources/common/Umul16.c"
 Parameters:    Size  Location     Type
  multiplier      2  [STACK] unsigned int 
  multiplicand    2  [STACK] unsigned int 
 Auto vars:     Size  Location     Type
  product         2  [STACK] unsigned int 
 Return value:  Size  Location     Type
                  2  [STACK] unsigned int 
 Registers used:
		wreg, fsr1l, fsr1h, fsr2l, fsr2h, status,2, status,0, btemp, btemp+1, btemp+11, prodl, prodh
 Tracked objects:
		On entry : 
		On exit  : 
		Unchanged: 
 Data sizes:     COMRAM   BANK0   BANK1   BANK2   BANK3   BANK4   BANK5
      Params:         0       0       0       0       0       0       0
      Locals:         0       0       0       0       0       0       0
      Temps:          0       0       0       0       0       0       0
      Totals:         0       0       0       0       0       0       0
Total ram usage:        0 bytes
 Hardware stack levels used:    1
 Hardware stack levels required when called:    9
 This function calls:
		Nothing
 This function is called by:
		_create_task
		_dispatcher
		_delay
		_int_high
		_rr_scheduler
		_sem_post
		_write_pipe
		_read_pipe
		_get_id
		_prior_scheduler
 This function uses a reentrant model


 *************** function _SRAMInitHeap *****************
 Defined at:
		line 303 in file "memory.c"
 Parameters:    Size  Location     Type
		None
 Auto vars:     Size  Location     Type
  count           2   17[COMRAM] unsigned int 
  pHeap           2   19[COMRAM] near PTR unsigned char 
		 -> _uDynamicHeap(512), 
 Return value:  Size  Location     Type
                  1    wreg      void 
 Registers used:
		wreg, fsr2l, fsr2h, status,2, status,0
 Tracked objects:
		On entry : 
		On exit  : 
		Unchanged: 
 Data sizes:     COMRAM   BANK0   BANK1   BANK2   BANK3   BANK4   BANK5
      Params:         0       0       0       0       0       0       0
      Locals:         4       0       0       0       0       0       0
      Temps:          0       0       0       0       0       0       0
      Totals:         4       0       0       0       0       0       0
Total ram usage:        4 bytes
 Hardware stack levels used:    1
 Hardware stack levels required when called:    9
 This function calls:
		Nothing
 This function is called by:
		_main
		_setupOS
 This function uses a non-reentrant model


 *************** function _sem_init *****************
 Defined at:
		line 6 in file "semaphore.c"
 Parameters:    Size  Location     Type
  s               2   17[COMRAM] PTR struct sem
		 -> spista(26), 
  value           2   19[COMRAM] int 
 Auto vars:     Size  Location     Type
		None
 Return value:  Size  Location     Type
                  1    wreg      void 
 Registers used:
		wreg, fsr2l, fsr2h, status,2, status,0
 Tracked objects:
		On entry : 
		On exit  : 
		Unchanged: 
 Data sizes:     COMRAM   BANK0   BANK1   BANK2   BANK3   BANK4   BANK5
      Params:         4       0       0       0       0       0       0
      Locals:         0       0       0       0       0       0       0
      Temps:          0       0       0       0       0       0       0
      Totals:         4       0       0       0       0       0       0
Total ram usage:        4 bytes
 Hardware stack levels used:    1
 Hardware stack levels required when called:    9
 This function calls:
		Nothing
 This function is called by:
		_main
 This function uses a non-reentrant model


 *************** function _confi_port *****************
 Defined at:
		line 62 in file "tasks.c"
 Parameters:    Size  Location     Type
		None
 Auto vars:     Size  Location     Type
		None
 Return value:  Size  Location     Type
                  1    wreg      void 
 Registers used:
		wreg, status,2
 Tracked objects:
		On entry : 
		On exit  : 
		Unchanged: 
 Data sizes:     COMRAM   BANK0   BANK1   BANK2   BANK3   BANK4   BANK5
      Params:         0       0       0       0       0       0       0
      Locals:         0       0       0       0       0       0       0
      Temps:          0       0       0       0       0       0       0
      Totals:         0       0       0       0       0       0       0
Total ram usage:        0 bytes
 Hardware stack levels used:    1
 Hardware stack levels required when called:    9
 This function calls:
		Nothing
 This function is called by:
		_main
 This function uses a non-reentrant model


 *************** function _aviao1 *****************
 Defined at:
		line 68 in file "tasks.c"
 Parameters:    Size  Location     Type
		None
 Auto vars:     Size  Location     Type
		None
 Return value:  Size  Location     Type
                  1  [STACK] void 
 Registers used:
		wreg, fsr0l, fsr0h, fsr1l, fsr1h, fsr2l, fsr2h, status,2, status,0, btemp, btemp+1, btemp+2, btemp+8, btemp+9, btemp+10, btemp+11, prodl, prodh
 Tracked objects:
		On entry : 
		On exit  : 
		Unchanged: 
 Data sizes:     COMRAM   BANK0   BANK1   BANK2   BANK3   BANK4   BANK5
      Params:         0       0       0       0       0       0       0
      Locals:         0       0       0       0       0       0       0
      Temps:          0       0       0       0       0       0       0
      Totals:         0       0       0       0       0       0       0
Total ram usage:        0 bytes
 Hardware stack levels used:    1
 Hardware stack levels required when called:    8
 This function calls:
		_delay
		_sem_post
		_sem_wait
 This function is called by:
		_main
 This function uses a reentrant model


 *************** function _sem_wait *****************
 Defined at:
		line 17 in file "semaphore.c"
 Parameters:    Size  Location     Type
  s               2  [STACK] PTR struct sem
		 -> spista(26), 
 Auto vars:     Size  Location     Type
		None
 Return value:  Size  Location     Type
                  1  [STACK] void 
 Registers used:
		wreg, fsr1l, fsr1h, fsr2l, fsr2h, status,2, status,0, btemp, btemp+1, btemp+2, btemp+8, btemp+9, btemp+10, btemp+11, prodl, prodh
 Tracked objects:
		On entry : 
		On exit  : 
		Unchanged: 
 Data sizes:     COMRAM   BANK0   BANK1   BANK2   BANK3   BANK4   BANK5
      Params:         0       0       0       0       0       0       0
      Locals:         0       0       0       0       0       0       0
      Temps:          0       0       0       0       0       0       0
      Totals:         0       0       0       0       0       0       0
Total ram usage:        0 bytes
 Hardware stack levels used:    1
 Hardware stack levels required when called:    7
 This function calls:
		___lwmod
		_dispatcher
 This function is called by:
		_aviao1
		_aviao2
		_aviao3
 This function uses a reentrant model


 *************** function _sem_post *****************
 Defined at:
		line 32 in file "semaphore.c"
 Parameters:    Size  Location     Type
  s               2  [STACK] PTR struct sem
		 -> spista(26), 
 Auto vars:     Size  Location     Type
		None
 Return value:  Size  Location     Type
                  1  [STACK] void 
 Registers used:
		wreg, fsr1l, fsr1h, fsr2l, fsr2h, status,2, status,0, btemp, btemp+1, btemp+2, btemp+8, btemp+9, btemp+10, btemp+11, prodl, prodh
 Tracked objects:
		On entry : 
		On exit  : 
		Unchanged: 
 Data sizes:     COMRAM   BANK0   BANK1   BANK2   BANK3   BANK4   BANK5
      Params:         0       0       0       0       0       0       0
      Locals:         0       0       0       0       0       0       0
      Temps:          0       0       0       0       0       0       0
      Totals:         0       0       0       0       0       0       0
Total ram usage:        0 bytes
 Hardware stack levels used:    1
 Hardware stack levels required when called:    7
 This function calls:
		___lwmod
		___wmul
		_dispatcher
 This function is called by:
		_aviao1
		_aviao2
		_aviao3
 This function uses a reentrant model


 *************** function _delay *****************
 Defined at:
		line 62 in file "kernel.c"
 Parameters:    Size  Location     Type
  time_ms         2  [STACK] unsigned int 
 Auto vars:     Size  Location     Type
		None
 Return value:  Size  Location     Type
                  1  [STACK] void 
 Registers used:
		wreg, fsr0l, fsr0h, fsr1l, fsr1h, fsr2l, fsr2h, status,2, status,0, btemp, btemp+1, btemp+2, btemp+8, btemp+9, btemp+10, btemp+11, prodl, prodh
 Tracked objects:
		On entry : 
		On exit  : 
		Unchanged: 
 Data sizes:     COMRAM   BANK0   BANK1   BANK2   BANK3   BANK4   BANK5
      Params:         0       0       0       0       0       0       0
      Locals:         0       0       0       0       0       0       0
      Temps:          0       0       0       0       0       0       0
      Totals:         0       0       0       0       0       0       0
Total ram usage:        0 bytes
 Hardware stack levels used:    1
 Hardware stack levels required when called:    7
 This function calls:
		___wmul
		_dispatcher
 This function is called by:
		_aviao1
		_aviao2
		_aviao3
		_tluzes
		_numerodeaviosG
		_Lcd_Write_Char
 This function uses a reentrant model


 *************** function _dispatcher *****************
 Defined at:
		line 37 in file "kernel.c"
 Parameters:    Size  Location     Type
  state           1  [STACK] enum E3008
 Auto vars:     Size  Location     Type
		None
 Return value:  Size  Location     Type
                  1  [STACK] void 
 Registers used:
		wreg, fsr1l, fsr1h, fsr2l, fsr2h, status,2, status,0, btemp, btemp+1, btemp+2, btemp+8, btemp+9, btemp+10, btemp+11, prodl, prodh
 Tracked objects:
		On entry : 
		On exit  : 
		Unchanged: 
 Data sizes:     COMRAM   BANK0   BANK1   BANK2   BANK3   BANK4   BANK5
      Params:         0       0       0       0       0       0       0
      Locals:         0       0       0       0       0       0       0
      Temps:          0       0       0       0       0       0       0
      Totals:         0       0       0       0       0       0       0
Total ram usage:        0 bytes
 Hardware stack levels used:    1
 Hardware stack levels required when called:    6
 This function calls:
		___wmul
		_rr_scheduler
 This function is called by:
		_delay
		_int_high
		_sem_wait
		_sem_post
		_write_pipe
		_read_pipe
 This function uses a reentrant model


 *************** function _rr_scheduler *****************
 Defined at:
		line 12 in file "scheduler.c"
 Parameters:    Size  Location     Type
		None
 Auto vars:     Size  Location     Type
  next_task_to    2  [STACK] unsigned int 
 Return value:  Size  Location     Type
                  2  [STACK] unsigned int 
 Registers used:
		wreg, fsr1l, fsr1h, fsr2l, fsr2h, status,2, status,0, btemp, btemp+1, btemp+2, btemp+10, btemp+11, prodl, prodh
 Tracked objects:
		On entry : 
		On exit  : 
		Unchanged: 
 Data sizes:     COMRAM   BANK0   BANK1   BANK2   BANK3   BANK4   BANK5
      Params:         0       0       0       0       0       0       0
      Locals:         0       0       0       0       0       0       0
      Temps:          0       0       0       0       0       0       0
      Totals:         0       0       0       0       0       0       0
Total ram usage:        0 bytes
 Hardware stack levels used:    1
 Hardware stack levels required when called:    5
 This function calls:
		___lwmod
		___wmul
 This function is called by:
		_dispatcher
 This function uses a reentrant model


 *************** function ___lwmod *****************
 Defined at:
		line 8 in file "/opt/microchip/xc8/v1.45/sources/common/lwmod.c"
 Parameters:    Size  Location     Type
  dividend        2  [STACK] unsigned int 
  divisor         2  [STACK] unsigned int 
 Auto vars:     Size  Location     Type
  counter         1  [STACK] unsigned char 
 Return value:  Size  Location     Type
                  2  [STACK] unsigned int 
 Registers used:
		wreg, fsr1l, fsr1h, status,2, status,0, btemp, btemp+1, btemp+2, btemp+10, btemp+11, prodl
 Tracked objects:
		On entry : 
		On exit  : 
		Unchanged: 
 Data sizes:     COMRAM   BANK0   BANK1   BANK2   BANK3   BANK4   BANK5
      Params:         0       0       0       0       0       0       0
      Locals:         0       0       0       0       0       0       0
      Temps:          0       0       0       0       0       0       0
      Totals:         0       0       0       0       0       0       0
Total ram usage:        0 bytes
 Hardware stack levels used:    1
 Hardware stack levels required when called:    4
 This function calls:
		Nothing
 This function is called by:
		_rr_scheduler
		_sem_wait
		_sem_post
 This function uses a reentrant model


 *************** function _aviao2 *****************
 Defined at:
		line 126 in file "tasks.c"
 Parameters:    Size  Location     Type
		None
 Auto vars:     Size  Location     Type
		None
 Return value:  Size  Location     Type
                  1  [STACK] void 
 Registers used:
		wreg, fsr0l, fsr0h, fsr1l, fsr1h, fsr2l, fsr2h, status,2, status,0, btemp, btemp+1, btemp+2, btemp+8, btemp+9, btemp+10, btemp+11, prodl, prodh
 Tracked objects:
		On entry : 
		On exit  : 
		Unchanged: 
 Data sizes:     COMRAM   BANK0   BANK1   BANK2   BANK3   BANK4   BANK5
      Params:         0       0       0       0       0       0       0
      Locals:         0       0       0       0       0       0       0
      Temps:          0       0       0       0       0       0       0
      Totals:         0       0       0       0       0       0       0
Total ram usage:        0 bytes
 Hardware stack levels used:    1
 Hardware stack levels required when called:    8
 This function calls:
		_delay
		_sem_post
		_sem_wait
 This function is called by:
		_main
 This function uses a reentrant model


 *************** function _tluzesescreve *****************
 Defined at:
		line 259 in file "tasks.c"
 Parameters:    Size  Location     Type
		None
 Auto vars:     Size  Location     Type
		None
 Return value:  Size  Location     Type
                  1  [STACK] void 
 Registers used:
		wreg, fsr1l, fsr1h, fsr2l, fsr2h, status,2, status,0, btemp, btemp+1, btemp+2, btemp+8, btemp+9, btemp+10, btemp+11, prodl, prodh
 Tracked objects:
		On entry : 
		On exit  : 
		Unchanged: 
 Data sizes:     COMRAM   BANK0   BANK1   BANK2   BANK3   BANK4   BANK5
      Params:         0       0       0       0       0       0       0
      Locals:         0       0       0       0       0       0       0
      Temps:          0       0       0       0       0       0       0
      Totals:         0       0       0       0       0       0       0
Total ram usage:        0 bytes
 Hardware stack levels used:    1
 Hardware stack levels required when called:    8
 This function calls:
		_create_pipe
		_write_pipe
 This function is called by:
		_main
 This function uses a reentrant model


 *************** function _write_pipe *****************
 Defined at:
		line 22 in file "pipe.c"
 Parameters:    Size  Location     Type
  pipe            2  [STACK] PTR struct pipe
		 -> pipeluzes(11), 
  data            1  [STACK] unsigned char 
 Auto vars:     Size  Location     Type
		None
 Return value:  Size  Location     Type
                  1  [STACK] void 
 Registers used:
		wreg, fsr1l, fsr1h, fsr2l, fsr2h, status,2, status,0, btemp, btemp+1, btemp+2, btemp+8, btemp+9, btemp+10, btemp+11, prodl, prodh
 Tracked objects:
		On entry : 
		On exit  : 
		Unchanged: 
 Data sizes:     COMRAM   BANK0   BANK1   BANK2   BANK3   BANK4   BANK5
      Params:         0       0       0       0       0       0       0
      Locals:         0       0       0       0       0       0       0
      Temps:          0       0       0       0       0       0       0
      Totals:         0       0       0       0       0       0       0
Total ram usage:        0 bytes
 Hardware stack levels used:    1
 Hardware stack levels required when called:    7
 This function calls:
		___wmul
		_dispatcher
 This function is called by:
		_tluzesescreve
 This function uses a reentrant model


 *************** function _create_pipe *****************
 Defined at:
		line 11 in file "pipe.c"
 Parameters:    Size  Location     Type
  pipe            2  [STACK] PTR struct pipe
		 -> pipeluzes(11), 
 Auto vars:     Size  Location     Type
		None
 Return value:  Size  Location     Type
                  1  [STACK] void 
 Registers used:
		wreg, fsr1l, fsr1h, fsr2l, fsr2h, status,2, status,0, btemp+1, btemp+2
 Tracked objects:
		On entry : 
		On exit  : 
		Unchanged: 
 Data sizes:     COMRAM   BANK0   BANK1   BANK2   BANK3   BANK4   BANK5
      Params:         0       0       0       0       0       0       0
      Locals:         0       0       0       0       0       0       0
      Temps:          0       0       0       0       0       0       0
      Totals:         0       0       0       0       0       0       0
Total ram usage:        0 bytes
 Hardware stack levels used:    1
 Hardware stack levels required when called:    4
 This function calls:
		Nothing
 This function is called by:
		_tluzesescreve
 This function uses a reentrant model


 *************** function _tluzes *****************
 Defined at:
		line 228 in file "tasks.c"
 Parameters:    Size  Location     Type
		None
 Auto vars:     Size  Location     Type
  dado            1  [STACK] unsigned char 
 Return value:  Size  Location     Type
                  1  [STACK] void 
 Registers used:
		wreg, fsr0l, fsr0h, fsr1l, fsr1h, fsr2l, fsr2h, status,2, status,0, btemp, btemp+1, btemp+2, btemp+8, btemp+9, btemp+10, btemp+11, prodl, prodh
 Tracked objects:
		On entry : 
		On exit  : 
		Unchanged: 
 Data sizes:     COMRAM   BANK0   BANK1   BANK2   BANK3   BANK4   BANK5
      Params:         0       0       0       0       0       0       0
      Locals:         0       0       0       0       0       0       0
      Temps:          0       0       0       0       0       0       0
      Totals:         0       0       0       0       0       0       0
Total ram usage:        0 bytes
 Hardware stack levels used:    1
 Hardware stack levels required when called:    8
 This function calls:
		_delay
		_read_pipe
 This function is called by:
		_main
 This function uses a reentrant model


 *************** function _read_pipe *****************
 Defined at:
		line 51 in file "pipe.c"
 Parameters:    Size  Location     Type
  pipe            2  [STACK] PTR struct pipe
		 -> pipeluzes(11), 
 Auto vars:     Size  Location     Type
  dado            1  [STACK] unsigned char 
 Return value:  Size  Location     Type
                  1  [STACK] unsigned char 
 Registers used:
		wreg, fsr1l, fsr1h, fsr2l, fsr2h, status,2, status,0, btemp, btemp+1, btemp+2, btemp+8, btemp+9, btemp+10, btemp+11, prodl, prodh
 Tracked objects:
		On entry : 
		On exit  : 
		Unchanged: 
 Data sizes:     COMRAM   BANK0   BANK1   BANK2   BANK3   BANK4   BANK5
      Params:         0       0       0       0       0       0       0
      Locals:         0       0       0       0       0       0       0
      Temps:          0       0       0       0       0       0       0
      Totals:         0       0       0       0       0       0       0
Total ram usage:        0 bytes
 Hardware stack levels used:    1
 Hardware stack levels required when called:    7
 This function calls:
		___wmul
		_dispatcher
 This function is called by:
		_tluzes
 This function uses a reentrant model


 *************** function _task_idle *****************
 Defined at:
		line 72 in file "kernel.c"
 Parameters:    Size  Location     Type
		None
 Auto vars:     Size  Location     Type
		None
 Return value:  Size  Location     Type
                  1  [STACK] void 
 Registers used:
		None
 Tracked objects:
		On entry : 
		On exit  : 
		Unchanged: 
 Data sizes:     COMRAM   BANK0   BANK1   BANK2   BANK3   BANK4   BANK5
      Params:         0       0       0       0       0       0       0
      Locals:         0       0       0       0       0       0       0
      Temps:          0       0       0       0       0       0       0
      Totals:         0       0       0       0       0       0       0
Total ram usage:        0 bytes
 Hardware stack levels used:    1
 Hardware stack levels required when called:    4
 This function calls:
		Nothing
 This function is called by:
		_setupOS
 This function uses a reentrant model


 *************** function _aviao3 *****************
 Defined at:
		line 177 in file "tasks.c"
 Parameters:    Size  Location     Type
		None
 Auto vars:     Size  Location     Type
		None
 Return value:  Size  Location     Type
                  1    wreg      void 
 Registers used:
		wreg, fsr0l, fsr0h, fsr1l, fsr1h, fsr2l, fsr2h, status,2, status,0, btemp, btemp+1, btemp+2, btemp+8, btemp+9, btemp+10, btemp+11, prodl, prodh
 Tracked objects:
		On entry : 
		On exit  : 
		Unchanged: 
 Data sizes:     COMRAM   BANK0   BANK1   BANK2   BANK3   BANK4   BANK5
      Params:         0       0       0       0       0       0       0
      Locals:         0       0       0       0       0       0       0
      Temps:          0       0       0       0       0       0       0
      Totals:         0       0       0       0       0       0       0
Total ram usage:        0 bytes
 Hardware stack levels used:    1
 Hardware stack levels required when called:    8
 This function calls:
		_delay
		_sem_post
		_sem_wait
 This function is called by:
		Interrupt level 1
 This function uses a non-reentrant model


 *************** function _int_high *****************
 Defined at:
		line 127 in file "kernel.c"
 Parameters:    Size  Location     Type
		None
 Auto vars:     Size  Location     Type
  i               2   15[COMRAM] unsigned int 
 Return value:  Size  Location     Type
                  1    wreg      void 
 Registers used:
		wreg, fsr1l, fsr1h, fsr2l, fsr2h, status,2, status,0, btemp, btemp+1, btemp+2, btemp+8, btemp+9, btemp+10, btemp+11, prodl, prodh
 Tracked objects:
		On entry : 
		On exit  : 
		Unchanged: 
 Data sizes:     COMRAM   BANK0   BANK1   BANK2   BANK3   BANK4   BANK5
      Params:         0       0       0       0       0       0       0
      Locals:         2       0       0       0       0       0       0
      Temps:         15       0       0       0       0       0       0
      Totals:        17       0       0       0       0       0       0
Total ram usage:       17 bytes
 Hardware stack levels used:    1
 Hardware stack levels required when called:    3
 This function calls:
		___wmul
		_dispatcher
 This function is called by:
		Interrupt level 2
 This function uses a non-reentrant model



MODULE INFORMATION

Module		Function		Class		Link	Load	Size
semaphore.c
		_sem_wait      		CODE           	1092	0000	221
		_sem_init      		CODE           	17F4	0000	63
		_sem_post      		CODE           	0F66	0000	301

semaphore.c estimated size: 585

/opt/microchip/xc8/v1.45/sources/common/lwmod.c
		___lwmod       		CODE           	116E	0000	189

/opt/microchip/xc8/v1.45/sources/common/lwmod.c estimated size: 189

tasks.c
		_tluzes        		CODE           	1630	0000	121
		_aviao3        		CODE           	15AC	0000	133
		_aviao1        		CODE           	12D0	0000	157
		_tluzesescreve 		CODE           	186A	0000	31
		_aviao2        		CODE           	1498	0000	145
		_confi_port    		CODE           	1888	0000	7

tasks.c estimated size: 594

kernel.c
		_setupOS       		CODE           	1832	0000	57
		_delay         		CODE           	17AC	0000	73
		_create_task   		CODE           	1702	0000	89
		_int_high      		CODE           	0008	0000	369
		_dispatcher    		CODE           	0606	0000	1345
		_start_os      		CODE           	188E	0000	5
		_task_idle     		CODE           	1892	0000	5

kernel.c estimated size: 1943

shared
		_STACK_SIZE    		SMALLCONST     	0000	0000	0
		__initialization		CODE           	175A	0000	69

shared estimated size: 69

pipe.c
		_read_pipe     		CODE           	0CB2	0000	353
		_create_pipe   		CODE           	122A	0000	167
		_write_pipe    		CODE           	0E12	0000	341

pipe.c estimated size: 861

scheduler.c
		_rr_scheduler  		CODE           	1528	0000	133

scheduler.c estimated size: 133

main.c
		_main          		CODE           	136C	0000	151

main.c estimated size: 151

/opt/microchip/xc8/v1.45/sources/common/Umul16.c
		___wmul        		CODE           	1402	0000	151

/opt/microchip/xc8/v1.45/sources/common/Umul16.c estimated size: 151

memory.c
		_SRAMInitHeap  		CODE           	16A8	0000	91

memory.c estimated size: 91

