Microchip MPLAB XC8 Compiler V1.45 ()

Linker command line:

-W-3 --edf=/opt/microchip/xc8/v1.45/dat/en_msgs.txt -cs \
  -h+dist/default/production/Versao_Final_.production.sym \
  --cmf=dist/default/production/Versao_Final_.production.cmf -z -Q18F4520 \
  -o/tmp/xcXfMQPKQ -Mdist/default/production/Versao_Final_.production.map \
  -E1 -ver=XC8 -ASTACK=04A6h-05ffh -pstack=STACK -ACODE=00h-07FFFh \
  -ACONST=00h-07FFFh -ASMALLCONST=0600h-06FFhx122 \
  -AMEDIUMCONST=0600h-07FFFh -ACOMRAM=01h-07Fh -AABS1=00h-05FFh \
  -ABIGRAM=01h-05FFh -ARAM=080h-0FFh,0100h-01FFhx5 -ABANK0=080h-0FFh \
  -ABANK1=0100h-01FFh -ABANK2=0200h-02FFh -ABANK3=0300h-03FFh \
  -ABANK4=0400h-04FFh -ABANK5=0500h-05FFh -ASFR=0F80h-0FFFh \
  -preset_vec=00h,intcode=08h,intcodelo,powerup,init -pramtop=0600h \
  -psmallconst=SMALLCONST -pmediumconst=MEDIUMCONST -pconst=CONST \
  -AFARRAM=00h-00h -ACONFIG=0300000h-030000Dh -pconfig=CONFIG \
  -AIDLOC=0200000h-0200007h -pidloc=IDLOC -AEEDATA=0F00000h-0F000FFh \
  -peeprom_data=EEDATA \
  -prdata=COMRAM,nvrram=COMRAM,nvbit=COMRAM,rbss=COMRAM,rbit=COMRAM \
  -pfarbss=FARRAM,fardata=FARRAM,nvFARRAM=FARRAM \
  -pintsave_regs=BIGRAM,bigbss=BIGRAM,bigdata=BIGRAM -pbss=RAM \
  -pidata=CODE,irdata=CODE,ibigdata=CODE,ifardata=CODE -prparam=COMRAM \
  /tmp/xcXA1agIr.obj dist/default/production/Versao_Final_.production.obj 

Object code version is 3.11

Machine type is 18F4520

Call graph: (short form)




                Name                               Link     Load   Length Selector   Space Scale
/tmp/xcXA1agIr.obj
                stack                               4A6      4A6      15A      4A6       2
                init                                  C        C        8        4       0
                reset_vec                             0        0        4        0       0
                idloc                            200000   200000        8   200000       0
                config                           300000   300000        E   300000       0
dist/default/production/Versao_Final_.production.obj
                intcode                               8        8        4        4       0
                temp                                 3C       3C        C        1       1
                smallconst                          600      600       1C      300       0
                intcode_body                        B5C      B5C      16C      30E       0
                text23                             1128     1128       A6      30E       0
                text22                             1776     1776       20      30E       0
                text21                             14FA     14FA       68      30E       0
                text20                             1302     1302       8A      30E       0
                text19                             1796     1796       16      30E       0
                text18                             11CE     11CE       9E      30E       0
                text17                              FA2      FA2       CA      30E       0
                text16                             106C     106C       BC      30E       0
                text15                             138C     138C       84      30E       0
                text14                              61C      61C      540      30E       0
                text13                             1616     1616       48      30E       0
                text12                              CC8      CC8      12C      30E       0
                text11                              ED2      ED2       D0      30E       0
                text10                              DF4      DF4       DE      30E       0
                text9                              16E2     16E2       3E      30E       0
                text8                              1720     1720       34      30E       0
                text7                              1754     1754       22      30E       0
                text6                              1486     1486       74      30E       0
                text5                              15BC     15BC       5A      30E       0
                text4                              126C     126C       96      30E       0
                text3                              1562     1562       5A      30E       0
                text2                              16A4     16A4       3E      30E       0
                text1                              17AC     17AC        4      30E       0
                text0                              1410     1410       76      30E       0
                cstackCOMRAM                         21       21       1B        1       1
                cstackBANK0                          80       80       6E       80       1
                bssBIGRAM                            EE       EE      3B8       EE       1
                dataCOMRAM                           48       48        2        1       1
                bssCOMRAM                             1        1       20        1       1
                cinit                              165E     165E       46      30E       0
                idataCOMRAM                        17B0     17B0        2      30E       0

TOTAL           Name                               Link     Load   Length     Space
        CLASS   STACK          
                stack                               4A6      4A6      15A         2

        CLASS   CODE           
                intcode                               8        8        4         0
                init                                  C        C        8         0
                reset_vec                             0        0        4         0
                intcode_body                        B5C      B5C      16C         0
                text23                             1128     1128       A6         0
                text22                             1776     1776       20         0
                text21                             14FA     14FA       68         0
                text20                             1302     1302       8A         0
                text19                             1796     1796       16         0
                text18                             11CE     11CE       9E         0
                text17                              FA2      FA2       CA         0
                text16                             106C     106C       BC         0
                text15                             138C     138C       84         0
                text14                              61C      61C      540         0
                text13                             1616     1616       48         0
                text12                              CC8      CC8      12C         0
                text11                              ED2      ED2       D0         0
                text10                              DF4      DF4       DE         0
                text9                              16E2     16E2       3E         0
                text8                              1720     1720       34         0
                text7                              1754     1754       22         0
                text6                              1486     1486       74         0
                text5                              15BC     15BC       5A         0
                text4                              126C     126C       96         0
                text3                              1562     1562       5A         0
                text2                              16A4     16A4       3E         0
                text1                              17AC     17AC        4         0
                text0                              1410     1410       76         0
                cinit                              165E     165E       46         0
                idataCOMRAM                        17B0     17B0        2         0

        CLASS   CONST          

        CLASS   SMALLCONST     
                smallconst                          600      600       1C         0

        CLASS   MEDIUMCONST    

        CLASS   COMRAM         
                temp                                 3C       3C        C         1
                cstackCOMRAM                         21       21       1B         1
                dataCOMRAM                           48       48        2         1
                bssCOMRAM                             1        1       20         1

        CLASS   ABS1           

        CLASS   BIGRAM         
                bssBIGRAM                            EE       EE      3B8         1

        CLASS   RAM            

        CLASS   BANK0          
                cstackBANK0                          80       80       6E         1

        CLASS   BANK1          

        CLASS   BANK2          

        CLASS   BANK3          

        CLASS   BANK4          

        CLASS   BANK5          

        CLASS   SFR            

        CLASS   FARRAM         

        CLASS   CONFIG         
                config                           300000   300000        E         0

        CLASS   IDLOC          
                idloc                            200000   200000        8         0

        CLASS   EEDATA         



SEGMENTS        Name                           Load    Length   Top    Selector   Space  Class

                reset_vec                      000000  000004  000004         0       0  CODE    
                bssCOMRAM                      000001  000049  00004A         1       1  COMRAM  
                intcode                        000008  00000C  000014         4       0  CODE    
                cstackBANK0                    000080  00006E  0000EE        80       1  BANK0   
                bssBIGRAM                      0000EE  0003B8  0004A6        EE       1  BIGRAM  
                stack                          0004A6  00015A  000600       4A6       2  STACK   
                smallconst                     000600  00001C  00061C       300       0  SMALLCON
                text14                         00061C  001196  0017B2       30E       0  CODE    
                idloc                          200000  000008  200008    200000       0  IDLOC   
                config                         300000  00000E  30000E    300000       0  CONFIG  


UNUSED ADDRESS RANGES

        Name                Unused          Largest block    Delta
        BANK4            0004A6-0004FF               5A
        BANK5            000500-0005FF              100
        BIGRAM           00004A-00007F               36
                         0004A6-0005FF              15A
        CODE             000004-000007                4
                         000014-0005FF              5EC
                         0017B2-007FFF             684E
        COMRAM           00004A-00007F               36
        CONST            000004-000007                4
                         000014-0005FF              5EC
                         0017B2-007FFF             684E
        EEDATA           F00000-F000FF              100
        MEDIUMCONST      0017B2-007FFF             684E
        RAM              0004A6-0005FF               5A
        SFR              000F80-000FFF               80
        SMALLCONST       0017B2-007FFF              100

                                  Symbol Table

Lcd_Cmd@a                  cstackCOMRAM 000037
SRAMInitHeap@count         cstackCOMRAM 000036
SRAMInitHeap@pHeap         cstackCOMRAM 000038
_BSR                       (abs)        000FE0
_F_APTOS                   bssBIGRAM    0000EE
_INTCONbits                (abs)        000FF2
_Lcd_Cmd                   text7        001754
_Lcd_Init                  text6        001486
_Lcd_Port                  text8        001720
_Lcd_Write_Char            text21       0014FA
_Lcd_Write_String          text20       001302
_PORTCbits                 (abs)        000F82
_PORTDbits                 (abs)        000F83
_SRAMInitHeap              text5        0015BC
_STATUS                    (abs)        000FD8
_STKPTR                    (abs)        000FFC
_T0CONbits                 (abs)        000FD5
_TMR0L                     (abs)        000FD6
_TOS                       (abs)        000FFD
_TOSH                      (abs)        000FFE
_TOSL                      (abs)        000FFD
_TOSU                      (abs)        000FFF
_TRISCbits                 (abs)        000F94
_TRISD                     (abs)        000F95
_TRISDbits                 (abs)        000F95
_WREG                      (abs)        000FE8
__HRAM                     (abs)        000000
__Habs1                    abs1         000000
__Hbank0                   bank0        000000
__Hbank1                   bank1        000000
__Hbank2                   bank2        000000
__Hbank3                   bank3        000000
__Hbank4                   bank4        000000
__Hbank5                   bank5        000000
__Hbigbss                  bigbss       000000
__Hbigdata                 bigdata      000000
__Hbigram                  bigram       000000
__Hbss                     bss          000000
__HbssBIGRAM               bssBIGRAM    000000
__HbssCOMRAM               bssCOMRAM    000000
__Hcinit                   cinit        000000
__Hclrtext                 clrtext      000000
__Hcomram                  comram       000000
__Hconfig                  config       30000E
__Hconst                   const        000000
__HcstackBANK0             cstackBANK0  000000
__HcstackCOMRAM            cstackCOMRAM 000000
__Hdata                    data         000000
__HdataCOMRAM              dataCOMRAM   000000
__Heeprom_data             eeprom_data  000000
__Hfarbss                  farbss       000000
__Hfardata                 fardata      000000
__Hibigdata                ibigdata     000000
__Hidata                   idata        000000
__HidataCOMRAM             idataCOMRAM  000000
__Hidloc                   idloc        200008
__Hifardata                ifardata     000000
__Hinit                    init         000014
__Hintcode                 intcode      00000C
__Hintcode_body            intcode_body 000000
__Hintcodelo               intcodelo    00000C
__Hintentry                intentry     000000
__Hintret                  intret       000000
__Hintsave_regs            intsave_regs 000000
__Hirdata                  irdata       000000
__Hmediumconst             mediumconst  000000
__HnvFARRAM                nvFARRAM     000000
__Hnvbit                   nvbit        000000
__Hnvrram                  nvrram       000000
__Hparam                   rparam       000000
__Hpowerup                 powerup      00000C
__Hram                     ram          000000
__Hramtop                  ramtop       000600
__Hrbit                    rbit         000000
__Hrbss                    rbss         000000
__Hrdata                   rdata        000000
__Hreset_vec               reset_vec    000004
__Hrparam                  rparam       000000
__Hsfr                     sfr          000000
__Hsmallconst              smallconst   00061C
__Hspace_0                 (abs)        30000E
__Hspace_1                 (abs)        0004A6
__Hspace_2                 (abs)        000600
__Hstack                   stack        000600
__Hstruct                  struct       000000
__Htemp                    temp         000048
__Htext                    text         000000
__Htext0                   text0        000000
__Htext1                   text1        000000
__Htext10                  text10       000000
__Htext11                  text11       000000
__Htext12                  text12       000000
__Htext13                  text13       000000
__Htext14                  text14       000000
__Htext15                  text15       000000
__Htext16                  text16       000000
__Htext17                  text17       000000
__Htext18                  text18       000000
__Htext19                  text19       000000
__Htext2                   text2        000000
__Htext20                  text20       000000
__Htext21                  text21       000000
__Htext22                  text22       000000
__Htext23                  text23       000000
__Htext3                   text3        000000
__Htext4                   text4        000000
__Htext5                   text5        000000
__Htext6                   text6        000000
__Htext7                   text7        000000
__Htext8                   text8        000000
__Htext9                   text9        000000
__LRAM                     (abs)        000001
__Labs1                    abs1         000000
__Lbank0                   bank0        000000
__Lbank1                   bank1        000000
__Lbank2                   bank2        000000
__Lbank3                   bank3        000000
__Lbank4                   bank4        000000
__Lbank5                   bank5        000000
__Lbigbss                  bigbss       000000
__Lbigdata                 bigdata      000000
__Lbigram                  bigram       000000
__Lbss                     bss          000000
__LbssBIGRAM               bssBIGRAM    000000
__LbssCOMRAM               bssCOMRAM    000000
__Lcinit                   cinit        000000
__Lclrtext                 clrtext      000000
__Lcomram                  comram       000000
__Lconfig                  config       300000
__Lconst                   const        000000
__LcstackBANK0             cstackBANK0  000000
__LcstackCOMRAM            cstackCOMRAM 000000
__Ldata                    data         000000
__LdataCOMRAM              dataCOMRAM   000000
__Leeprom_data             eeprom_data  000000
__Lfarbss                  farbss       000000
__Lfardata                 fardata      000000
__Libigdata                ibigdata     000000
__Lidata                   idata        000000
__LidataCOMRAM             idataCOMRAM  000000
__Lidloc                   idloc        200000
__Lifardata                ifardata     000000
__Linit                    init         00000C
__Lintcode                 intcode      000008
__Lintcode_body            intcode_body 000000
__Lintcodelo               intcodelo    00000C
__Lintentry                intentry     000000
__Lintret                  intret       000000
__Lintsave_regs            intsave_regs 000000
__Lirdata                  irdata       000000
__Lmediumconst             mediumconst  000000
__LnvFARRAM                nvFARRAM     000000
__Lnvbit                   nvbit        000000
__Lnvrram                  nvrram       000000
__Lparam                   rparam       000000
__Lpowerup                 powerup      00000C
__Lram                     ram          000000
__Lramtop                  ramtop       000600
__Lrbit                    rbit         000000
__Lrbss                    rbss         000000
__Lrdata                   rdata        000000
__Lreset_vec               reset_vec    000000
__Lrparam                  rparam       000000
__Lsfr                     sfr          000000
__Lsmallconst              smallconst   000600
__Lspace_0                 (abs)        000000
__Lspace_1                 (abs)        000000
__Lspace_2                 (abs)        000000
__Lstack                   stack        0004A6
__Lstruct                  struct       000000
__Ltemp                    temp         00003C
__Ltext                    text         000000
__Ltext0                   text0        000000
__Ltext1                   text1        000000
__Ltext10                  text10       000000
__Ltext11                  text11       000000
__Ltext12                  text12       000000
__Ltext13                  text13       000000
__Ltext14                  text14       000000
__Ltext15                  text15       000000
__Ltext16                  text16       000000
__Ltext17                  text17       000000
__Ltext18                  text18       000000
__Ltext19                  text19       000000
__Ltext2                   text2        000000
__Ltext20                  text20       000000
__Ltext21                  text21       000000
__Ltext22                  text22       000000
__Ltext23                  text23       000000
__Ltext3                   text3        000000
__Ltext4                   text4        000000
__Ltext5                   text5        000000
__Ltext6                   text6        000000
__Ltext7                   text7        000000
__Ltext8                   text8        000000
__Ltext9                   text9        000000
__S0                       (abs)        30000E
__S1                       (abs)        0004A6
__S2                       (abs)        000600
___inthi_sp                stack        00051A
___intlo_sp                stack        00058D
___lwmod                   text16       00106C
___param_bank              (abs)        000000
___rparam_used             (abs)        000001
___sp                      stack        0004A6
___wmul                    text4        00126C
__accesstop                (abs)        000080
__activetblptr             (abs)        000001
__end_of_Lcd_Cmd           text7        001776
__end_of_Lcd_Init          text6        0014FA
__end_of_Lcd_Port          text8        001754
__end_of_Lcd_Write_Char    text21       001562
__end_of_Lcd_Write_String  text20       00138C
__end_of_SRAMInitHeap      text5        001616
__end_of___lwmod           text16       001128
__end_of___wmul            text4        001302
__end_of__initialization   cinit        001696
__end_of_aviao1            text10       000ED2
__end_of_aviao2            text17       00106C
__end_of_aviao3            text23       0011CE
__end_of_create_task       text3        0015BC
__end_of_delay             text13       00165E
__end_of_dispatcher        text14       000B5C
__end_of_int_high          intcode_body 000CC8
__end_of_main              text0        001486
__end_of_rr_scheduler      text15       001410
__end_of_sem_get_value     text19       0017AC
__end_of_sem_init          text9        001720
__end_of_sem_post          text12       000DF4
__end_of_sem_wait          text11       000FA2
__end_of_setupOS           text2        0016E2
__end_of_start_os          text1        0017B0
__end_of_task_idle         text22       001796
__end_of_testlcd           text18       00126C
__initialization           cinit        00165E
__mediumconst              mediumconst  000000
__pbssBIGRAM               bssBIGRAM    0000EE
__pbssCOMRAM               bssCOMRAM    000001
__pcinit                   cinit        00165E
__pcstackBANK0             cstackBANK0  000080
__pcstackCOMRAM            cstackCOMRAM 000021
__pdataCOMRAM              dataCOMRAM   000048
__pidataCOMRAM             idataCOMRAM  0017B0
__pintcode                 intcode      000008
__pintcode_body            intcode_body 000B5C
__psmallconst              smallconst   000600
__ptext0                   text0        001410
__ptext1                   text1        0017AC
__ptext10                  text10       000DF4
__ptext11                  text11       000ED2
__ptext12                  text12       000CC8
__ptext13                  text13       001616
__ptext14                  text14       00061C
__ptext15                  text15       00138C
__ptext16                  text16       00106C
__ptext17                  text17       000FA2
__ptext18                  text18       0011CE
__ptext19                  text19       001796
__ptext2                   text2        0016A4
__ptext20                  text20       001302
__ptext21                  text21       0014FA
__ptext22                  text22       001776
__ptext23                  text23       001128
__ptext3                   text3        001562
__ptext4                   text4        00126C
__ptext5                   text5        0015BC
__ptext6                   text6        001486
__ptext7                   text7        001754
__ptext8                   text8        001720
__ptext9                   text9        0016E2
__ramtop                   ramtop       000600
__size_of_Lcd_Cmd          (abs)        000000
__size_of_Lcd_Init         (abs)        000000
__size_of_Lcd_Port         (abs)        000000
__size_of_Lcd_Write_Char   (abs)        000000
__size_of_Lcd_Write_String (abs)        000000
__size_of_SRAMInitHeap     (abs)        000000
__size_of___lwmod          (abs)        000000
__size_of___wmul           (abs)        000000
__size_of_aviao1           (abs)        000000
__size_of_aviao2           (abs)        000000
__size_of_aviao3           (abs)        000000
__size_of_create_task      (abs)        000000
__size_of_delay            (abs)        000000
__size_of_dispatcher       (abs)        000000
__size_of_int_high         (abs)        000000
__size_of_main             (abs)        000000
__size_of_rr_scheduler     (abs)        000000
__size_of_sem_get_value    (abs)        000000
__size_of_sem_init         (abs)        000000
__size_of_sem_post         (abs)        000000
__size_of_sem_wait         (abs)        000000
__size_of_setupOS          (abs)        000000
__size_of_start_os         (abs)        000000
__size_of_task_idle        (abs)        000000
__size_of_testlcd          (abs)        000000
__smallconst               smallconst   000600
__uDynamicHeap             bssBIGRAM    0002A6
_aviao1                    text10       000DF4
_aviao2                    text17       000FA2
_aviao3                    text23       001128
_create_task               text3        001562
_delay                     text13       001616
_dispatcher                text14       00061C
_int_high                  intcode      000008
_main                      text0        001410
_pipeluzes                 bssCOMRAM    000001
_quantum                   dataCOMRAM   000048
_rr_scheduler              text15       00138C
_sem_get_value             text19       001796
_sem_init                  text9        0016E2
_sem_post                  text12       000CC8
_sem_wait                  text11       000ED2
_setupOS                   text2        0016A4
_spista                    bssCOMRAM    000013
_start_os                  text1        0017AC
_task_idle                 text22       001776
_task_running              bssCOMRAM    00000F
_tasks_installed           bssCOMRAM    000011
_testlcd                   text18       0011CE
aviao3@tempo_p             cstackCOMRAM 000034
aviao3@tempo_v             cstackCOMRAM 000032
btemp                      temp         00003C
create_task@id             cstackCOMRAM 000036
create_task@prior          cstackCOMRAM 000038
create_task@task           cstackBANK0  000080
create_task@task_f         cstackCOMRAM 00003A
end_of_initialization      cinit        001696
int_func                   intcode_body 000B5C
int_high@i                 cstackCOMRAM 000030
intlevel0                  text         000000
intlevel1                  text         000000
intlevel2                  text         000000
intlevel3                  text         000000
ltemp0                     temp         00003C
ltemp1                     temp         000040
ltemp2                     temp         000044
sem_init@s                 cstackCOMRAM 000036
sem_init@value             cstackCOMRAM 000038
stackhi                    (abs)        0005FF
stacklo                    (abs)        0004A6
start                      init         00000C
start_initialization       cinit        00165E
ttemp0                     temp         00003C
ttemp1                     temp         00003F
ttemp2                     temp         000042
ttemp3                     temp         000045
wtemp0                     temp         00003C
wtemp1                     temp         00003E
wtemp2                     temp         000040
wtemp3                     temp         000042
wtemp4                     temp         000044
wtemp5                     temp         000046
wtemp6                     temp         00003D


FUNCTION INFORMATION:

 *************** function _main *****************
 Defined at:
		line 17 in file "main.c"
 Parameters:    Size  Location     Type
		None
 Auto vars:     Size  Location     Type
		None
 Return value:  Size  Location     Type
                  1    wreg      void 
 Registers used:
		wreg, fsr0l, fsr0h, fsr1l, fsr1h, fsr2l, fsr2h, status,2, status,0, btemp, btemp+1, btemp+11, prodl, prodh, cstack
 Tracked objects:
		On entry : 
		On exit  : 
		Unchanged: 
 Data sizes:     COMRAM   BANK0   BANK1   BANK2   BANK3   BANK4   BANK5
      Params:         0       0       0       0       0       0       0
      Locals:         0       0       0       0       0       0       0
      Temps:          0       0       0       0       0       0       0
      Totals:         0       0       0       0       0       0       0
Total ram usage:        0 bytes
 Hardware stack levels required when called:   15
 This function calls:
		_SRAMInitHeap
		_create_task
		_sem_init
		_setupOS
		_start_os
 This function is called by:
		Startup code after reset
 This function uses a non-reentrant model


 *************** function _start_os *****************
 Defined at:
		line 132 in file "kernel.c"
 Parameters:    Size  Location     Type
		None
 Auto vars:     Size  Location     Type
		None
 Return value:  Size  Location     Type
                  1    wreg      void 
 Registers used:
		None
 Tracked objects:
		On entry : 
		On exit  : 
		Unchanged: 
 Data sizes:     COMRAM   BANK0   BANK1   BANK2   BANK3   BANK4   BANK5
      Params:         0       0       0       0       0       0       0
      Locals:         0       0       0       0       0       0       0
      Temps:          0       0       0       0       0       0       0
      Totals:         0       0       0       0       0       0       0
Total ram usage:        0 bytes
 Hardware stack levels used:    1
 Hardware stack levels required when called:   11
 This function calls:
		Nothing
 This function is called by:
		_main
 This function uses a non-reentrant model


 *************** function _setupOS *****************
 Defined at:
		line 81 in file "kernel.c"
 Parameters:    Size  Location     Type
		None
 Auto vars:     Size  Location     Type
		None
 Return value:  Size  Location     Type
                  1    wreg      void 
 Registers used:
		wreg, fsr0l, fsr0h, fsr1l, fsr1h, fsr2l, fsr2h, status,2, status,0, btemp, btemp+1, btemp+11, prodl, prodh, cstack
 Tracked objects:
		On entry : 
		On exit  : 
		Unchanged: 
 Data sizes:     COMRAM   BANK0   BANK1   BANK2   BANK3   BANK4   BANK5
      Params:         0       0       0       0       0       0       0
      Locals:         0       0       0       0       0       0       0
      Temps:          0       0       0       0       0       0       0
      Totals:         0       0       0       0       0       0       0
Total ram usage:        0 bytes
 Hardware stack levels used:    1
 Hardware stack levels required when called:   14
 This function calls:
		_Lcd_Init
		_SRAMInitHeap
		_create_task
 This function is called by:
		_main
 This function uses a non-reentrant model


 *************** function _create_task *****************
 Defined at:
		line 21 in file "kernel.c"
 Parameters:    Size  Location     Type
  id              2   21[COMRAM] unsigned int 
  prior           2   23[COMRAM] unsigned int 
  task_f          2   25[COMRAM] PTR FTN()void 
		 -> task_idle(1), testlcd(1), aviao2(1), aviao1(1), 
 Auto vars:     Size  Location     Type
  task          110    0[BANK0 ] struct tcb
 Return value:  Size  Location     Type
                  1    wreg      void 
 Registers used:
		wreg, fsr0l, fsr0h, fsr1l, fsr1h, fsr2l, fsr2h, status,2, status,0, btemp, btemp+1, btemp+11, prodl, prodh
 Tracked objects:
		On entry : 
		On exit  : 
		Unchanged: 
 Data sizes:     COMRAM   BANK0   BANK1   BANK2   BANK3   BANK4   BANK5
      Params:         6       0       0       0       0       0       0
      Locals:         0     110       0       0       0       0       0
      Temps:          0       0       0       0       0       0       0
      Totals:         6     110       0       0       0       0       0
Total ram usage:      116 bytes
 Hardware stack levels used:    1
 Hardware stack levels required when called:   12
 This function calls:
		___wmul
 This function is called by:
		_main
		_setupOS
 This function uses a non-reentrant model


 *************** function ___wmul *****************
 Defined at:
		line 15 in file "/opt/microchip/xc8/v1.45/sources/common/Umul16.c"
 Parameters:    Size  Location     Type
  multiplier      2  [STACK] unsigned int 
  multiplicand    2  [STACK] unsigned int 
 Auto vars:     Size  Location     Type
  product         2  [STACK] unsigned int 
 Return value:  Size  Location     Type
                  2  [STACK] unsigned int 
 Registers used:
		wreg, fsr1l, fsr1h, fsr2l, fsr2h, status,2, status,0, btemp, btemp+1, btemp+11, prodl, prodh
 Tracked objects:
		On entry : 
		On exit  : 
		Unchanged: 
 Data sizes:     COMRAM   BANK0   BANK1   BANK2   BANK3   BANK4   BANK5
      Params:         0       0       0       0       0       0       0
      Locals:         0       0       0       0       0       0       0
      Temps:          0       0       0       0       0       0       0
      Totals:         0       0       0       0       0       0       0
Total ram usage:        0 bytes
 Hardware stack levels used:    1
 Hardware stack levels required when called:   11
 This function calls:
		Nothing
 This function is called by:
		_create_task
		_dispatcher
		_delay
		_int_high
		_rr_scheduler
		_sem_post
		_get_id
		_prior_scheduler
		_write_pipe
		_read_pipe
 This function uses a reentrant model


 *************** function _SRAMInitHeap *****************
 Defined at:
		line 303 in file "memory.c"
 Parameters:    Size  Location     Type
		None
 Auto vars:     Size  Location     Type
  count           2   21[COMRAM] unsigned int 
  pHeap           2   23[COMRAM] near PTR unsigned char 
		 -> _uDynamicHeap(512), 
 Return value:  Size  Location     Type
                  1    wreg      void 
 Registers used:
		wreg, fsr2l, fsr2h, status,2, status,0
 Tracked objects:
		On entry : 
		On exit  : 
		Unchanged: 
 Data sizes:     COMRAM   BANK0   BANK1   BANK2   BANK3   BANK4   BANK5
      Params:         0       0       0       0       0       0       0
      Locals:         4       0       0       0       0       0       0
      Temps:          0       0       0       0       0       0       0
      Totals:         4       0       0       0       0       0       0
Total ram usage:        4 bytes
 Hardware stack levels used:    1
 Hardware stack levels required when called:   11
 This function calls:
		Nothing
 This function is called by:
		_main
		_setupOS
 This function uses a non-reentrant model


 *************** function _Lcd_Init *****************
 Defined at:
		line 74 in file "lcd.c"
 Parameters:    Size  Location     Type
		None
 Auto vars:     Size  Location     Type
		None
 Return value:  Size  Location     Type
                  1    wreg      void 
 Registers used:
		wreg, fsr1l, fsr1h, status,2, cstack
 Tracked objects:
		On entry : 
		On exit  : 
		Unchanged: 
 Data sizes:     COMRAM   BANK0   BANK1   BANK2   BANK3   BANK4   BANK5
      Params:         0       0       0       0       0       0       0
      Locals:         0       0       0       0       0       0       0
      Temps:          1       0       0       0       0       0       0
      Totals:         1       0       0       0       0       0       0
Total ram usage:        1 bytes
 Hardware stack levels used:    1
 Hardware stack levels required when called:   13
 This function calls:
		_Lcd_Cmd
		_Lcd_Port
 This function is called by:
		_setupOS
 This function uses a non-reentrant model


 *************** function _Lcd_Cmd *****************
 Defined at:
		line 35 in file "lcd.c"
 Parameters:    Size  Location     Type
  a               1    wreg     unsigned char 
 Auto vars:     Size  Location     Type
  a               1   22[COMRAM] unsigned char 
 Return value:  Size  Location     Type
                  1    wreg      void 
 Registers used:
		wreg, fsr1l, fsr1h, status,2
 Tracked objects:
		On entry : 
		On exit  : 
		Unchanged: 
 Data sizes:     COMRAM   BANK0   BANK1   BANK2   BANK3   BANK4   BANK5
      Params:         0       0       0       0       0       0       0
      Locals:         1       0       0       0       0       0       0
      Temps:          1       0       0       0       0       0       0
      Totals:         2       0       0       0       0       0       0
Total ram usage:        2 bytes
 Hardware stack levels used:    1
 Hardware stack levels required when called:   12
 This function calls:
		_Lcd_Port
 This function is called by:
		_Lcd_Init
		_Lcd_Clear
		_Lcd_Set_Cursor
		_Lcd_Shift_Right
		_Lcd_Shift_Left
 This function uses a non-reentrant model


 *************** function _Lcd_Port *****************
 Defined at:
		line 13 in file "lcd.c"
 Parameters:    Size  Location     Type
  a               1  [STACK] unsigned char 
 Auto vars:     Size  Location     Type
		None
 Return value:  Size  Location     Type
                  1  [STACK] void 
 Registers used:
		wreg, fsr1l, fsr1h
 Tracked objects:
		On entry : 
		On exit  : 
		Unchanged: 
 Data sizes:     COMRAM   BANK0   BANK1   BANK2   BANK3   BANK4   BANK5
      Params:         0       0       0       0       0       0       0
      Locals:         0       0       0       0       0       0       0
      Temps:          0       0       0       0       0       0       0
      Totals:         0       0       0       0       0       0       0
Total ram usage:        0 bytes
 Hardware stack levels used:    1
 Hardware stack levels required when called:   11
 This function calls:
		Nothing
 This function is called by:
		_Lcd_Cmd
		_Lcd_Init
		_Lcd_Write_Char
 This function uses a reentrant model


 *************** function _sem_init *****************
 Defined at:
		line 6 in file "semaphore.c"
 Parameters:    Size  Location     Type
  s               2   21[COMRAM] PTR struct sem
		 -> spista(14), 
  value           2   23[COMRAM] int 
 Auto vars:     Size  Location     Type
		None
 Return value:  Size  Location     Type
                  1    wreg      void 
 Registers used:
		wreg, fsr2l, fsr2h, status,2, status,0
 Tracked objects:
		On entry : 
		On exit  : 
		Unchanged: 
 Data sizes:     COMRAM   BANK0   BANK1   BANK2   BANK3   BANK4   BANK5
      Params:         4       0       0       0       0       0       0
      Locals:         0       0       0       0       0       0       0
      Temps:          0       0       0       0       0       0       0
      Totals:         4       0       0       0       0       0       0
Total ram usage:        4 bytes
 Hardware stack levels used:    1
 Hardware stack levels required when called:   11
 This function calls:
		Nothing
 This function is called by:
		_main
 This function uses a non-reentrant model


 *************** function _aviao1 *****************
 Defined at:
		line 69 in file "tasks.c"
 Parameters:    Size  Location     Type
		None
 Auto vars:     Size  Location     Type
  tempo_p1        2  [STACK] unsigned int 
  tempo_v1        2  [STACK] unsigned int 
 Return value:  Size  Location     Type
                  1  [STACK] void 
 Registers used:
		wreg, fsr0l, fsr0h, fsr1l, fsr1h, fsr2l, fsr2h, status,2, status,0, btemp, btemp+1, btemp+2, btemp+8, btemp+9, btemp+10, btemp+11, prodl, prodh
 Tracked objects:
		On entry : 
		On exit  : 
		Unchanged: 
 Data sizes:     COMRAM   BANK0   BANK1   BANK2   BANK3   BANK4   BANK5
      Params:         0       0       0       0       0       0       0
      Locals:         0       0       0       0       0       0       0
      Temps:          0       0       0       0       0       0       0
      Totals:         0       0       0       0       0       0       0
Total ram usage:        0 bytes
 Hardware stack levels used:    1
 Hardware stack levels required when called:    8
 This function calls:
		_delay
		_sem_post
		_sem_wait
 This function is called by:
		_main
 This function uses a reentrant model


 *************** function _sem_wait *****************
 Defined at:
		line 17 in file "semaphore.c"
 Parameters:    Size  Location     Type
  s               2  [STACK] PTR struct sem
		 -> spista(14), 
 Auto vars:     Size  Location     Type
		None
 Return value:  Size  Location     Type
                  1  [STACK] void 
 Registers used:
		wreg, fsr1l, fsr1h, fsr2l, fsr2h, status,2, status,0, btemp, btemp+1, btemp+2, btemp+8, btemp+9, btemp+10, btemp+11, prodl, prodh
 Tracked objects:
		On entry : 
		On exit  : 
		Unchanged: 
 Data sizes:     COMRAM   BANK0   BANK1   BANK2   BANK3   BANK4   BANK5
      Params:         0       0       0       0       0       0       0
      Locals:         0       0       0       0       0       0       0
      Temps:          0       0       0       0       0       0       0
      Totals:         0       0       0       0       0       0       0
Total ram usage:        0 bytes
 Hardware stack levels used:    1
 Hardware stack levels required when called:    7
 This function calls:
		_dispatcher
 This function is called by:
		_aviao1
		_aviao2
		_aviao3
 This function uses a reentrant model


 *************** function _sem_post *****************
 Defined at:
		line 32 in file "semaphore.c"
 Parameters:    Size  Location     Type
  s               2  [STACK] PTR struct sem
		 -> spista(14), 
 Auto vars:     Size  Location     Type
		None
 Return value:  Size  Location     Type
                  1  [STACK] void 
 Registers used:
		wreg, fsr1l, fsr1h, fsr2l, fsr2h, status,2, status,0, btemp, btemp+1, btemp+2, btemp+8, btemp+9, btemp+10, btemp+11, prodl, prodh
 Tracked objects:
		On entry : 
		On exit  : 
		Unchanged: 
 Data sizes:     COMRAM   BANK0   BANK1   BANK2   BANK3   BANK4   BANK5
      Params:         0       0       0       0       0       0       0
      Locals:         0       0       0       0       0       0       0
      Temps:          0       0       0       0       0       0       0
      Totals:         0       0       0       0       0       0       0
Total ram usage:        0 bytes
 Hardware stack levels used:    1
 Hardware stack levels required when called:    7
 This function calls:
		___lwmod
		___wmul
		_dispatcher
 This function is called by:
		_aviao1
		_aviao2
		_aviao3
 This function uses a reentrant model


 *************** function _delay *****************
 Defined at:
		line 60 in file "kernel.c"
 Parameters:    Size  Location     Type
  time_ms         2  [STACK] unsigned int 
 Auto vars:     Size  Location     Type
		None
 Return value:  Size  Location     Type
                  1  [STACK] void 
 Registers used:
		wreg, fsr0l, fsr0h, fsr1l, fsr1h, fsr2l, fsr2h, status,2, status,0, btemp, btemp+1, btemp+2, btemp+8, btemp+9, btemp+10, btemp+11, prodl, prodh
 Tracked objects:
		On entry : 
		On exit  : 
		Unchanged: 
 Data sizes:     COMRAM   BANK0   BANK1   BANK2   BANK3   BANK4   BANK5
      Params:         0       0       0       0       0       0       0
      Locals:         0       0       0       0       0       0       0
      Temps:          0       0       0       0       0       0       0
      Totals:         0       0       0       0       0       0       0
Total ram usage:        0 bytes
 Hardware stack levels used:    1
 Hardware stack levels required when called:    7
 This function calls:
		___wmul
		_dispatcher
 This function is called by:
		_aviao1
		_aviao2
		_aviao3
		_Lcd_Write_Char
 This function uses a reentrant model


 *************** function _dispatcher *****************
 Defined at:
		line 35 in file "kernel.c"
 Parameters:    Size  Location     Type
  state           1  [STACK] enum E3007
 Auto vars:     Size  Location     Type
		None
 Return value:  Size  Location     Type
                  1  [STACK] void 
 Registers used:
		wreg, fsr1l, fsr1h, fsr2l, fsr2h, status,2, status,0, btemp, btemp+1, btemp+2, btemp+8, btemp+9, btemp+10, btemp+11, prodl, prodh
 Tracked objects:
		On entry : 
		On exit  : 
		Unchanged: 
 Data sizes:     COMRAM   BANK0   BANK1   BANK2   BANK3   BANK4   BANK5
      Params:         0       0       0       0       0       0       0
      Locals:         0       0       0       0       0       0       0
      Temps:          0       0       0       0       0       0       0
      Totals:         0       0       0       0       0       0       0
Total ram usage:        0 bytes
 Hardware stack levels used:    1
 Hardware stack levels required when called:    6
 This function calls:
		___wmul
		_rr_scheduler
 This function is called by:
		_delay
		_int_high
		_sem_wait
		_sem_post
		_write_pipe
		_read_pipe
 This function uses a reentrant model


 *************** function _rr_scheduler *****************
 Defined at:
		line 12 in file "scheduler.c"
 Parameters:    Size  Location     Type
		None
 Auto vars:     Size  Location     Type
  next_task_to    2  [STACK] unsigned int 
 Return value:  Size  Location     Type
                  2  [STACK] unsigned int 
 Registers used:
		wreg, fsr1l, fsr1h, fsr2l, fsr2h, status,2, status,0, btemp, btemp+1, btemp+2, btemp+10, btemp+11, prodl, prodh
 Tracked objects:
		On entry : 
		On exit  : 
		Unchanged: 
 Data sizes:     COMRAM   BANK0   BANK1   BANK2   BANK3   BANK4   BANK5
      Params:         0       0       0       0       0       0       0
      Locals:         0       0       0       0       0       0       0
      Temps:          0       0       0       0       0       0       0
      Totals:         0       0       0       0       0       0       0
Total ram usage:        0 bytes
 Hardware stack levels used:    1
 Hardware stack levels required when called:    5
 This function calls:
		___lwmod
		___wmul
 This function is called by:
		_dispatcher
 This function uses a reentrant model


 *************** function ___lwmod *****************
 Defined at:
		line 8 in file "/opt/microchip/xc8/v1.45/sources/common/lwmod.c"
 Parameters:    Size  Location     Type
  dividend        2  [STACK] unsigned int 
  divisor         2  [STACK] unsigned int 
 Auto vars:     Size  Location     Type
  counter         1  [STACK] unsigned char 
 Return value:  Size  Location     Type
                  2  [STACK] unsigned int 
 Registers used:
		wreg, fsr1l, fsr1h, status,2, status,0, btemp, btemp+1, btemp+2, btemp+10, btemp+11, prodl
 Tracked objects:
		On entry : 
		On exit  : 
		Unchanged: 
 Data sizes:     COMRAM   BANK0   BANK1   BANK2   BANK3   BANK4   BANK5
      Params:         0       0       0       0       0       0       0
      Locals:         0       0       0       0       0       0       0
      Temps:          0       0       0       0       0       0       0
      Totals:         0       0       0       0       0       0       0
Total ram usage:        0 bytes
 Hardware stack levels used:    1
 Hardware stack levels required when called:    4
 This function calls:
		Nothing
 This function is called by:
		_rr_scheduler
		_sem_post
 This function uses a reentrant model


 *************** function _aviao2 *****************
 Defined at:
		line 124 in file "tasks.c"
 Parameters:    Size  Location     Type
		None
 Auto vars:     Size  Location     Type
  tempo_v2        2  [STACK] unsigned int 
  tempo_p2        2  [STACK] unsigned int 
 Return value:  Size  Location     Type
                  1  [STACK] void 
 Registers used:
		wreg, fsr0l, fsr0h, fsr1l, fsr1h, fsr2l, fsr2h, status,2, status,0, btemp, btemp+1, btemp+2, btemp+8, btemp+9, btemp+10, btemp+11, prodl, prodh
 Tracked objects:
		On entry : 
		On exit  : 
		Unchanged: 
 Data sizes:     COMRAM   BANK0   BANK1   BANK2   BANK3   BANK4   BANK5
      Params:         0       0       0       0       0       0       0
      Locals:         0       0       0       0       0       0       0
      Temps:          0       0       0       0       0       0       0
      Totals:         0       0       0       0       0       0       0
Total ram usage:        0 bytes
 Hardware stack levels used:    1
 Hardware stack levels required when called:    8
 This function calls:
		_delay
		_sem_post
		_sem_wait
 This function is called by:
		_main
 This function uses a reentrant model


 *************** function _testlcd *****************
 Defined at:
		line 23 in file "tasks.c"
 Parameters:    Size  Location     Type
		None
 Auto vars:     Size  Location     Type
  c               2    0        int 
  c               2    0        int 
  b               2  [STACK] int 
  b               2  [STACK] int 
  a               2  [STACK] int 
 Return value:  Size  Location     Type
                  1  [STACK] void 
 Registers used:
		wreg, fsr0l, fsr0h, fsr1l, fsr1h, fsr2l, fsr2h, status,2, status,0, btemp, btemp+1, btemp+2, btemp+8, btemp+9, btemp+10, btemp+11, tblptrl, tblptrh, tblptru, prodl, prodh
 Tracked objects:
		On entry : 
		On exit  : 
		Unchanged: 
 Data sizes:     COMRAM   BANK0   BANK1   BANK2   BANK3   BANK4   BANK5
      Params:         0       0       0       0       0       0       0
      Locals:         0       0       0       0       0       0       0
      Temps:          0       0       0       0       0       0       0
      Totals:         0       0       0       0       0       0       0
Total ram usage:        0 bytes
 Hardware stack levels used:    1
 Hardware stack levels required when called:   10
 This function calls:
		_Lcd_Write_String
		_sem_get_value
 This function is called by:
		_main
 This function uses a reentrant model


 *************** function _sem_get_value *****************
 Defined at:
		line 46 in file "semaphore.c"
 Parameters:    Size  Location     Type
  s              14  [STACK] struct sem
 Auto vars:     Size  Location     Type
		None
 Return value:  Size  Location     Type
                  2  [STACK] int 
 Registers used:
		wreg, fsr1l, fsr1h, btemp, btemp+1
 Tracked objects:
		On entry : 
		On exit  : 
		Unchanged: 
 Data sizes:     COMRAM   BANK0   BANK1   BANK2   BANK3   BANK4   BANK5
      Params:         0       0       0       0       0       0       0
      Locals:         0       0       0       0       0       0       0
      Temps:          0       0       0       0       0       0       0
      Totals:         0       0       0       0       0       0       0
Total ram usage:        0 bytes
 Hardware stack levels used:    1
 Hardware stack levels required when called:    4
 This function calls:
		Nothing
 This function is called by:
		_testlcd
 This function uses a reentrant model


 *************** function _Lcd_Write_String *****************
 Defined at:
		line 113 in file "lcd.c"
 Parameters:    Size  Location     Type
  a               2  [STACK] PTR unsigned char 
		 -> STR_2(12), STR_1(14), 
 Auto vars:     Size  Location     Type
  i               2  [STACK] int 
 Return value:  Size  Location     Type
                  1  [STACK] void 
 Registers used:
		wreg, fsr0l, fsr0h, fsr1l, fsr1h, fsr2l, fsr2h, status,2, status,0, btemp, btemp+1, btemp+2, btemp+8, btemp+9, btemp+10, btemp+11, tblptrl, tblptrh, tblptru, prodl, prodh
 Tracked objects:
		On entry : 
		On exit  : 
		Unchanged: 
 Data sizes:     COMRAM   BANK0   BANK1   BANK2   BANK3   BANK4   BANK5
      Params:         0       0       0       0       0       0       0
      Locals:         0       0       0       0       0       0       0
      Temps:          0       0       0       0       0       0       0
      Totals:         0       0       0       0       0       0       0
Total ram usage:        0 bytes
 Hardware stack levels used:    1
 Hardware stack levels required when called:    9
 This function calls:
		_Lcd_Write_Char
 This function is called by:
		_testlcd
 This function uses a reentrant model


 *************** function _Lcd_Write_Char *****************
 Defined at:
		line 97 in file "lcd.c"
 Parameters:    Size  Location     Type
  a               1  [STACK] unsigned char 
 Auto vars:     Size  Location     Type
  y               1  [STACK] unsigned char 
  temp            1  [STACK] unsigned char 
 Return value:  Size  Location     Type
                  1  [STACK] void 
 Registers used:
		wreg, fsr0l, fsr0h, fsr1l, fsr1h, fsr2l, fsr2h, status,2, status,0, btemp, btemp+1, btemp+2, btemp+8, btemp+9, btemp+10, btemp+11, prodl, prodh
 Tracked objects:
		On entry : 
		On exit  : 
		Unchanged: 
 Data sizes:     COMRAM   BANK0   BANK1   BANK2   BANK3   BANK4   BANK5
      Params:         0       0       0       0       0       0       0
      Locals:         0       0       0       0       0       0       0
      Temps:          0       0       0       0       0       0       0
      Totals:         0       0       0       0       0       0       0
Total ram usage:        0 bytes
 Hardware stack levels used:    1
 Hardware stack levels required when called:    8
 This function calls:
		_Lcd_Port
		_delay
 This function is called by:
		_Lcd_Write_String
 This function uses a reentrant model


 *************** function _task_idle *****************
 Defined at:
		line 70 in file "kernel.c"
 Parameters:    Size  Location     Type
		None
 Auto vars:     Size  Location     Type
		None
 Return value:  Size  Location     Type
                  1  [STACK] void 
 Registers used:
		wreg, status,2, status,0, btemp+11
 Tracked objects:
		On entry : 
		On exit  : 
		Unchanged: 
 Data sizes:     COMRAM   BANK0   BANK1   BANK2   BANK3   BANK4   BANK5
      Params:         0       0       0       0       0       0       0
      Locals:         0       0       0       0       0       0       0
      Temps:          0       0       0       0       0       0       0
      Totals:         0       0       0       0       0       0       0
Total ram usage:        0 bytes
 Hardware stack levels used:    1
 Hardware stack levels required when called:    4
 This function calls:
		Nothing
 This function is called by:
		_setupOS
 This function uses a reentrant model


 *************** function _aviao3 *****************
 Defined at:
		line 169 in file "tasks.c"
 Parameters:    Size  Location     Type
		None
 Auto vars:     Size  Location     Type
  tempo_p         2   19[COMRAM] unsigned int 
  tempo_v         2   17[COMRAM] unsigned int 
 Return value:  Size  Location     Type
                  1    wreg      void 
 Registers used:
		wreg, fsr0l, fsr0h, fsr1l, fsr1h, fsr2l, fsr2h, status,2, status,0, btemp, btemp+1, btemp+2, btemp+8, btemp+9, btemp+10, btemp+11, prodl, prodh
 Tracked objects:
		On entry : 
		On exit  : 
		Unchanged: 
 Data sizes:     COMRAM   BANK0   BANK1   BANK2   BANK3   BANK4   BANK5
      Params:         0       0       0       0       0       0       0
      Locals:         4       0       0       0       0       0       0
      Temps:          0       0       0       0       0       0       0
      Totals:         4       0       0       0       0       0       0
Total ram usage:        4 bytes
 Hardware stack levels used:    1
 Hardware stack levels required when called:    8
 This function calls:
		_delay
		_sem_post
		_sem_wait
 This function is called by:
		Interrupt level 1
 This function uses a non-reentrant model


 *************** function _int_high *****************
 Defined at:
		line 107 in file "kernel.c"
 Parameters:    Size  Location     Type
		None
 Auto vars:     Size  Location     Type
  i               2   15[COMRAM] unsigned int 
 Return value:  Size  Location     Type
                  1    wreg      void 
 Registers used:
		wreg, fsr1l, fsr1h, fsr2l, fsr2h, status,2, status,0, btemp, btemp+1, btemp+2, btemp+8, btemp+9, btemp+10, btemp+11, prodl, prodh
 Tracked objects:
		On entry : 
		On exit  : 
		Unchanged: 
 Data sizes:     COMRAM   BANK0   BANK1   BANK2   BANK3   BANK4   BANK5
      Params:         0       0       0       0       0       0       0
      Locals:         2       0       0       0       0       0       0
      Temps:         15       0       0       0       0       0       0
      Totals:        17       0       0       0       0       0       0
Total ram usage:       17 bytes
 Hardware stack levels used:    1
 Hardware stack levels required when called:    3
 This function calls:
		___wmul
		_dispatcher
 This function is called by:
		Interrupt level 2
 This function uses a non-reentrant model



MODULE INFORMATION

Module		Function		Class		Link	Load	Size
semaphore.c
		_sem_wait      		CODE           	0ED2	0000	209
		_sem_init      		CODE           	16E2	0000	63
		_sem_get_value 		CODE           	1796	0000	23
		_sem_post      		CODE           	0CC8	0000	301

semaphore.c estimated size: 596

/opt/microchip/xc8/v1.45/sources/common/lwmod.c
		___lwmod       		CODE           	106C	0000	189

/opt/microchip/xc8/v1.45/sources/common/lwmod.c estimated size: 189

tasks.c
		_aviao3        		CODE           	1128	0000	167
		_aviao1        		CODE           	0DF4	0000	223
		_aviao2        		CODE           	0FA2	0000	203
		_testlcd       		CODE           	11CE	0000	159

tasks.c estimated size: 752

kernel.c
		_setupOS       		CODE           	16A4	0000	63
		_delay         		CODE           	1616	0000	73
		_create_task   		CODE           	1562	0000	91
		_int_high      		CODE           	0008	0000	369
		_dispatcher    		CODE           	061C	0000	1345
		_start_os      		CODE           	17AC	0000	5
		_task_idle     		CODE           	1776	0000	33

kernel.c estimated size: 1979

shared
		__initialization		CODE           	165E	0000	57

shared estimated size: 57

lcd.c
		_Lcd_Write_String		CODE           	1302	0000	139
		_Lcd_Init      		CODE           	1486	0000	117
		_Lcd_Write_Char		CODE           	14FA	0000	105
		_Lcd_Cmd       		CODE           	1754	0000	35
		_Lcd_Port      		CODE           	1720	0000	53

lcd.c estimated size: 449

scheduler.c
		_rr_scheduler  		CODE           	138C	0000	133

scheduler.c estimated size: 133

main.c
		_main          		CODE           	1410	0000	119

main.c estimated size: 119

/opt/microchip/xc8/v1.45/sources/common/Umul16.c
		___wmul        		CODE           	126C	0000	151

/opt/microchip/xc8/v1.45/sources/common/Umul16.c estimated size: 151

memory.c
		_SRAMInitHeap  		CODE           	15BC	0000	91

memory.c estimated size: 91

