Microchip MPLAB XC8 Compiler V1.45 ()

Linker command line:

-W-3 --edf=/opt/microchip/xc8/v1.45/dat/en_msgs.txt -cs \
  -h+dist/default/production/Versao_Final_.production.sym \
  --cmf=dist/default/production/Versao_Final_.production.cmf -z -Q18F4520 \
  -o/tmp/xcXoqpYPb -Mdist/default/production/Versao_Final_.production.map \
  -E1 -ver=XC8 -ASTACK=04A6h-05ffh -pstack=STACK -ACODE=00h-07FFFh \
  -ACONST=00h-07FFFh -ASMALLCONST=0600h-06FFhx122 \
  -AMEDIUMCONST=0600h-07FFFh -ACOMRAM=01h-07Fh -AABS1=00h-05FFh \
  -ABIGRAM=01h-05FFh -ARAM=080h-0FFh,0100h-01FFhx5 -ABANK0=080h-0FFh \
  -ABANK1=0100h-01FFh -ABANK2=0200h-02FFh -ABANK3=0300h-03FFh \
  -ABANK4=0400h-04FFh -ABANK5=0500h-05FFh -ASFR=0F80h-0FFFh \
  -preset_vec=00h,intcode=08h,intcodelo,powerup,init -pramtop=0600h \
  -psmallconst=SMALLCONST -pmediumconst=MEDIUMCONST -pconst=CONST \
  -AFARRAM=00h-00h -ACONFIG=0300000h-030000Dh -pconfig=CONFIG \
  -AIDLOC=0200000h-0200007h -pidloc=IDLOC -AEEDATA=0F00000h-0F000FFh \
  -peeprom_data=EEDATA \
  -prdata=COMRAM,nvrram=COMRAM,nvbit=COMRAM,rbss=COMRAM,rbit=COMRAM \
  -pfarbss=FARRAM,fardata=FARRAM,nvFARRAM=FARRAM \
  -pintsave_regs=BIGRAM,bigbss=BIGRAM,bigdata=BIGRAM -pbss=RAM \
  -pidata=CODE,irdata=CODE,ibigdata=CODE,ifardata=CODE -prparam=COMRAM \
  /tmp/xcX5okWqT.obj dist/default/production/Versao_Final_.production.obj 

Object code version is 3.11

Machine type is 18F4520

Call graph: (short form)




                Name                               Link     Load   Length Selector   Space Scale
/tmp/xcX5okWqT.obj
                stack                               4A6      4A6      15A      4A6       2
                init                                  C        C        8        4       0
                reset_vec                             0        0        4        0       0
                idloc                            200000   200000        8   200000       0
                config                           300000   300000        E   300000       0
dist/default/production/Versao_Final_.production.obj
                intcode                               8        8        4        4       0
                temp                                 3F       3F        C        1       1
                intcode_body                        A20      A20      16C        4       0
                text23                             15C6     15C6       20        4       0
                text22                              B8C      B8C      152        4       0
                text21                              552      552      1A2        4       0
                text20                             15A6     15A6       20        4       0
                text19                              6F4      6F4      19A        4       0
                text18                             1434     1434       4E        4       0
                text17                             1132     1132       A6        4       0
                text16                              88E      88E      192        4       0
                text15                             157C     157C       2A        4       0
                text14                              FAC      FAC       CA        4       0
                text13                             1076     1076       BC        4       0
                text12                             12FC     12FC       84        4       0
                text11                               14       14      53E        4       0
                text10                             1482     1482       48        4       0
                text9                               CDE      CDE      12C        4       0
                text8                               EDC      EDC       D0        4       0
                text7                               E0A      E0A       D2        4       0
                text6                              1508     1508       3E        4       0
                text5                              13DA     13DA       5A        4       0
                text4                              11D8     11D8       96        4       0
                text3                              1380     1380       5A        4       0
                text2                              1546     1546       36        4       0
                text1                              15E6     15E6        4        4       0
                text0                              126E     126E       8E        4       0
                cstackCOMRAM                         28       28       17        1       1
                cstackBANK0                          80       80       6E       80       1
                bssBIGRAM                            EE       EE      3B8       EE       1
                dataCOMRAM                           4B       4B        2        1       1
                bssCOMRAM                             1        1       27        1       1
                cinit                              14CA     14CA       3E        4       0
                idataCOMRAM                        15EA     15EA        2        4       0

TOTAL           Name                               Link     Load   Length     Space
        CLASS   STACK          
                stack                               4A6      4A6      15A         2

        CLASS   CODE           
                intcode                               8        8        4         0
                init                                  C        C        8         0
                reset_vec                             0        0        4         0
                intcode_body                        A20      A20      16C         0
                text23                             15C6     15C6       20         0
                text22                              B8C      B8C      152         0
                text21                              552      552      1A2         0
                text20                             15A6     15A6       20         0
                text19                              6F4      6F4      19A         0
                text18                             1434     1434       4E         0
                text17                             1132     1132       A6         0
                text16                              88E      88E      192         0
                text15                             157C     157C       2A         0
                text14                              FAC      FAC       CA         0
                text13                             1076     1076       BC         0
                text12                             12FC     12FC       84         0
                text11                               14       14      53E         0
                text10                             1482     1482       48         0
                text9                               CDE      CDE      12C         0
                text8                               EDC      EDC       D0         0
                text7                               E0A      E0A       D2         0
                text6                              1508     1508       3E         0
                text5                              13DA     13DA       5A         0
                text4                              11D8     11D8       96         0
                text3                              1380     1380       5A         0
                text2                              1546     1546       36         0
                text1                              15E6     15E6        4         0
                text0                              126E     126E       8E         0
                cinit                              14CA     14CA       3E         0
                idataCOMRAM                        15EA     15EA        2         0

        CLASS   CONST          

        CLASS   SMALLCONST     

        CLASS   MEDIUMCONST    

        CLASS   COMRAM         
                temp                                 3F       3F        C         1
                cstackCOMRAM                         28       28       17         1
                dataCOMRAM                           4B       4B        2         1
                bssCOMRAM                             1        1       27         1

        CLASS   ABS1           

        CLASS   BIGRAM         
                bssBIGRAM                            EE       EE      3B8         1

        CLASS   RAM            

        CLASS   BANK0          
                cstackBANK0                          80       80       6E         1

        CLASS   BANK1          

        CLASS   BANK2          

        CLASS   BANK3          

        CLASS   BANK4          

        CLASS   BANK5          

        CLASS   SFR            

        CLASS   FARRAM         

        CLASS   CONFIG         
                config                           300000   300000        E         0

        CLASS   IDLOC          
                idloc                            200000   200000        8         0

        CLASS   EEDATA         



SEGMENTS        Name                           Load    Length   Top    Selector   Space  Class

                reset_vec                      000000  000004  000004         0       0  CODE    
                bssCOMRAM                      000001  00004C  00004D         1       1  COMRAM  
                intcode                        000008  0015E4  0015EC         4       0  CODE    
                cstackBANK0                    000080  00006E  0000EE        80       1  BANK0   
                bssBIGRAM                      0000EE  0003B8  0004A6        EE       1  BIGRAM  
                stack                          0004A6  00015A  000600       4A6       2  STACK   
                idloc                          200000  000008  200008    200000       0  IDLOC   
                config                         300000  00000E  30000E    300000       0  CONFIG  


UNUSED ADDRESS RANGES

        Name                Unused          Largest block    Delta
        BANK4            0004A6-0004FF               5A
        BANK5            000500-0005FF              100
        BIGRAM           00004D-00007F               33
                         0004A6-0005FF              15A
        CODE             000004-000007                4
                         0015EC-007FFF             6A14
        COMRAM           00004D-00007F               33
        CONST            000004-000007                4
                         0015EC-007FFF             6A14
        EEDATA           F00000-F000FF              100
        MEDIUMCONST      0015EC-007FFF             6A14
        RAM              0004A6-0005FF               5A
        SFR              000F80-000FFF               80
        SMALLCONST       0015EC-007FFF              100

                                  Symbol Table

SRAMInitHeap@count       cstackCOMRAM 000039
SRAMInitHeap@pHeap       cstackCOMRAM 00003B
_BSR                     (abs)        000FE0
_F_APTOS                 bssBIGRAM    0000EE
_INTCONbits              (abs)        000FF2
_PORTCbits               (abs)        000F82
_PORTDbits               (abs)        000F83
_SRAMInitHeap            text5        0013DA
_SRAMalloc               text21       000552
_SRAMfree                text20       0015A6
_STATUS                  (abs)        000FD8
_STKPTR                  (abs)        000FFC
_T0CONbits               (abs)        000FD5
_TMR0L                   (abs)        000FD6
_TOS                     (abs)        000FFD
_TOSH                    (abs)        000FFE
_TOSL                    (abs)        000FFD
_TOSU                    (abs)        000FFF
_TRISCbits               (abs)        000F94
_TRISDbits               (abs)        000F95
_WREG                    (abs)        000FE8
__CFG_WDT$OFF            (abs)        000000
__HRAM                   (abs)        000000
__Habs1                  abs1         000000
__Hbank0                 bank0        000000
__Hbank1                 bank1        000000
__Hbank2                 bank2        000000
__Hbank3                 bank3        000000
__Hbank4                 bank4        000000
__Hbank5                 bank5        000000
__Hbigbss                bigbss       000000
__Hbigdata               bigdata      000000
__Hbigram                bigram       000000
__Hbss                   bss          000000
__HbssBIGRAM             bssBIGRAM    000000
__HbssCOMRAM             bssCOMRAM    000000
__Hcinit                 cinit        000000
__Hclrtext               clrtext      000000
__Hcomram                comram       000000
__Hconfig                config       30000E
__Hconst                 const        000000
__HcstackBANK0           cstackBANK0  000000
__HcstackCOMRAM          cstackCOMRAM 000000
__Hdata                  data         000000
__HdataCOMRAM            dataCOMRAM   000000
__Heeprom_data           eeprom_data  000000
__Hfarbss                farbss       000000
__Hfardata               fardata      000000
__Hibigdata              ibigdata     000000
__Hidata                 idata        000000
__HidataCOMRAM           idataCOMRAM  000000
__Hidloc                 idloc        200008
__Hifardata              ifardata     000000
__Hinit                  init         000014
__Hintcode               intcode      00000C
__Hintcode_body          intcode_body 000000
__Hintcodelo             intcodelo    00000C
__Hintentry              intentry     000000
__Hintret                intret       000000
__Hintsave_regs          intsave_regs 000000
__Hirdata                irdata       000000
__Hmediumconst           mediumconst  000000
__HnvFARRAM              nvFARRAM     000000
__Hnvbit                 nvbit        000000
__Hnvrram                nvrram       000000
__Hparam                 rparam       000000
__Hpowerup               powerup      00000C
__Hram                   ram          000000
__Hramtop                ramtop       000600
__Hrbit                  rbit         000000
__Hrbss                  rbss         000000
__Hrdata                 rdata        000000
__Hreset_vec             reset_vec    000004
__Hrparam                rparam       000000
__Hsfr                   sfr          000000
__Hsmallconst            smallconst   000000
__Hspace_0               (abs)        30000E
__Hspace_1               (abs)        0004A6
__Hspace_2               (abs)        000600
__Hstack                 stack        000600
__Hstruct                struct       000000
__Htemp                  temp         00004B
__Htext                  text         000000
__Htext0                 text0        000000
__Htext1                 text1        000000
__Htext10                text10       000000
__Htext11                text11       000000
__Htext12                text12       000000
__Htext13                text13       000000
__Htext14                text14       000000
__Htext15                text15       000000
__Htext16                text16       000000
__Htext17                text17       000000
__Htext18                text18       000000
__Htext19                text19       000000
__Htext2                 text2        000000
__Htext20                text20       000000
__Htext21                text21       000000
__Htext22                text22       000000
__Htext23                text23       000000
__Htext3                 text3        000000
__Htext4                 text4        000000
__Htext5                 text5        000000
__Htext6                 text6        000000
__Htext7                 text7        000000
__Htext8                 text8        000000
__Htext9                 text9        000000
__LRAM                   (abs)        000001
__Labs1                  abs1         000000
__Lbank0                 bank0        000000
__Lbank1                 bank1        000000
__Lbank2                 bank2        000000
__Lbank3                 bank3        000000
__Lbank4                 bank4        000000
__Lbank5                 bank5        000000
__Lbigbss                bigbss       000000
__Lbigdata               bigdata      000000
__Lbigram                bigram       000000
__Lbss                   bss          000000
__LbssBIGRAM             bssBIGRAM    000000
__LbssCOMRAM             bssCOMRAM    000000
__Lcinit                 cinit        000000
__Lclrtext               clrtext      000000
__Lcomram                comram       000000
__Lconfig                config       300000
__Lconst                 const        000000
__LcstackBANK0           cstackBANK0  000000
__LcstackCOMRAM          cstackCOMRAM 000000
__Ldata                  data         000000
__LdataCOMRAM            dataCOMRAM   000000
__Leeprom_data           eeprom_data  000000
__Lfarbss                farbss       000000
__Lfardata               fardata      000000
__Libigdata              ibigdata     000000
__Lidata                 idata        000000
__LidataCOMRAM           idataCOMRAM  000000
__Lidloc                 idloc        200000
__Lifardata              ifardata     000000
__Linit                  init         00000C
__Lintcode               intcode      000008
__Lintcode_body          intcode_body 000000
__Lintcodelo             intcodelo    00000C
__Lintentry              intentry     000000
__Lintret                intret       000000
__Lintsave_regs          intsave_regs 000000
__Lirdata                irdata       000000
__Lmediumconst           mediumconst  000000
__LnvFARRAM              nvFARRAM     000000
__Lnvbit                 nvbit        000000
__Lnvrram                nvrram       000000
__Lparam                 rparam       000000
__Lpowerup               powerup      00000C
__Lram                   ram          000000
__Lramtop                ramtop       000600
__Lrbit                  rbit         000000
__Lrbss                  rbss         000000
__Lrdata                 rdata        000000
__Lreset_vec             reset_vec    000000
__Lrparam                rparam       000000
__Lsfr                   sfr          000000
__Lsmallconst            smallconst   000000
__Lspace_0               (abs)        000000
__Lspace_1               (abs)        000000
__Lspace_2               (abs)        000000
__Lstack                 stack        0004A6
__Lstruct                struct       000000
__Ltemp                  temp         00003F
__Ltext                  text         000000
__Ltext0                 text0        000000
__Ltext1                 text1        000000
__Ltext10                text10       000000
__Ltext11                text11       000000
__Ltext12                text12       000000
__Ltext13                text13       000000
__Ltext14                text14       000000
__Ltext15                text15       000000
__Ltext16                text16       000000
__Ltext17                text17       000000
__Ltext18                text18       000000
__Ltext19                text19       000000
__Ltext2                 text2        000000
__Ltext20                text20       000000
__Ltext21                text21       000000
__Ltext22                text22       000000
__Ltext23                text23       000000
__Ltext3                 text3        000000
__Ltext4                 text4        000000
__Ltext5                 text5        000000
__Ltext6                 text6        000000
__Ltext7                 text7        000000
__Ltext8                 text8        000000
__Ltext9                 text9        000000
__S0                     (abs)        30000E
__S1                     (abs)        0004A6
__S2                     (abs)        000600
__SRAMmerge              text22       000B8C
___inthi_sp              stack        00051A
___intlo_sp              stack        00058D
___lwmod                 text13       001076
___param_bank            (abs)        000000
___rparam_used           (abs)        000001
___sp                    stack        0004A6
___wmul                  text4        0011D8
__accesstop              (abs)        000080
__activetblptr           (abs)        000000
__end_of_SRAMInitHeap    text5        001434
__end_of_SRAMalloc       text21       0006F4
__end_of_SRAMfree        text20       0015C6
__end_of__SRAMmerge      text22       000CDE
__end_of___lwmod         text13       001132
__end_of___wmul          text4        00126E
__end_of__initialization cinit        001502
__end_of_aviao1          text7        000EDC
__end_of_aviao2          text14       001076
__end_of_create_pipe     text17       0011D8
__end_of_create_task     text3        0013DA
__end_of_delay           text10       0014CA
__end_of_dispatcher      text11       000552
__end_of_int_high        intcode_body 000B8C
__end_of_main            text0        0012FC
__end_of_read_pipe       text19       00088E
__end_of_rr_scheduler    text12       001380
__end_of_sem_init        text6        001546
__end_of_sem_post        text9        000E0A
__end_of_sem_wait        text8        000FAC
__end_of_setupOS         text2        00157C
__end_of_start_os        text1        0015EA
__end_of_task_idle       text23       0015E6
__end_of_tluzes          text18       001482
__end_of_tluzesescreve   text15       0015A6
__end_of_write_pipe      text16       000A20
__initialization         cinit        0014CA
__mediumconst            mediumconst  000000
__pbssBIGRAM             bssBIGRAM    0000EE
__pbssCOMRAM             bssCOMRAM    000001
__pcinit                 cinit        0014CA
__pcstackBANK0           cstackBANK0  000080
__pcstackCOMRAM          cstackCOMRAM 000028
__pdataCOMRAM            dataCOMRAM   00004B
__pidataCOMRAM           idataCOMRAM  0015EA
__pintcode               intcode      000008
__pintcode_body          intcode_body 000A20
__ptext0                 text0        00126E
__ptext1                 text1        0015E6
__ptext10                text10       001482
__ptext11                text11       000014
__ptext12                text12       0012FC
__ptext13                text13       001076
__ptext14                text14       000FAC
__ptext15                text15       00157C
__ptext16                text16       00088E
__ptext17                text17       001132
__ptext18                text18       001434
__ptext19                text19       0006F4
__ptext2                 text2        001546
__ptext20                text20       0015A6
__ptext21                text21       000552
__ptext22                text22       000B8C
__ptext23                text23       0015C6
__ptext3                 text3        001380
__ptext4                 text4        0011D8
__ptext5                 text5        0013DA
__ptext6                 text6        001508
__ptext7                 text7        000E0A
__ptext8                 text8        000EDC
__ptext9                 text9        000CDE
__ramtop                 ramtop       000600
__size_of_SRAMInitHeap   (abs)        000000
__size_of_SRAMalloc      (abs)        000000
__size_of_SRAMfree       (abs)        000000
__size_of__SRAMmerge     (abs)        000000
__size_of___lwmod        (abs)        000000
__size_of___wmul         (abs)        000000
__size_of_aviao1         (abs)        000000
__size_of_aviao2         (abs)        000000
__size_of_create_pipe    (abs)        000000
__size_of_create_task    (abs)        000000
__size_of_delay          (abs)        000000
__size_of_dispatcher     (abs)        000000
__size_of_int_high       (abs)        000000
__size_of_main           (abs)        000000
__size_of_read_pipe      (abs)        000000
__size_of_rr_scheduler   (abs)        000000
__size_of_sem_init       (abs)        000000
__size_of_sem_post       (abs)        000000
__size_of_sem_wait       (abs)        000000
__size_of_setupOS        (abs)        000000
__size_of_start_os       (abs)        000000
__size_of_task_idle      (abs)        000000
__size_of_tluzes         (abs)        000000
__size_of_tluzesescreve  (abs)        000000
__size_of_write_pipe     (abs)        000000
__smallconst             smallconst   000000
__uDynamicHeap           bssBIGRAM    0002A6
_aviao1                  text7        000E0A
_aviao2                  text14       000FAC
_c                       bssCOMRAM    000009
_count                   bssCOMRAM    000001
_create_pipe             text17       001132
_create_task             text3        001380
_delay                   text10       001482
_dispatcher              text11       000014
_int_high                intcode      000008
_main                    text0        00126E
_pipeluzes               bssCOMRAM    00000A
_quantum                 dataCOMRAM   00004B
_read_pipe               text19       0006F4
_rr_scheduler            text12       0012FC
_sem_init                text6        001508
_sem_post                text9        000CDE
_sem_wait                text8        000EDC
_setupOS                 text2        001546
_spista                  bssCOMRAM    00001A
_start_os                text1        0015E6
_task_idle               text23       0015C6
_task_running            bssCOMRAM    000005
_tasks_installed         bssCOMRAM    000007
_tluzes                  text18       001434
_tluzesescreve           text15       00157C
_write_pipe              text16       00088E
btemp                    temp         00003F
create_task@id           cstackCOMRAM 000039
create_task@prior        cstackCOMRAM 00003B
create_task@task         cstackBANK0  000080
create_task@task_f       cstackCOMRAM 00003D
end_of_initialization    cinit        001502
int_func                 intcode_body 000A20
int_high@i               cstackCOMRAM 000037
intlevel0                text         000000
intlevel1                text         000000
intlevel2                text         000000
intlevel3                text         000000
ltemp0                   temp         00003F
ltemp1                   temp         000043
ltemp2                   temp         000047
sem_init@s               cstackCOMRAM 000039
sem_init@value           cstackCOMRAM 00003B
stackhi                  (abs)        0005FF
stacklo                  (abs)        0004A6
start                    init         00000C
start_initialization     cinit        0014CA
ttemp0                   temp         00003F
ttemp1                   temp         000042
ttemp2                   temp         000045
ttemp3                   temp         000048
wtemp0                   temp         00003F
wtemp1                   temp         000041
wtemp2                   temp         000043
wtemp3                   temp         000045
wtemp4                   temp         000047
wtemp5                   temp         000049
wtemp6                   temp         000040


FUNCTION INFORMATION:

 *************** function _main *****************
 Defined at:
		line 15 in file "main.c"
 Parameters:    Size  Location     Type
		None
 Auto vars:     Size  Location     Type
		None
 Return value:  Size  Location     Type
                  1    wreg      void 
 Registers used:
		wreg, fsr0l, fsr0h, fsr1l, fsr1h, fsr2l, fsr2h, status,2, status,0, btemp, btemp+1, btemp+11, prodl, prodh, cstack
 Tracked objects:
		On entry : 
		On exit  : 
		Unchanged: 
 Data sizes:     COMRAM   BANK0   BANK1   BANK2   BANK3   BANK4   BANK5
      Params:         0       0       0       0       0       0       0
      Locals:         0       0       0       0       0       0       0
      Temps:          0       0       0       0       0       0       0
      Totals:         0       0       0       0       0       0       0
Total ram usage:        0 bytes
 Hardware stack levels required when called:   12
 This function calls:
		_create_task
		_sem_init
		_setupOS
		_start_os
 This function is called by:
		Startup code after reset
 This function uses a non-reentrant model


 *************** function _start_os *****************
 Defined at:
		line 128 in file "kernel.c"
 Parameters:    Size  Location     Type
		None
 Auto vars:     Size  Location     Type
		None
 Return value:  Size  Location     Type
                  1    wreg      void 
 Registers used:
		None
 Tracked objects:
		On entry : 
		On exit  : 
		Unchanged: 
 Data sizes:     COMRAM   BANK0   BANK1   BANK2   BANK3   BANK4   BANK5
      Params:         0       0       0       0       0       0       0
      Locals:         0       0       0       0       0       0       0
      Temps:          0       0       0       0       0       0       0
      Totals:         0       0       0       0       0       0       0
Total ram usage:        0 bytes
 Hardware stack levels used:    1
 Hardware stack levels required when called:    9
 This function calls:
		Nothing
 This function is called by:
		_main
 This function uses a non-reentrant model


 *************** function _setupOS *****************
 Defined at:
		line 80 in file "kernel.c"
 Parameters:    Size  Location     Type
		None
 Auto vars:     Size  Location     Type
		None
 Return value:  Size  Location     Type
                  1    wreg      void 
 Registers used:
		wreg, fsr0l, fsr0h, fsr1l, fsr1h, fsr2l, fsr2h, status,2, status,0, btemp, btemp+1, btemp+11, prodl, prodh, cstack
 Tracked objects:
		On entry : 
		On exit  : 
		Unchanged: 
 Data sizes:     COMRAM   BANK0   BANK1   BANK2   BANK3   BANK4   BANK5
      Params:         0       0       0       0       0       0       0
      Locals:         0       0       0       0       0       0       0
      Temps:          0       0       0       0       0       0       0
      Totals:         0       0       0       0       0       0       0
Total ram usage:        0 bytes
 Hardware stack levels used:    1
 Hardware stack levels required when called:   11
 This function calls:
		_SRAMInitHeap
		_create_task
 This function is called by:
		_main
 This function uses a non-reentrant model


 *************** function _create_task *****************
 Defined at:
		line 20 in file "kernel.c"
 Parameters:    Size  Location     Type
  id              2   17[COMRAM] unsigned int 
  prior           2   19[COMRAM] unsigned int 
  task_f          2   21[COMRAM] PTR FTN()void 
		 -> task_idle(1), tluzes(1), tluzesescreve(1), aviao2(1), 
		 -> aviao1(1), 
 Auto vars:     Size  Location     Type
  task          110    0[BANK0 ] struct tcb
 Return value:  Size  Location     Type
                  1    wreg      void 
 Registers used:
		wreg, fsr0l, fsr0h, fsr1l, fsr1h, fsr2l, fsr2h, status,2, status,0, btemp, btemp+1, btemp+11, prodl, prodh
 Tracked objects:
		On entry : 
		On exit  : 
		Unchanged: 
 Data sizes:     COMRAM   BANK0   BANK1   BANK2   BANK3   BANK4   BANK5
      Params:         6       0       0       0       0       0       0
      Locals:         0     110       0       0       0       0       0
      Temps:          0       0       0       0       0       0       0
      Totals:         6     110       0       0       0       0       0
Total ram usage:      116 bytes
 Hardware stack levels used:    1
 Hardware stack levels required when called:   10
 This function calls:
		___wmul
 This function is called by:
		_main
		_setupOS
 This function uses a non-reentrant model


 *************** function ___wmul *****************
 Defined at:
		line 15 in file "/opt/microchip/xc8/v1.45/sources/common/Umul16.c"
 Parameters:    Size  Location     Type
  multiplier      2  [STACK] unsigned int 
  multiplicand    2  [STACK] unsigned int 
 Auto vars:     Size  Location     Type
  product         2  [STACK] unsigned int 
 Return value:  Size  Location     Type
                  2  [STACK] unsigned int 
 Registers used:
		wreg, fsr1l, fsr1h, fsr2l, fsr2h, status,2, status,0, btemp, btemp+1, btemp+11, prodl, prodh
 Tracked objects:
		On entry : 
		On exit  : 
		Unchanged: 
 Data sizes:     COMRAM   BANK0   BANK1   BANK2   BANK3   BANK4   BANK5
      Params:         0       0       0       0       0       0       0
      Locals:         0       0       0       0       0       0       0
      Temps:          0       0       0       0       0       0       0
      Totals:         0       0       0       0       0       0       0
Total ram usage:        0 bytes
 Hardware stack levels used:    1
 Hardware stack levels required when called:    9
 This function calls:
		Nothing
 This function is called by:
		_create_task
		_dispatcher
		_delay
		_int_high
		_rr_scheduler
		_sem_post
		_write_pipe
		_read_pipe
		_get_id
		_prior_scheduler
 This function uses a reentrant model


 *************** function _SRAMInitHeap *****************
 Defined at:
		line 303 in file "memory.c"
 Parameters:    Size  Location     Type
		None
 Auto vars:     Size  Location     Type
  count           2   17[COMRAM] unsigned int 
  pHeap           2   19[COMRAM] near PTR unsigned char 
		 -> _uDynamicHeap(512), 
 Return value:  Size  Location     Type
                  1    wreg      void 
 Registers used:
		wreg, fsr2l, fsr2h, status,2, status,0
 Tracked objects:
		On entry : 
		On exit  : 
		Unchanged: 
 Data sizes:     COMRAM   BANK0   BANK1   BANK2   BANK3   BANK4   BANK5
      Params:         0       0       0       0       0       0       0
      Locals:         4       0       0       0       0       0       0
      Temps:          0       0       0       0       0       0       0
      Totals:         4       0       0       0       0       0       0
Total ram usage:        4 bytes
 Hardware stack levels used:    1
 Hardware stack levels required when called:    9
 This function calls:
		Nothing
 This function is called by:
		_setupOS
 This function uses a non-reentrant model


 *************** function _sem_init *****************
 Defined at:
		line 6 in file "semaphore.c"
 Parameters:    Size  Location     Type
  s               2   17[COMRAM] PTR struct sem
		 -> spista(14), 
  value           2   19[COMRAM] int 
 Auto vars:     Size  Location     Type
		None
 Return value:  Size  Location     Type
                  1    wreg      void 
 Registers used:
		wreg, fsr2l, fsr2h, status,2, status,0
 Tracked objects:
		On entry : 
		On exit  : 
		Unchanged: 
 Data sizes:     COMRAM   BANK0   BANK1   BANK2   BANK3   BANK4   BANK5
      Params:         4       0       0       0       0       0       0
      Locals:         0       0       0       0       0       0       0
      Temps:          0       0       0       0       0       0       0
      Totals:         4       0       0       0       0       0       0
Total ram usage:        4 bytes
 Hardware stack levels used:    1
 Hardware stack levels required when called:    9
 This function calls:
		Nothing
 This function is called by:
		_main
 This function uses a non-reentrant model


 *************** function _aviao1 *****************
 Defined at:
		line 22 in file "tasks.c"
 Parameters:    Size  Location     Type
		None
 Auto vars:     Size  Location     Type
  tempo_p1        2  [STACK] unsigned int 
  tempo_v1        2  [STACK] unsigned int 
 Return value:  Size  Location     Type
                  1  [STACK] void 
 Registers used:
		wreg, fsr0l, fsr0h, fsr1l, fsr1h, fsr2l, fsr2h, status,2, status,0, btemp, btemp+1, btemp+2, btemp+8, btemp+9, btemp+10, btemp+11, prodl, prodh
 Tracked objects:
		On entry : 
		On exit  : 
		Unchanged: 
 Data sizes:     COMRAM   BANK0   BANK1   BANK2   BANK3   BANK4   BANK5
      Params:         0       0       0       0       0       0       0
      Locals:         0       0       0       0       0       0       0
      Temps:          0       0       0       0       0       0       0
      Totals:         0       0       0       0       0       0       0
Total ram usage:        0 bytes
 Hardware stack levels used:    1
 Hardware stack levels required when called:    8
 This function calls:
		_delay
		_sem_post
		_sem_wait
 This function is called by:
		_main
 This function uses a reentrant model


 *************** function _sem_wait *****************
 Defined at:
		line 17 in file "semaphore.c"
 Parameters:    Size  Location     Type
  s               2  [STACK] PTR struct sem
		 -> spista(14), 
 Auto vars:     Size  Location     Type
		None
 Return value:  Size  Location     Type
                  1  [STACK] void 
 Registers used:
		wreg, fsr1l, fsr1h, fsr2l, fsr2h, status,2, status,0, btemp, btemp+1, btemp+2, btemp+8, btemp+9, btemp+10, btemp+11, prodl, prodh
 Tracked objects:
		On entry : 
		On exit  : 
		Unchanged: 
 Data sizes:     COMRAM   BANK0   BANK1   BANK2   BANK3   BANK4   BANK5
      Params:         0       0       0       0       0       0       0
      Locals:         0       0       0       0       0       0       0
      Temps:          0       0       0       0       0       0       0
      Totals:         0       0       0       0       0       0       0
Total ram usage:        0 bytes
 Hardware stack levels used:    1
 Hardware stack levels required when called:    7
 This function calls:
		_dispatcher
 This function is called by:
		_aviao1
		_aviao2
 This function uses a reentrant model


 *************** function _sem_post *****************
 Defined at:
		line 32 in file "semaphore.c"
 Parameters:    Size  Location     Type
  s               2  [STACK] PTR struct sem
		 -> spista(14), 
 Auto vars:     Size  Location     Type
		None
 Return value:  Size  Location     Type
                  1  [STACK] void 
 Registers used:
		wreg, fsr1l, fsr1h, fsr2l, fsr2h, status,2, status,0, btemp, btemp+1, btemp+2, btemp+8, btemp+9, btemp+10, btemp+11, prodl, prodh
 Tracked objects:
		On entry : 
		On exit  : 
		Unchanged: 
 Data sizes:     COMRAM   BANK0   BANK1   BANK2   BANK3   BANK4   BANK5
      Params:         0       0       0       0       0       0       0
      Locals:         0       0       0       0       0       0       0
      Temps:          0       0       0       0       0       0       0
      Totals:         0       0       0       0       0       0       0
Total ram usage:        0 bytes
 Hardware stack levels used:    1
 Hardware stack levels required when called:    7
 This function calls:
		___lwmod
		___wmul
		_dispatcher
 This function is called by:
		_aviao1
		_aviao2
 This function uses a reentrant model


 *************** function _delay *****************
 Defined at:
		line 59 in file "kernel.c"
 Parameters:    Size  Location     Type
  time_ms         2  [STACK] unsigned int 
 Auto vars:     Size  Location     Type
		None
 Return value:  Size  Location     Type
                  1  [STACK] void 
 Registers used:
		wreg, fsr0l, fsr0h, fsr1l, fsr1h, fsr2l, fsr2h, status,2, status,0, btemp, btemp+1, btemp+2, btemp+8, btemp+9, btemp+10, btemp+11, prodl, prodh
 Tracked objects:
		On entry : 
		On exit  : 
		Unchanged: 
 Data sizes:     COMRAM   BANK0   BANK1   BANK2   BANK3   BANK4   BANK5
      Params:         0       0       0       0       0       0       0
      Locals:         0       0       0       0       0       0       0
      Temps:          0       0       0       0       0       0       0
      Totals:         0       0       0       0       0       0       0
Total ram usage:        0 bytes
 Hardware stack levels used:    1
 Hardware stack levels required when called:    7
 This function calls:
		___wmul
		_dispatcher
 This function is called by:
		_aviao1
		_aviao2
		_tluzes
		_tluzesescreve
 This function uses a reentrant model


 *************** function _dispatcher *****************
 Defined at:
		line 34 in file "kernel.c"
 Parameters:    Size  Location     Type
  state           1  [STACK] enum E3007
 Auto vars:     Size  Location     Type
		None
 Return value:  Size  Location     Type
                  1  [STACK] void 
 Registers used:
		wreg, fsr1l, fsr1h, fsr2l, fsr2h, status,2, status,0, btemp, btemp+1, btemp+2, btemp+8, btemp+9, btemp+10, btemp+11, prodl, prodh
 Tracked objects:
		On entry : 
		On exit  : 
		Unchanged: 
 Data sizes:     COMRAM   BANK0   BANK1   BANK2   BANK3   BANK4   BANK5
      Params:         0       0       0       0       0       0       0
      Locals:         0       0       0       0       0       0       0
      Temps:          0       0       0       0       0       0       0
      Totals:         0       0       0       0       0       0       0
Total ram usage:        0 bytes
 Hardware stack levels used:    1
 Hardware stack levels required when called:    6
 This function calls:
		___wmul
		_rr_scheduler
 This function is called by:
		_delay
		_int_high
		_sem_wait
		_sem_post
		_write_pipe
		_read_pipe
 This function uses a reentrant model


 *************** function _rr_scheduler *****************
 Defined at:
		line 12 in file "scheduler.c"
 Parameters:    Size  Location     Type
		None
 Auto vars:     Size  Location     Type
  next_task_to    2  [STACK] unsigned int 
 Return value:  Size  Location     Type
                  2  [STACK] unsigned int 
 Registers used:
		wreg, fsr1l, fsr1h, fsr2l, fsr2h, status,2, status,0, btemp, btemp+1, btemp+2, btemp+10, btemp+11, prodl, prodh
 Tracked objects:
		On entry : 
		On exit  : 
		Unchanged: 
 Data sizes:     COMRAM   BANK0   BANK1   BANK2   BANK3   BANK4   BANK5
      Params:         0       0       0       0       0       0       0
      Locals:         0       0       0       0       0       0       0
      Temps:          0       0       0       0       0       0       0
      Totals:         0       0       0       0       0       0       0
Total ram usage:        0 bytes
 Hardware stack levels used:    1
 Hardware stack levels required when called:    5
 This function calls:
		___lwmod
		___wmul
 This function is called by:
		_dispatcher
 This function uses a reentrant model


 *************** function ___lwmod *****************
 Defined at:
		line 8 in file "/opt/microchip/xc8/v1.45/sources/common/lwmod.c"
 Parameters:    Size  Location     Type
  dividend        2  [STACK] unsigned int 
  divisor         2  [STACK] unsigned int 
 Auto vars:     Size  Location     Type
  counter         1  [STACK] unsigned char 
 Return value:  Size  Location     Type
                  2  [STACK] unsigned int 
 Registers used:
		wreg, fsr1l, fsr1h, status,2, status,0, btemp, btemp+1, btemp+2, btemp+10, btemp+11, prodl
 Tracked objects:
		On entry : 
		On exit  : 
		Unchanged: 
 Data sizes:     COMRAM   BANK0   BANK1   BANK2   BANK3   BANK4   BANK5
      Params:         0       0       0       0       0       0       0
      Locals:         0       0       0       0       0       0       0
      Temps:          0       0       0       0       0       0       0
      Totals:         0       0       0       0       0       0       0
Total ram usage:        0 bytes
 Hardware stack levels used:    1
 Hardware stack levels required when called:    4
 This function calls:
		Nothing
 This function is called by:
		_rr_scheduler
		_sem_post
		_write_pipe
		_read_pipe
 This function uses a reentrant model


 *************** function _aviao2 *****************
 Defined at:
		line 73 in file "tasks.c"
 Parameters:    Size  Location     Type
		None
 Auto vars:     Size  Location     Type
  tempo_v2        2  [STACK] unsigned int 
  tempo_p2        2  [STACK] unsigned int 
 Return value:  Size  Location     Type
                  1  [STACK] void 
 Registers used:
		wreg, fsr0l, fsr0h, fsr1l, fsr1h, fsr2l, fsr2h, status,2, status,0, btemp, btemp+1, btemp+2, btemp+8, btemp+9, btemp+10, btemp+11, prodl, prodh
 Tracked objects:
		On entry : 
		On exit  : 
		Unchanged: 
 Data sizes:     COMRAM   BANK0   BANK1   BANK2   BANK3   BANK4   BANK5
      Params:         0       0       0       0       0       0       0
      Locals:         0       0       0       0       0       0       0
      Temps:          0       0       0       0       0       0       0
      Totals:         0       0       0       0       0       0       0
Total ram usage:        0 bytes
 Hardware stack levels used:    1
 Hardware stack levels required when called:    8
 This function calls:
		_delay
		_sem_post
		_sem_wait
 This function is called by:
		_main
 This function uses a reentrant model


 *************** function _tluzesescreve *****************
 Defined at:
		line 192 in file "tasks.c"
 Parameters:    Size  Location     Type
		None
 Auto vars:     Size  Location     Type
		None
 Return value:  Size  Location     Type
                  1  [STACK] void 
 Registers used:
		wreg, fsr0l, fsr0h, fsr1l, fsr1h, fsr2l, fsr2h, status,2, status,0, btemp, btemp+1, btemp+2, btemp+8, btemp+9, btemp+10, btemp+11, prodl, prodh
 Tracked objects:
		On entry : 
		On exit  : 
		Unchanged: 
 Data sizes:     COMRAM   BANK0   BANK1   BANK2   BANK3   BANK4   BANK5
      Params:         0       0       0       0       0       0       0
      Locals:         0       0       0       0       0       0       0
      Temps:          0       0       0       0       0       0       0
      Totals:         0       0       0       0       0       0       0
Total ram usage:        0 bytes
 Hardware stack levels used:    1
 Hardware stack levels required when called:    8
 This function calls:
		_create_pipe
		_delay
		_write_pipe
 This function is called by:
		_main
 This function uses a reentrant model


 *************** function _write_pipe *****************
 Defined at:
		line 20 in file "pipe.c"
 Parameters:    Size  Location     Type
  pipe            2  [STACK] PTR struct pipe
		 -> pipeluzes(16), 
  data            1  [STACK] unsigned char 
 Auto vars:     Size  Location     Type
		None
 Return value:  Size  Location     Type
                  1  [STACK] void 
 Registers used:
		wreg, fsr1l, fsr1h, fsr2l, fsr2h, status,2, status,0, btemp, btemp+1, btemp+2, btemp+8, btemp+9, btemp+10, btemp+11, prodl, prodh
 Tracked objects:
		On entry : 
		On exit  : 
		Unchanged: 
 Data sizes:     COMRAM   BANK0   BANK1   BANK2   BANK3   BANK4   BANK5
      Params:         0       0       0       0       0       0       0
      Locals:         0       0       0       0       0       0       0
      Temps:          0       0       0       0       0       0       0
      Totals:         0       0       0       0       0       0       0
Total ram usage:        0 bytes
 Hardware stack levels used:    1
 Hardware stack levels required when called:    7
 This function calls:
		___lwmod
		___wmul
		_dispatcher
 This function is called by:
		_tluzesescreve
 This function uses a reentrant model


 *************** function _create_pipe *****************
 Defined at:
		line 9 in file "pipe.c"
 Parameters:    Size  Location     Type
  pipe            2  [STACK] PTR struct pipe
		 -> pipeluzes(16), 
 Auto vars:     Size  Location     Type
		None
 Return value:  Size  Location     Type
                  1  [STACK] void 
 Registers used:
		wreg, fsr1l, fsr1h, fsr2l, fsr2h, status,2, status,0, btemp+1, btemp+2
 Tracked objects:
		On entry : 
		On exit  : 
		Unchanged: 
 Data sizes:     COMRAM   BANK0   BANK1   BANK2   BANK3   BANK4   BANK5
      Params:         0       0       0       0       0       0       0
      Locals:         0       0       0       0       0       0       0
      Temps:          0       0       0       0       0       0       0
      Totals:         0       0       0       0       0       0       0
Total ram usage:        0 bytes
 Hardware stack levels used:    1
 Hardware stack levels required when called:    4
 This function calls:
		Nothing
 This function is called by:
		_tluzesescreve
 This function uses a reentrant model


 *************** function _tluzes *****************
 Defined at:
		line 164 in file "tasks.c"
 Parameters:    Size  Location     Type
		None
 Auto vars:     Size  Location     Type
  dado            1  [STACK] unsigned char 
 Return value:  Size  Location     Type
                  1  [STACK] void 
 Registers used:
		wreg, fsr0l, fsr0h, fsr1l, fsr1h, fsr2l, fsr2h, status,2, status,0, btemp, btemp+1, btemp+2, btemp+8, btemp+9, btemp+10, btemp+11, prodl, prodh
 Tracked objects:
		On entry : 
		On exit  : 
		Unchanged: 
 Data sizes:     COMRAM   BANK0   BANK1   BANK2   BANK3   BANK4   BANK5
      Params:         0       0       0       0       0       0       0
      Locals:         0       0       0       0       0       0       0
      Temps:          0       0       0       0       0       0       0
      Totals:         0       0       0       0       0       0       0
Total ram usage:        0 bytes
 Hardware stack levels used:    1
 Hardware stack levels required when called:    8
 This function calls:
		_SRAMalloc
		_SRAMfree
		_delay
		_read_pipe
 This function is called by:
		_main
 This function uses a reentrant model


 *************** function _read_pipe *****************
 Defined at:
		line 51 in file "pipe.c"
 Parameters:    Size  Location     Type
  pipe            2  [STACK] PTR struct pipe
		 -> pipeluzes(16), 
 Auto vars:     Size  Location     Type
  dado            1  [STACK] unsigned char 
 Return value:  Size  Location     Type
                  1  [STACK] unsigned char 
 Registers used:
		wreg, fsr1l, fsr1h, fsr2l, fsr2h, status,2, status,0, btemp, btemp+1, btemp+2, btemp+8, btemp+9, btemp+10, btemp+11, prodl, prodh
 Tracked objects:
		On entry : 
		On exit  : 
		Unchanged: 
 Data sizes:     COMRAM   BANK0   BANK1   BANK2   BANK3   BANK4   BANK5
      Params:         0       0       0       0       0       0       0
      Locals:         0       0       0       0       0       0       0
      Temps:          0       0       0       0       0       0       0
      Totals:         0       0       0       0       0       0       0
Total ram usage:        0 bytes
 Hardware stack levels used:    1
 Hardware stack levels required when called:    7
 This function calls:
		___lwmod
		___wmul
		_dispatcher
 This function is called by:
		_tluzes
 This function uses a reentrant model


 *************** function _SRAMfree *****************
 Defined at:
		line 277 in file "memory.c"
 Parameters:    Size  Location     Type
  pSRAM           2  [STACK] near PTR unsigned char 
		 -> RAM(1535), 
 Auto vars:     Size  Location     Type
		None
 Return value:  Size  Location     Type
                  1  [STACK] void 
 Registers used:
		wreg, fsr1l, fsr1h, fsr2l, fsr2h, status,2, status,0, btemp+1, btemp+2
 Tracked objects:
		On entry : 
		On exit  : 
		Unchanged: 
 Data sizes:     COMRAM   BANK0   BANK1   BANK2   BANK3   BANK4   BANK5
      Params:         0       0       0       0       0       0       0
      Locals:         0       0       0       0       0       0       0
      Temps:          0       0       0       0       0       0       0
      Totals:         0       0       0       0       0       0       0
Total ram usage:        0 bytes
 Hardware stack levels used:    1
 Hardware stack levels required when called:    4
 This function calls:
		Nothing
 This function is called by:
		_tluzes
 This function uses a reentrant model


 *************** function _SRAMalloc *****************
 Defined at:
		line 181 in file "memory.c"
 Parameters:    Size  Location     Type
  nBytes          1  [STACK] near unsigned char 
 Auto vars:     Size  Location     Type
  pHeap           2  [STACK] near PTR struct _SALLOC
		 -> _uDynamicHeap(512), 
  temp            2  [STACK] near PTR struct _SALLOC
		 -> _uDynamicHeap(512), 
  segHeader       1  [STACK] struct _SALLOC
  segLen          1  [STACK] unsigned char 
 Return value:  Size  Location     Type
                  2  [STACK] PTR unsigned char 
 Registers used:
		wreg, fsr1l, fsr1h, fsr2l, fsr2h, status,2, status,0, btemp, btemp+1, btemp+2, btemp+10, btemp+11, prodl, prodh
 Tracked objects:
		On entry : 
		On exit  : 
		Unchanged: 
 Data sizes:     COMRAM   BANK0   BANK1   BANK2   BANK3   BANK4   BANK5
      Params:         0       0       0       0       0       0       0
      Locals:         0       0       0       0       0       0       0
      Temps:          0       0       0       0       0       0       0
      Totals:         0       0       0       0       0       0       0
Total ram usage:        0 bytes
 Hardware stack levels used:    1
 Hardware stack levels required when called:    5
 This function calls:
		__SRAMmerge
 This function is called by:
		_tluzes
 This function uses a reentrant model


 *************** function __SRAMmerge *****************
 Defined at:
		line 349 in file "memory.c"
 Parameters:    Size  Location     Type
  pSegA           2  [STACK] near PTR struct _SALLOC
		 -> _uDynamicHeap(512), 
 Auto vars:     Size  Location     Type
  pSegB           2  [STACK] near PTR struct _SALLOC
		 -> _uDynamicHeap(512), 
  uSegB           1  [STACK] struct _SALLOC
  uSegA           1  [STACK] struct _SALLOC
  uSum            1  [STACK] struct _SALLOC
 Return value:  Size  Location     Type
                  1  [STACK] unsigned char 
 Registers used:
		wreg, fsr1l, fsr1h, fsr2l, fsr2h, status,2, status,0, btemp, btemp+1, btemp+2, btemp+10, btemp+11, prodl, prodh
 Tracked objects:
		On entry : 
		On exit  : 
		Unchanged: 
 Data sizes:     COMRAM   BANK0   BANK1   BANK2   BANK3   BANK4   BANK5
      Params:         0       0       0       0       0       0       0
      Locals:         0       0       0       0       0       0       0
      Temps:          0       0       0       0       0       0       0
      Totals:         0       0       0       0       0       0       0
Total ram usage:        0 bytes
 Hardware stack levels used:    1
 Hardware stack levels required when called:    4
 This function calls:
		Nothing
 This function is called by:
		_SRAMalloc
 This function uses a reentrant model


 *************** function _task_idle *****************
 Defined at:
		line 69 in file "kernel.c"
 Parameters:    Size  Location     Type
		None
 Auto vars:     Size  Location     Type
		None
 Return value:  Size  Location     Type
                  1  [STACK] void 
 Registers used:
		wreg, status,2, status,0, btemp+11
 Tracked objects:
		On entry : 
		On exit  : 
		Unchanged: 
 Data sizes:     COMRAM   BANK0   BANK1   BANK2   BANK3   BANK4   BANK5
      Params:         0       0       0       0       0       0       0
      Locals:         0       0       0       0       0       0       0
      Temps:          0       0       0       0       0       0       0
      Totals:         0       0       0       0       0       0       0
Total ram usage:        0 bytes
 Hardware stack levels used:    1
 Hardware stack levels required when called:    4
 This function calls:
		Nothing
 This function is called by:
		_setupOS
 This function uses a reentrant model


 *************** function _int_high *****************
 Defined at:
		line 103 in file "kernel.c"
 Parameters:    Size  Location     Type
		None
 Auto vars:     Size  Location     Type
  i               2   15[COMRAM] unsigned int 
 Return value:  Size  Location     Type
                  1    wreg      void 
 Registers used:
		wreg, fsr1l, fsr1h, fsr2l, fsr2h, status,2, status,0, btemp, btemp+1, btemp+2, btemp+8, btemp+9, btemp+10, btemp+11, prodl, prodh
 Tracked objects:
		On entry : 
		On exit  : 
		Unchanged: 
 Data sizes:     COMRAM   BANK0   BANK1   BANK2   BANK3   BANK4   BANK5
      Params:         0       0       0       0       0       0       0
      Locals:         2       0       0       0       0       0       0
      Temps:         15       0       0       0       0       0       0
      Totals:        17       0       0       0       0       0       0
Total ram usage:       17 bytes
 Hardware stack levels used:    1
 Hardware stack levels required when called:    3
 This function calls:
		___wmul
		_dispatcher
 This function is called by:
		Interrupt level 2
 This function uses a non-reentrant model



MODULE INFORMATION

Module		Function		Class		Link	Load	Size
semaphore.c
		_sem_wait      		CODE           	0EDC	0000	209
		_sem_init      		CODE           	1508	0000	63
		_sem_post      		CODE           	0CDE	0000	301

semaphore.c estimated size: 573

/opt/microchip/xc8/v1.45/sources/common/lwmod.c
		___lwmod       		CODE           	1076	0000	189

/opt/microchip/xc8/v1.45/sources/common/lwmod.c estimated size: 189

tasks.c
		_tluzes        		CODE           	1434	0000	79
		_aviao1        		CODE           	0E0A	0000	211
		_tluzesescreve 		CODE           	157C	0000	43
		_aviao2        		CODE           	0FAC	0000	203

tasks.c estimated size: 536

kernel.c
		_setupOS       		CODE           	1546	0000	55
		_delay         		CODE           	1482	0000	73
		_create_task   		CODE           	1380	0000	91
		_int_high      		CODE           	0008	0000	369
		_dispatcher    		CODE           	0014	0000	1343
		_start_os      		CODE           	15E6	0000	5
		_task_idle     		CODE           	15C6	0000	33

kernel.c estimated size: 1969

shared
		__initialization		CODE           	14CA	0000	57

shared estimated size: 57

pipe.c
		_read_pipe     		CODE           	06F4	0000	411
		_create_pipe   		CODE           	1132	0000	167
		_write_pipe    		CODE           	088E	0000	403

pipe.c estimated size: 981

scheduler.c
		_rr_scheduler  		CODE           	12FC	0000	133

scheduler.c estimated size: 133

main.c
		_main          		CODE           	126E	0000	143

main.c estimated size: 143

/opt/microchip/xc8/v1.45/sources/common/Umul16.c
		___wmul        		CODE           	11D8	0000	151

/opt/microchip/xc8/v1.45/sources/common/Umul16.c estimated size: 151

memory.c
		__SRAMmerge    		CODE           	0B8C	0000	339
		_SRAMalloc     		CODE           	0552	0000	419
		_SRAMfree      		CODE           	15A6	0000	33
		_SRAMInitHeap  		CODE           	13DA	0000	91

memory.c estimated size: 882

